Archive member included to satisfy reference by file (symbol)

c:/program files (x86)/gnu tools arm embedded/6 2017-q2-update/bin/../lib/gcc/arm-none-eabi/6.3.1/../../../../arm-none-eabi/lib/thumb/v7e-m/fpv4-sp/hard\libc_nano.a(lib_a-exit.o)
                              c:/program files (x86)/gnu tools arm embedded/6 2017-q2-update/bin/../lib/gcc/arm-none-eabi/6.3.1/../../../../arm-none-eabi/lib/thumb/v7e-m/fpv4-sp/hard/crt0.o (exit)
c:/program files (x86)/gnu tools arm embedded/6 2017-q2-update/bin/../lib/gcc/arm-none-eabi/6.3.1/../../../../arm-none-eabi/lib/thumb/v7e-m/fpv4-sp/hard\libc_nano.a(lib_a-impure.o)
                              c:/program files (x86)/gnu tools arm embedded/6 2017-q2-update/bin/../lib/gcc/arm-none-eabi/6.3.1/../../../../arm-none-eabi/lib/thumb/v7e-m/fpv4-sp/hard\libc_nano.a(lib_a-exit.o) (_global_impure_ptr)
c:/program files (x86)/gnu tools arm embedded/6 2017-q2-update/bin/../lib/gcc/arm-none-eabi/6.3.1/../../../../arm-none-eabi/lib/thumb/v7e-m/fpv4-sp/hard\libc_nano.a(lib_a-init.o)
                              c:/program files (x86)/gnu tools arm embedded/6 2017-q2-update/bin/../lib/gcc/arm-none-eabi/6.3.1/../../../../arm-none-eabi/lib/thumb/v7e-m/fpv4-sp/hard/crt0.o (__libc_init_array)
c:/program files (x86)/gnu tools arm embedded/6 2017-q2-update/bin/../lib/gcc/arm-none-eabi/6.3.1/../../../../arm-none-eabi/lib/thumb/v7e-m/fpv4-sp/hard\libc_nano.a(lib_a-memset.o)
                              c:/program files (x86)/gnu tools arm embedded/6 2017-q2-update/bin/../lib/gcc/arm-none-eabi/6.3.1/../../../../arm-none-eabi/lib/thumb/v7e-m/fpv4-sp/hard/crt0.o (memset)
c:/program files (x86)/gnu tools arm embedded/6 2017-q2-update/bin/../lib/gcc/arm-none-eabi/6.3.1/../../../../arm-none-eabi/lib/thumb/v7e-m/fpv4-sp/hard\libnosys.a(_exit.o)
                              c:/program files (x86)/gnu tools arm embedded/6 2017-q2-update/bin/../lib/gcc/arm-none-eabi/6.3.1/../../../../arm-none-eabi/lib/thumb/v7e-m/fpv4-sp/hard\libc_nano.a(lib_a-exit.o) (_exit)

Allocating common symbols
Common symbol       size              file

nrf_nvic_state      0xc               _build/nrf52832_xxaa/app_util_platform.c.o

Discarded input sections

 .text          0x00000000        0x0 c:/program files (x86)/gnu tools arm embedded/6 2017-q2-update/bin/../lib/gcc/arm-none-eabi/6.3.1/thumb/v7e-m/fpv4-sp/hard/crti.o
 .data          0x00000000        0x0 c:/program files (x86)/gnu tools arm embedded/6 2017-q2-update/bin/../lib/gcc/arm-none-eabi/6.3.1/thumb/v7e-m/fpv4-sp/hard/crti.o
 .bss           0x00000000        0x0 c:/program files (x86)/gnu tools arm embedded/6 2017-q2-update/bin/../lib/gcc/arm-none-eabi/6.3.1/thumb/v7e-m/fpv4-sp/hard/crti.o
 .data          0x00000000        0x4 c:/program files (x86)/gnu tools arm embedded/6 2017-q2-update/bin/../lib/gcc/arm-none-eabi/6.3.1/thumb/v7e-m/fpv4-sp/hard/crtbegin.o
 .data          0x00000000        0x0 c:/program files (x86)/gnu tools arm embedded/6 2017-q2-update/bin/../lib/gcc/arm-none-eabi/6.3.1/../../../../arm-none-eabi/lib/thumb/v7e-m/fpv4-sp/hard/crt0.o
 .bss           0x00000000        0x0 c:/program files (x86)/gnu tools arm embedded/6 2017-q2-update/bin/../lib/gcc/arm-none-eabi/6.3.1/../../../../arm-none-eabi/lib/thumb/v7e-m/fpv4-sp/hard/crt0.o
 .ARM.extab     0x00000000        0x0 c:/program files (x86)/gnu tools arm embedded/6 2017-q2-update/bin/../lib/gcc/arm-none-eabi/6.3.1/../../../../arm-none-eabi/lib/thumb/v7e-m/fpv4-sp/hard/crt0.o
 .data          0x00000000        0x0 _build/nrf52832_xxaa/gcc_startup_nrf52.S.o
 .bss           0x00000000        0x0 _build/nrf52832_xxaa/gcc_startup_nrf52.S.o
 .group         0x00000000        0x8 _build/nrf52832_xxaa/system_nrf52.c.o
 .group         0x00000000        0x8 _build/nrf52832_xxaa/system_nrf52.c.o
 .group         0x00000000        0x8 _build/nrf52832_xxaa/system_nrf52.c.o
 .group         0x00000000        0x8 _build/nrf52832_xxaa/system_nrf52.c.o
 .group         0x00000000        0x8 _build/nrf52832_xxaa/system_nrf52.c.o
 .group         0x00000000        0x8 _build/nrf52832_xxaa/system_nrf52.c.o
 .group         0x00000000        0x8 _build/nrf52832_xxaa/system_nrf52.c.o
 .group         0x00000000        0x8 _build/nrf52832_xxaa/system_nrf52.c.o
 .group         0x00000000        0x8 _build/nrf52832_xxaa/system_nrf52.c.o
 .group         0x00000000        0x8 _build/nrf52832_xxaa/system_nrf52.c.o
 .group         0x00000000        0x8 _build/nrf52832_xxaa/system_nrf52.c.o
 .group         0x00000000        0x8 _build/nrf52832_xxaa/system_nrf52.c.o
 .group         0x00000000        0x8 _build/nrf52832_xxaa/system_nrf52.c.o
 .group         0x00000000        0x8 _build/nrf52832_xxaa/system_nrf52.c.o
 .group         0x00000000        0x8 _build/nrf52832_xxaa/system_nrf52.c.o
 .group         0x00000000        0x8 _build/nrf52832_xxaa/system_nrf52.c.o
 .group         0x00000000        0x8 _build/nrf52832_xxaa/system_nrf52.c.o
 .group         0x00000000        0x8 _build/nrf52832_xxaa/system_nrf52.c.o
[...]
Memory Configuration

Name             Origin             Length             Attributes
FLASH            0x00023000         0x0005d000         xr
RAM              0x20005668         0x0000a998         xrw
*default*        0x00000000         0xffffffff

Linker script and memory map


.text           0x00023000      0x968
 *(.isr_vector)
 .isr_vector    0x00023000      0x200 _build/nrf52832_xxaa/gcc_startup_nrf52.S.o
                0x00023000                __isr_vector
 *(.text*)
 .text          0x00023200       0x6c c:/program files (x86)/gnu tools arm embedded/6 2017-q2-update/bin/../lib/gcc/arm-none-eabi/6.3.1/thumb/v7e-m/fpv4-sp/hard/crtbegin.o
 .text          0x0002326c       0x74 c:/program files (x86)/gnu tools arm embedded/6 2017-q2-update/bin/../lib/gcc/arm-none-eabi/6.3.1/../../../../arm-none-eabi/lib/thumb/v7e-m/fpv4-sp/hard/crt0.o
                0x0002326c                _start
                0x0002326c                _mainCRTStartup
 .text          0x000232e0       0x3c _build/nrf52832_xxaa/gcc_startup_nrf52.S.o
                0x000232e0                Reset_Handler
                0x00023308                NMI_Handler
                0x0002330a                HardFault_Handler
                0x0002330c                MemoryManagement_Handler
                0x0002330e                BusFault_Handler
                0x00023310                UsageFault_Handler
                0x00023312                SVC_Handler
                0x00023314                DebugMon_Handler
                0x00023316                PendSV_Handler
                0x00023318                SysTick_Handler
                0x0002331a                POWER_CLOCK_IRQHandler
                0x0002331a                RADIO_IRQHandler
                0x0002331a                PDM_IRQHandler
                0x0002331a                TEMP_IRQHandler
                0x0002331a                QDEC_IRQHandler
                0x0002331a                TIMER3_IRQHandler
                0x0002331a                FPU_IRQHandler
                0x0002331a                SPIM0_SPIS0_TWIM0_TWIS0_SPI0_TWI0_IRQHandler
                0x0002331a                SWI0_EGU0_IRQHandler
                0x0002331a                UARTE0_UART0_IRQHandler
                0x0002331a                TIMER4_IRQHandler
                0x0002331a                I2S_IRQHandler
                0x0002331a                RTC0_IRQHandler
                0x0002331a                TIMER0_IRQHandler
                0x0002331a                PWM1_IRQHandler
                0x0002331a                TIMER1_IRQHandler
                0x0002331a                PWM2_IRQHandler
                0x0002331a                ECB_IRQHandler
                0x0002331a                SPIM1_SPIS1_TWIM1_TWIS1_SPI1_TWI1_IRQHandler
                0x0002331a                Default_Handler
                0x0002331a                SAADC_IRQHandler
                0x0002331a                CCM_AAR_IRQHandler
                0x0002331a                WDT_IRQHandler
                0x0002331a                GPIOTE_IRQHandler
                0x0002331a                SWI5_EGU5_IRQHandler
                0x0002331a                RNG_IRQHandler
                0x0002331a                RTC2_IRQHandler
                0x0002331a                PWM0_IRQHandler
                0x0002331a                SWI3_EGU3_IRQHandler
                0x0002331a                RTC1_IRQHandler
                0x0002331a                SWI1_EGU1_IRQHandler
                0x0002331a                SPIM2_SPIS2_SPI2_IRQHandler
                0x0002331a                NFCT_IRQHandler
                0x0002331a                SWI4_EGU4_IRQHandler
                0x0002331a                MWU_IRQHandler
                0x0002331a                TIMER2_IRQHandler
                0x0002331a                COMP_LPCOMP_IRQHandler
 .text.SystemInit
                0x0002331c      0x390 _build/nrf52832_xxaa/system_nrf52.c.o
                0x0002331c                SystemInit
 .text.startup.main
                0x000236ac       0xa4 _build/nrf52832_xxaa/main.c.o
                0x000236ac                main
 .text.bsp_board_led_invert
                0x00023750       0x24 _build/nrf52832_xxaa/boards.c.o
                0x00023750                bsp_board_led_invert
 .text.bsp_board_leds_init
                0x00023774       0x3c _build/nrf52832_xxaa/boards.c.o
                0x00023774                bsp_board_leds_init
 .text.app_error_handler_bare
                0x000237b0       0x20 _build/nrf52832_xxaa/app_error.c.o
                0x000237b0                app_error_handler_bare
 .text.app_error_fault_handler
                0x000237d0       0x30 _build/nrf52832_xxaa/app_error_weak.c.o
                0x000237d0                app_error_fault_handler
 .text.nrf_section_iter_init
                0x00023800       0x14 _build/nrf52832_xxaa/nrf_section_iter.c.o
                0x00023800                nrf_section_iter_init
 .text.nrf_section_iter_next
                0x00023814       0x18 _build/nrf52832_xxaa/nrf_section_iter.c.o
                0x00023814                nrf_section_iter_next
 .text.SWI2_EGU2_IRQHandler
                0x0002382c       0x2c _build/nrf52832_xxaa/nrf_sdh.c.o
                0x0002382c                SWI2_EGU2_IRQHandler
 .text.sd_evt_get
                0x00023858        0x4 _build/nrf52832_xxaa/nrf_sdh_soc.c.o
 .text.nrf_sdh_soc_evts_poll
                0x0002385c       0x4c _build/nrf52832_xxaa/nrf_sdh_soc.c.o
 .text.exit     0x000238a8       0x28 c:/program files (x86)/gnu tools arm embedded/6 2017-q2-update/bin/../lib/gcc/arm-none-eabi/6.3.1/../../../../arm-none-eabi/lib/thumb/v7e-m/fpv4-sp/hard\libc_nano.a(lib_a-exit.o)
                0x000238a8                exit
 .text.__libc_init_array
                0x000238d0       0x48 c:/program files (x86)/gnu tools arm embedded/6 2017-q2-update/bin/../lib/gcc/arm-none-eabi/6.3.1/../../../../arm-none-eabi/lib/thumb/v7e-m/fpv4-sp/hard\libc_nano.a(lib_a-init.o)
                0x000238d0                __libc_init_array
 .text.memset   0x00023918       0x10 c:/program files (x86)/gnu tools arm embedded/6 2017-q2-update/bin/../lib/gcc/arm-none-eabi/6.3.1/../../../../arm-none-eabi/lib/thumb/v7e-m/fpv4-sp/hard\libc_nano.a(lib_a-memset.o)
                0x00023918                memset
 .text._exit    0x00023928        0x4 c:/program files (x86)/gnu tools arm embedded/6 2017-q2-update/bin/../lib/gcc/arm-none-eabi/6.3.1/../../../../arm-none-eabi/lib/thumb/v7e-m/fpv4-sp/hard\libnosys.a(_exit.o)
                0x00023928                _exit
 *(.init)
 .init          0x0002392c        0x4 c:/program files (x86)/gnu tools arm embedded/6 2017-q2-update/bin/../lib/gcc/arm-none-eabi/6.3.1/thumb/v7e-m/fpv4-sp/hard/crti.o
                0x0002392c                _init
 .init          0x00023930        0x8 c:/program files (x86)/gnu tools arm embedded/6 2017-q2-update/bin/../lib/gcc/arm-none-eabi/6.3.1/thumb/v7e-m/fpv4-sp/hard/crtn.o
 *(.fini)
 .fini          0x00023938        0x4 c:/program files (x86)/gnu tools arm embedded/6 2017-q2-update/bin/../lib/gcc/arm-none-eabi/6.3.1/thumb/v7e-m/fpv4-sp/hard/crti.o
                0x00023938                _fini
 .fini          0x0002393c        0x8 c:/program files (x86)/gnu tools arm embedded/6 2017-q2-update/bin/../lib/gcc/arm-none-eabi/6.3.1/thumb/v7e-m/fpv4-sp/hard/crtn.o
 *crtbegin.o(.ctors)
 *crtbegin?.o(.ctors)
 *(EXCLUDE_FILE(*crtend.o *crtend?.o) .ctors)
 *(SORT(.ctors.*))
 *(.ctors)
 *crtbegin.o(.dtors)
 *crtbegin?.o(.dtors)
 *(EXCLUDE_FILE(*crtend.o *crtend?.o) .dtors)
 *(SORT(.dtors.*))
 *(.dtors)
 *(.rodata*)
 .rodata.m_board_led_list
                0x00023944        0x4 _build/nrf52832_xxaa/boards.c.o
 .rodata.sdh_stack_observers
                0x00023948        0xc _build/nrf52832_xxaa/nrf_sdh.c.o
 .rodata.sdh_soc_observers
                0x00023954        0xc _build/nrf52832_xxaa/nrf_sdh_soc.c.o
 .rodata._global_impure_ptr
                0x00023960        0x4 c:/program files (x86)/gnu tools arm embedded/6 2017-q2-update/bin/../lib/gcc/arm-none-eabi/6.3.1/../../../../arm-none-eabi/lib/thumb/v7e-m/fpv4-sp/hard\libc_nano.a(lib_a-impure.o)
                0x00023960                _global_impure_ptr
 *(.eh_frame*)
 .eh_frame      0x00023964        0x0 c:/program files (x86)/gnu tools arm embedded/6 2017-q2-update/bin/../lib/gcc/arm-none-eabi/6.3.1/thumb/v7e-m/fpv4-sp/hard/crtbegin.o
 .eh_frame      0x00023964        0x4 c:/program files (x86)/gnu tools arm embedded/6 2017-q2-update/bin/../lib/gcc/arm-none-eabi/6.3.1/thumb/v7e-m/fpv4-sp/hard/crtend.o

.glue_7         0x00023968        0x0
 .glue_7        0x00023968        0x0 linker stubs

.glue_7t        0x00023968        0x0
 .glue_7t       0x00023968        0x0 linker stubs

.vfp11_veneer   0x00023968        0x0
 .vfp11_veneer  0x00023968        0x0 linker stubs

.v4_bx          0x00023968        0x0
 .v4_bx         0x00023968        0x0 linker stubs

.iplt           0x00023968        0x0
 .iplt          0x00023968        0x0 c:/program files (x86)/gnu tools arm embedded/6 2017-q2-update/bin/../lib/gcc/arm-none-eabi/6.3.1/thumb/v7e-m/fpv4-sp/hard/crtbegin.o

.mem_section_dummy_rom

.sdh_soc_observers
                0x00023968        0x0
                0x00023968                PROVIDE (__start_sdh_soc_observers, .)
 *(SORT(.sdh_soc_observers*))
                0x00023968                PROVIDE (__stop_sdh_soc_observers, .)

.log_const_data
                0x00023968        0x0
                [!provide]                PROVIDE (__start_log_const_data, .)
 *(.log_const_data)
                [!provide]                PROVIDE (__stop_log_const_data, .)

.sdh_state_observers
                0x00023968        0x0
                0x00023968                PROVIDE (__start_sdh_state_observers, .)
 *(SORT(.sdh_state_observers*))
                0x00023968                PROVIDE (__stop_sdh_state_observers, .)

.sdh_stack_observers
                0x00023968        0x8
                0x00023968                PROVIDE (__start_sdh_stack_observers, .)
 *(SORT(.sdh_stack_observers*))
 .sdh_stack_observers0
                0x00023968        0x8 _build/nrf52832_xxaa/nrf_sdh_soc.c.o
                0x00023970                PROVIDE (__stop_sdh_stack_observers, .)

.sdh_req_observers
                0x00023970        0x0
                0x00023970                PROVIDE (__start_sdh_req_observers, .)
 *(SORT(.sdh_req_observers*))
                0x00023970                PROVIDE (__stop_sdh_req_observers, .)

.ARM.extab
 *(.ARM.extab* .gnu.linkonce.armextab.*)
                0x00023970                __exidx_start = .

.ARM.exidx      0x00023970        0x8
 *(.ARM.exidx* .gnu.linkonce.armexidx.*)
 .ARM.exidx     0x00023970        0x8 c:/program files (x86)/gnu tools arm embedded/6 2017-q2-update/bin/../lib/gcc/arm-none-eabi/6.3.1/../../../../arm-none-eabi/lib/thumb/v7e-m/fpv4-sp/hard/crt0.o
                0x00023978                __exidx_end = .
                0x00023978                __etext = .

.rel.dyn        0x00023978        0x0
 .rel.iplt      0x00023978        0x0 c:/program files (x86)/gnu tools arm embedded/6 2017-q2-update/bin/../lib/gcc/arm-none-eabi/6.3.1/thumb/v7e-m/fpv4-sp/hard/crtbegin.o

.data           0x20005668       0x70 load address 0x00023978
                0x20005668                __data_start__ = .
 *(vtable)
 *(.data*)
 .data.SystemCoreClock
                0x20005668        0x4 _build/nrf52832_xxaa/system_nrf52.c.o
                0x20005668                SystemCoreClock
 .data.impure_data
                0x2000566c       0x60 c:/program files (x86)/gnu tools arm embedded/6 2017-q2-update/bin/../lib/gcc/arm-none-eabi/6.3.1/../../../../arm-none-eabi/lib/thumb/v7e-m/fpv4-sp/hard\libc_nano.a(lib_a-impure.o)
                0x200056cc                . = ALIGN (0x4)
                0x200056cc                PROVIDE (__preinit_array_start, .)
 *(.preinit_array)
                0x200056cc                PROVIDE (__preinit_array_end, .)
                0x200056cc                . = ALIGN (0x4)
                0x200056cc                PROVIDE (__init_array_start, .)
 *(SORT(.init_array.*))
 *(.init_array)
 .init_array    0x200056cc        0x4 c:/program files (x86)/gnu tools arm embedded/6 2017-q2-update/bin/../lib/gcc/arm-none-eabi/6.3.1/thumb/v7e-m/fpv4-sp/hard/crtbegin.o
                0x200056d0                PROVIDE (__init_array_end, .)
                0x200056d0                . = ALIGN (0x4)
                [!provide]                PROVIDE (__fini_array_start, .)
 *(SORT(.fini_array.*))
 *(.fini_array)
 .fini_array    0x200056d0        0x4 c:/program files (x86)/gnu tools arm embedded/6 2017-q2-update/bin/../lib/gcc/arm-none-eabi/6.3.1/thumb/v7e-m/fpv4-sp/hard/crtbegin.o
                [!provide]                PROVIDE (__fini_array_end, .)
 *(.jcr*)
 .jcr           0x200056d4        0x0 c:/program files (x86)/gnu tools arm embedded/6 2017-q2-update/bin/../lib/gcc/arm-none-eabi/6.3.1/thumb/v7e-m/fpv4-sp/hard/crtbegin.o
 .jcr           0x200056d4        0x4 c:/program files (x86)/gnu tools arm embedded/6 2017-q2-update/bin/../lib/gcc/arm-none-eabi/6.3.1/thumb/v7e-m/fpv4-sp/hard/crtend.o
                0x200056d8                . = ALIGN (0x4)
                0x200056d8                __data_end__ = .
LOAD c:/program files (x86)/gnu tools arm embedded/6 2017-q2-update/bin/../lib/gcc/arm-none-eabi/6.3.1/thumb/v7e-m/fpv4-sp/hard/crti.o
LOAD c:/program files (x86)/gnu tools arm embedded/6 2017-q2-update/bin/../lib/gcc/arm-none-eabi/6.3.1/thumb/v7e-m/fpv4-sp/hard/crtbegin.o
LOAD c:/program files (x86)/gnu tools arm embedded/6 2017-q2-update/bin/../lib/gcc/arm-none-eabi/6.3.1/../../../../arm-none-eabi/lib/thumb/v7e-m/fpv4-sp/hard/crt0.o
LOAD _build/nrf52832_xxaa/gcc_startup_nrf52.S.o
LOAD _build/nrf52832_xxaa/system_nrf52.c.o
LOAD _build/nrf52832_xxaa/main.c.o
LOAD _build/nrf52832_xxaa/boards.c.o
LOAD _build/nrf52832_xxaa/app_error.c.o
LOAD _build/nrf52832_xxaa/app_error_weak.c.o
LOAD _build/nrf52832_xxaa/app_util_platform.c.o
LOAD _build/nrf52832_xxaa/nrf_assert.c.o
LOAD _build/nrf52832_xxaa/nrf_section_iter.c.o
LOAD _build/nrf52832_xxaa/nrf_strerror.c.o
LOAD _build/nrf52832_xxaa/nrf_sdh.c.o
LOAD _build/nrf52832_xxaa/nrf_sdh_soc.c.o
LOAD c:/program files (x86)/gnu tools arm embedded/6 2017-q2-update/bin/../lib/gcc/arm-none-eabi/6.3.1/../../../../arm-none-eabi/lib/thumb/v7e-m/fpv4-sp/hard\libc_nano.a
LOAD c:/program files (x86)/gnu tools arm embedded/6 2017-q2-update/bin/../lib/gcc/arm-none-eabi/6.3.1/../../../../arm-none-eabi/lib/thumb/v7e-m/fpv4-sp/hard\libnosys.a
LOAD c:/program files (x86)/gnu tools arm embedded/6 2017-q2-update/bin/../lib/gcc/arm-none-eabi/6.3.1/../../../../arm-none-eabi/lib/thumb/v7e-m/fpv4-sp/hard\libm.a
START GROUP
LOAD c:/program files (x86)/gnu tools arm embedded/6 2017-q2-update/bin/../lib/gcc/arm-none-eabi/6.3.1/thumb/v7e-m/fpv4-sp/hard\libgcc.a
LOAD c:/program files (x86)/gnu tools arm embedded/6 2017-q2-update/bin/../lib/gcc/arm-none-eabi/6.3.1/../../../../arm-none-eabi/lib/thumb/v7e-m/fpv4-sp/hard\libg_nano.a
LOAD c:/program files (x86)/gnu tools arm embedded/6 2017-q2-update/bin/../lib/gcc/arm-none-eabi/6.3.1/../../../../arm-none-eabi/lib/thumb/v7e-m/fpv4-sp/hard\libc_nano.a
END GROUP
START GROUP
LOAD c:/program files (x86)/gnu tools arm embedded/6 2017-q2-update/bin/../lib/gcc/arm-none-eabi/6.3.1/thumb/v7e-m/fpv4-sp/hard\libgcc.a
LOAD c:/program files (x86)/gnu tools arm embedded/6 2017-q2-update/bin/../lib/gcc/arm-none-eabi/6.3.1/../../../../arm-none-eabi/lib/thumb/v7e-m/fpv4-sp/hard\libc_nano.a
END GROUP
LOAD c:/program files (x86)/gnu tools arm embedded/6 2017-q2-update/bin/../lib/gcc/arm-none-eabi/6.3.1/thumb/v7e-m/fpv4-sp/hard/crtend.o
LOAD c:/program files (x86)/gnu tools arm embedded/6 2017-q2-update/bin/../lib/gcc/arm-none-eabi/6.3.1/thumb/v7e-m/fpv4-sp/hard/crtn.o
START GROUP
LOAD c:/program files (x86)/gnu tools arm embedded/6 2017-q2-update/bin/../lib/gcc/arm-none-eabi/6.3.1/thumb/v7e-m/fpv4-sp/hard\libgcc.a
LOAD c:/program files (x86)/gnu tools arm embedded/6 2017-q2-update/bin/../lib/gcc/arm-none-eabi/6.3.1/../../../../arm-none-eabi/lib/thumb/v7e-m/fpv4-sp/hard\libc.a
LOAD c:/program files (x86)/gnu tools arm embedded/6 2017-q2-update/bin/../lib/gcc/arm-none-eabi/6.3.1/../../../../arm-none-eabi/lib/thumb/v7e-m/fpv4-sp/hard\libnosys.a
END GROUP

.igot.plt       0x200056d8        0x0 load address 0x000239e8
 .igot.plt      0x200056d8        0x0 c:/program files (x86)/gnu tools arm embedded/6 2017-q2-update/bin/../lib/gcc/arm-none-eabi/6.3.1/thumb/v7e-m/fpv4-sp/hard/crtbegin.o
                0x200056d8                . = ALIGN (0x4)

.mem_section_dummy_ram

.log_dynamic_data
                0x200056d8        0x0
                [!provide]                PROVIDE (__start_log_dynamic_data, .)
 *(.log_dynamic_data)
                [!provide]                PROVIDE (__stop_log_dynamic_data, .)

.bss            0x200056d8       0x1c load address 0x000239e8
                0x200056d8                . = ALIGN (0x4)
                0x200056d8                __bss_start__ = .
 *(.bss*)
 .bss           0x200056d8       0x1c c:/program files (x86)/gnu tools arm embedded/6 2017-q2-update/bin/../lib/gcc/arm-none-eabi/6.3.1/thumb/v7e-m/fpv4-sp/hard/crtbegin.o
 *(COMMON)
                0x200056f4                . = ALIGN (0x4)
                0x200056f4                __bss_end__ = .

.heap           0x200056f8     0x2000
                0x200056f8                __HeapBase = .
                0x200056f8                __end__ = .
                [!provide]                PROVIDE (end, .)
 *(.heap*)
 .heap          0x200056f8     0x2000 _build/nrf52832_xxaa/gcc_startup_nrf52.S.o
                0x200076f8                __HeapLimit = .

.stack_dummy    0x200056f8     0x2000
 *(.stack*)
 .stack         0x200056f8     0x2000 _build/nrf52832_xxaa/gcc_startup_nrf52.S.o
                0x20010000                __StackTop = (ORIGIN (RAM) + LENGTH (RAM))
                0x2000e000                __StackLimit = (__StackTop - SIZEOF (.stack_dummy))
                0x20010000                PROVIDE (__stack, __StackTop)
                0x00000001                ASSERT ((__StackLimit >= __HeapLimit), region RAM overflowed with stack)
                0x00000070                DataInitFlashUsed = (__bss_start__ - __data_start__)
                0x00000978                CodeFlashUsed = (__etext - ORIGIN (FLASH))
                0x000009e8                TotalFlashUsed = (CodeFlashUsed + DataInitFlashUsed)
                0x00000001                ASSERT ((TotalFlashUsed <= LENGTH (FLASH)), region FLASH overflowed with .data and user data)
OUTPUT(_build/nrf52832_xxaa.out elf32-littlearm)

.ARM.attributes
                0x00000000       0x30
 .ARM.attributes
                0x00000000       0x22 c:/program files (x86)/gnu tools arm embedded/6 2017-q2-update/bin/../lib/gcc/arm-none-eabi/6.3.1/thumb/v7e-m/fpv4-sp/hard/crti.o
 .ARM.attributes
                0x00000022       0x34 c:/program files (x86)/gnu tools arm embedded/6 2017-q2-update/bin/../lib/gcc/arm-none-eabi/6.3.1/thumb/v7e-m/fpv4-sp/hard/crtbegin.o
 .ARM.attributes
                0x00000056       0x20 c:/program files (x86)/gnu tools arm embedded/6 2017-q2-update/bin/../lib/gcc/arm-none-eabi/6.3.1/../../../../arm-none-eabi/lib/thumb/v7e-m/fpv4-sp/hard/crt0.o
 .ARM.attributes
                0x00000076       0x20 _build/nrf52832_xxaa/gcc_startup_nrf52.S.o
 .ARM.attributes
                0x00000096       0x39 _build/nrf52832_xxaa/system_nrf52.c.o
 .ARM.attributes
                0x000000cf       0x39 _build/nrf52832_xxaa/main.c.o
 .ARM.attributes
                0x00000108       0x39 _build/nrf52832_xxaa/boards.c.o
 .ARM.attributes
                0x00000141       0x39 _build/nrf52832_xxaa/app_error.c.o
 .ARM.attributes
                0x0000017a       0x39 _build/nrf52832_xxaa/app_error_weak.c.o
 .ARM.attributes
                0x000001b3       0x39 _build/nrf52832_xxaa/nrf_section_iter.c.o
 .ARM.attributes
                0x000001ec       0x39 _build/nrf52832_xxaa/nrf_sdh.c.o
 .ARM.attributes
                0x00000225       0x39 _build/nrf52832_xxaa/nrf_sdh_soc.c.o
 .ARM.attributes
                0x0000025e       0x34 c:/program files (x86)/gnu tools arm embedded/6 2017-q2-update/bin/../lib/gcc/arm-none-eabi/6.3.1/../../../../arm-none-eabi/lib/thumb/v7e-m/fpv4-sp/hard\libc_nano.a(lib_a-exit.o)
 .ARM.attributes
                0x00000292       0x34 c:/program files (x86)/gnu tools arm embedded/6 2017-q2-update/bin/../lib/gcc/arm-none-eabi/6.3.1/../../../../arm-none-eabi/lib/thumb/v7e-m/fpv4-sp/hard\libc_nano.a(lib_a-impure.o)
 .ARM.attributes
                0x000002c6       0x34 c:/program files (x86)/gnu tools arm embedded/6 2017-q2-update/bin/../lib/gcc/arm-none-eabi/6.3.1/../../../../arm-none-eabi/lib/thumb/v7e-m/fpv4-sp/hard\libc_nano.a(lib_a-init.o)
 .ARM.attributes
                0x000002fa       0x34 c:/program files (x86)/gnu tools arm embedded/6 2017-q2-update/bin/../lib/gcc/arm-none-eabi/6.3.1/../../../../arm-none-eabi/lib/thumb/v7e-m/fpv4-sp/hard\libc_nano.a(lib_a-memset.o)
 .ARM.attributes
                0x0000032e       0x34 c:/program files (x86)/gnu tools arm embedded/6 2017-q2-update/bin/../lib/gcc/arm-none-eabi/6.3.1/../../../../arm-none-eabi/lib/thumb/v7e-m/fpv4-sp/hard\libnosys.a(_exit.o)
 .ARM.attributes
                0x00000362       0x34 c:/program files (x86)/gnu tools arm embedded/6 2017-q2-update/bin/../lib/gcc/arm-none-eabi/6.3.1/thumb/v7e-m/fpv4-sp/hard/crtend.o
 .ARM.attributes
                0x00000396       0x22 c:/program files (x86)/gnu tools arm embedded/6 2017-q2-update/bin/../lib/gcc/arm-none-eabi/6.3.1/thumb/v7e-m/fpv4-sp/hard/crtn.o

.comment        0x00000000       0x7f
 .comment       0x00000000       0x7f _build/nrf52832_xxaa/system_nrf52.c.o
                                 0x80 (size before relaxing)
 .comment       0x0000007f       0x80 _build/nrf52832_xxaa/main.c.o
 .comment       0x0000007f       0x80 _build/nrf52832_xxaa/boards.c.o
 .comment       0x0000007f       0x80 _build/nrf52832_xxaa/app_error.c.o
 .comment       0x0000007f       0x80 _build/nrf52832_xxaa/app_error_weak.c.o
 .comment       0x0000007f       0x80 _build/nrf52832_xxaa/nrf_section_iter.c.o
 .comment       0x0000007f       0x80 _build/nrf52832_xxaa/nrf_sdh.c.o
 .comment       0x0000007f       0x80 _build/nrf52832_xxaa/nrf_sdh_soc.c.o

.debug_line     0x00000000     0x36a4
 .debug_line    0x00000000       0x8e _build/nrf52832_xxaa/gcc_startup_nrf52.S.o
 .debug_line    0x0000008e      0x4b0 _build/nrf52832_xxaa/system_nrf52.c.o
 .debug_line    0x0000053e      0x638 _build/nrf52832_xxaa/main.c.o
 .debug_line    0x00000b76      0x757 _build/nrf52832_xxaa/boards.c.o
 .debug_line    0x000012cd      0x559 _build/nrf52832_xxaa/app_error.c.o
 .debug_line    0x00001826      0x811 _build/nrf52832_xxaa/app_error_weak.c.o
 .debug_line    0x00002037      0x5e8 _build/nrf52832_xxaa/nrf_section_iter.c.o
 .debug_line    0x0000261f      0x979 _build/nrf52832_xxaa/nrf_sdh.c.o
 .debug_line    0x00002f98      0x70c _build/nrf52832_xxaa/nrf_sdh_soc.c.o

.debug_info     0x00000000     0x7e46
 .debug_info    0x00000000       0xbf _build/nrf52832_xxaa/gcc_startup_nrf52.S.o
 .debug_info    0x000000bf     0x1105 _build/nrf52832_xxaa/system_nrf52.c.o
 .debug_info    0x000011c4      0x9cd _build/nrf52832_xxaa/main.c.o
 .debug_info    0x00001b91     0x1407 _build/nrf52832_xxaa/boards.c.o
 .debug_info    0x00002f98      0xb5f _build/nrf52832_xxaa/app_error.c.o
 .debug_info    0x00003af7      0xc59 _build/nrf52832_xxaa/app_error_weak.c.o
 .debug_info    0x00004750      0xa12 _build/nrf52832_xxaa/nrf_section_iter.c.o
 .debug_info    0x00005162     0x1f79 _build/nrf52832_xxaa/nrf_sdh.c.o
 .debug_info    0x000070db      0xd6b _build/nrf52832_xxaa/nrf_sdh_soc.c.o

.debug_abbrev   0x00000000     0x158e
 .debug_abbrev  0x00000000       0x14 _build/nrf52832_xxaa/gcc_startup_nrf52.S.o
 .debug_abbrev  0x00000014      0x1e2 _build/nrf52832_xxaa/system_nrf52.c.o
 .debug_abbrev  0x000001f6      0x284 _build/nrf52832_xxaa/main.c.o
 .debug_abbrev  0x0000047a      0x382 _build/nrf52832_xxaa/boards.c.o
 .debug_abbrev  0x000007fc      0x235 _build/nrf52832_xxaa/app_error.c.o
 .debug_abbrev  0x00000a31      0x21c _build/nrf52832_xxaa/app_error_weak.c.o
 .debug_abbrev  0x00000c4d      0x1da _build/nrf52832_xxaa/nrf_section_iter.c.o
 .debug_abbrev  0x00000e27      0x4c5 _build/nrf52832_xxaa/nrf_sdh.c.o
 .debug_abbrev  0x000012ec      0x2a2 _build/nrf52832_xxaa/nrf_sdh_soc.c.o

.debug_aranges  0x00000000      0x1f8
 .debug_aranges
                0x00000000       0x20 _build/nrf52832_xxaa/gcc_startup_nrf52.S.o
 .debug_aranges
                0x00000020       0x28 _build/nrf52832_xxaa/system_nrf52.c.o
 .debug_aranges
                0x00000048       0x20 _build/nrf52832_xxaa/main.c.o
 .debug_aranges
                0x00000068       0x80 _build/nrf52832_xxaa/boards.c.o
 .debug_aranges
                0x000000e8       0x30 _build/nrf52832_xxaa/app_error.c.o
 .debug_aranges
                0x00000118       0x20 _build/nrf52832_xxaa/app_error_weak.c.o
 .debug_aranges
                0x00000138       0x28 _build/nrf52832_xxaa/nrf_section_iter.c.o
 .debug_aranges
                0x00000160       0x70 _build/nrf52832_xxaa/nrf_sdh.c.o
 .debug_aranges
                0x000001d0       0x28 _build/nrf52832_xxaa/nrf_sdh_soc.c.o

.debug_ranges   0x00000000      0x548
 .debug_ranges  0x00000000      0x148 _build/nrf52832_xxaa/system_nrf52.c.o
 .debug_ranges  0x00000148       0x28 _build/nrf52832_xxaa/main.c.o
 .debug_ranges  0x00000170      0x178 _build/nrf52832_xxaa/boards.c.o
 .debug_ranges  0x000002e8       0x20 _build/nrf52832_xxaa/app_error.c.o
 .debug_ranges  0x00000308       0x10 _build/nrf52832_xxaa/app_error_weak.c.o
 .debug_ranges  0x00000318       0x18 _build/nrf52832_xxaa/nrf_section_iter.c.o
 .debug_ranges  0x00000330      0x1e8 _build/nrf52832_xxaa/nrf_sdh.c.o
 .debug_ranges  0x00000518       0x30 _build/nrf52832_xxaa/nrf_sdh_soc.c.o

.debug_macro    0x00000000    0x13d8d
 .debug_macro   0x00000000       0xf5 _build/nrf52832_xxaa/system_nrf52.c.o
 .debug_macro   0x000000f5      0x8d4 _build/nrf52832_xxaa/system_nrf52.c.o
 .debug_macro   0x000009c9       0x22 _build/nrf52832_xxaa/system_nrf52.c.o
 .debug_macro   0x000009eb       0x4f _build/nrf52832_xxaa/system_nrf52.c.o
 .debug_macro   0x00000a3a       0x51 _build/nrf52832_xxaa/system_nrf52.c.o
 .debug_macro   0x00000a8b       0xef _build/nrf52832_xxaa/system_nrf52.c.o
 .debug_macro   0x00000b7a       0x6a _build/nrf52832_xxaa/system_nrf52.c.o
 .debug_macro   0x00000be4      0x1df _build/nrf52832_xxaa/system_nrf52.c.o
 .debug_macro   0x00000dc3       0x22 _build/nrf52832_xxaa/system_nrf52.c.o
 .debug_macro   0x00000de5       0x22 _build/nrf52832_xxaa/system_nrf52.c.o
 .debug_macro   0x00000e07       0x2d _build/nrf52832_xxaa/system_nrf52.c.o
 .debug_macro   0x00000e34       0x3b _build/nrf52832_xxaa/system_nrf52.c.o
 .debug_macro   0x00000e6f       0x50 _build/nrf52832_xxaa/system_nrf52.c.o
 .debug_macro   0x00000ebf      0xe66 _build/nrf52832_xxaa/system_nrf52.c.o
 .debug_macro   0x00001d25      0x392 _build/nrf52832_xxaa/system_nrf52.c.o
 .debug_macro   0x000020b7     0xcc94 _build/nrf52832_xxaa/system_nrf52.c.o
 .debug_macro   0x0000ed4b     0x1313 _build/nrf52832_xxaa/system_nrf52.c.o
 .debug_macro   0x0001005e       0x82 _build/nrf52832_xxaa/system_nrf52.c.o
 .debug_macro   0x000100e0       0x22 _build/nrf52832_xxaa/system_nrf52.c.o
 .debug_macro   0x00010102      0x2a6 _build/nrf52832_xxaa/main.c.o
 .debug_macro   0x000103a8       0x10 _build/nrf52832_xxaa/main.c.o
 .debug_macro   0x000103b8      0x372 _build/nrf52832_xxaa/main.c.o
 .debug_macro   0x0001072a       0x58 _build/nrf52832_xxaa/main.c.o
 .debug_macro   0x00010782       0x35 _build/nrf52832_xxaa/main.c.o
 .debug_macro   0x000107b7       0x9c _build/nrf52832_xxaa/main.c.o
 .debug_macro   0x00010853       0x16 _build/nrf52832_xxaa/main.c.o
 .debug_macro   0x00010869       0x97 _build/nrf52832_xxaa/main.c.o
 .debug_macro   0x00010900      0x353 _build/nrf52832_xxaa/main.c.o
 .debug_macro   0x00010c53       0xf6 _build/nrf52832_xxaa/main.c.o
 .debug_macro   0x00010d49       0x10 _build/nrf52832_xxaa/main.c.o
 .debug_macro   0x00010d59       0x58 _build/nrf52832_xxaa/main.c.o
 .debug_macro   0x00010db1       0x1f _build/nrf52832_xxaa/main.c.o
 .debug_macro   0x00010dd0       0x43 _build/nrf52832_xxaa/main.c.o
 .debug_macro   0x00010e13       0x20 _build/nrf52832_xxaa/main.c.o
 .debug_macro   0x00010e33      0x187 _build/nrf52832_xxaa/main.c.o
 .debug_macro   0x00010fba       0x10 _build/nrf52832_xxaa/main.c.o
 .debug_macro   0x00010fca       0xb6 _build/nrf52832_xxaa/main.c.o
 .debug_macro   0x00011080       0x16 _build/nrf52832_xxaa/main.c.o
 .debug_macro   0x00011096      0x145 _build/nrf52832_xxaa/main.c.o
 .debug_macro   0x000111db       0x9a _build/nrf52832_xxaa/main.c.o
 .debug_macro   0x00011275      0x54e _build/nrf52832_xxaa/main.c.o
 .debug_macro   0x000117c3       0x9b _build/nrf52832_xxaa/main.c.o
 .debug_macro   0x0001185e      0x16d _build/nrf52832_xxaa/main.c.o
 .debug_macro   0x000119cb       0x2b _build/nrf52832_xxaa/main.c.o
 .debug_macro   0x000119f6       0x10 _build/nrf52832_xxaa/main.c.o
 .debug_macro   0x00011a06       0x16 _build/nrf52832_xxaa/main.c.o
 .debug_macro   0x00011a1c       0x35 _build/nrf52832_xxaa/main.c.o
 .debug_macro   0x00011a51       0x22 _build/nrf52832_xxaa/main.c.o
 .debug_macro   0x00011a73       0x16 _build/nrf52832_xxaa/main.c.o
 .debug_macro   0x00011a89      0x261 _build/nrf52832_xxaa/main.c.o
 .debug_macro   0x00011cea      0x115 _build/nrf52832_xxaa/main.c.o
 .debug_macro   0x00011dff      0x29d _build/nrf52832_xxaa/boards.c.o
 .debug_macro   0x0001209c       0x35 _build/nrf52832_xxaa/boards.c.o
 .debug_macro   0x000120d1      0x229 _build/nrf52832_xxaa/app_error.c.o
 .debug_macro   0x000122fa      0x388 _build/nrf52832_xxaa/app_error_weak.c.o
 .debug_macro   0x00012682       0x16 _build/nrf52832_xxaa/app_error_weak.c.o
 .debug_macro   0x00012698       0x22 _build/nrf52832_xxaa/app_error_weak.c.o
 .debug_macro   0x000126ba      0x49d _build/nrf52832_xxaa/app_error_weak.c.o
 .debug_macro   0x00012b57       0x4b _build/nrf52832_xxaa/app_error_weak.c.o
 .debug_macro   0x00012ba2       0x31 _build/nrf52832_xxaa/app_error_weak.c.o
 .debug_macro   0x00012bd3       0x10 _build/nrf52832_xxaa/app_error_weak.c.o
 .debug_macro   0x00012be3      0x151 _build/nrf52832_xxaa/app_error_weak.c.o
 .debug_macro   0x00012d34       0x68 _build/nrf52832_xxaa/app_error_weak.c.o
 .debug_macro   0x00012d9c       0x28 _build/nrf52832_xxaa/app_error_weak.c.o
 .debug_macro   0x00012dc4       0x16 _build/nrf52832_xxaa/app_error_weak.c.o
 .debug_macro   0x00012dda       0x40 _build/nrf52832_xxaa/app_error_weak.c.o
 .debug_macro   0x00012e1a       0x70 _build/nrf52832_xxaa/app_error_weak.c.o
 .debug_macro   0x00012e8a       0x2e _build/nrf52832_xxaa/app_error_weak.c.o
 .debug_macro   0x00012eb8       0x16 _build/nrf52832_xxaa/app_error_weak.c.o
 .debug_macro   0x00012ece       0x7e _build/nrf52832_xxaa/app_error_weak.c.o
 .debug_macro   0x00012f4c       0x8c _build/nrf52832_xxaa/app_error_weak.c.o
 .debug_macro   0x00012fd8       0x10 _build/nrf52832_xxaa/app_error_weak.c.o
 .debug_macro   0x00012fe8       0x1c _build/nrf52832_xxaa/app_error_weak.c.o
 .debug_macro   0x00013004       0x1c _build/nrf52832_xxaa/app_error_weak.c.o
 .debug_macro   0x00013020      0x10d _build/nrf52832_xxaa/app_error_weak.c.o
 .debug_macro   0x0001312d      0x2a6 _build/nrf52832_xxaa/nrf_section_iter.c.o
 .debug_macro   0x000133d3      0x16d _build/nrf52832_xxaa/nrf_section_iter.c.o
 .debug_macro   0x00013540       0x10 _build/nrf52832_xxaa/nrf_section_iter.c.o
 .debug_macro   0x00013550       0x1c _build/nrf52832_xxaa/nrf_section_iter.c.o
 .debug_macro   0x0001356c       0x11 _build/nrf52832_xxaa/nrf_section_iter.c.o
 .debug_macro   0x0001357d      0x35a _build/nrf52832_xxaa/nrf_sdh.c.o
 .debug_macro   0x000138d7       0x2a _build/nrf52832_xxaa/nrf_sdh.c.o
 .debug_macro   0x00013901      0x145 _build/nrf52832_xxaa/nrf_sdh.c.o
 .debug_macro   0x00013a46      0x331 _build/nrf52832_xxaa/nrf_sdh_soc.c.o
 .debug_macro   0x00013d77       0x16 _build/nrf52832_xxaa/nrf_sdh_soc.c.o

.debug_str      0x00000000    0x6ca1d
 .debug_str     0x00000000    0x5b1b2 _build/nrf52832_xxaa/system_nrf52.c.o
                              0x5bc2f (size before relaxing)
 .debug_str     0x0005b1b2     0x7674 _build/nrf52832_xxaa/main.c.o
                              0x62ebe (size before relaxing)
 .debug_str     0x00062826      0x4d1 _build/nrf52832_xxaa/boards.c.o
                              0x6336f (size before relaxing)
 .debug_str     0x00062cf7      0x131 _build/nrf52832_xxaa/app_error.c.o
                              0x615b9 (size before relaxing)
 .debug_str     0x00062e28     0x840a _build/nrf52832_xxaa/app_error_weak.c.o
                              0x69ab0 (size before relaxing)
 .debug_str     0x0006b232      0x25b _build/nrf52832_xxaa/nrf_section_iter.c.o
                              0x66029 (size before relaxing)
 .debug_str     0x0006b48d      0xceb _build/nrf52832_xxaa/nrf_sdh.c.o
                              0x69aff (size before relaxing)
 .debug_str     0x0006c178      0x8a5 _build/nrf52832_xxaa/nrf_sdh_soc.c.o
                              0x68b8a (size before relaxing)

.debug_frame    0x00000000      0x434
 .debug_frame   0x00000000       0x48 _build/nrf52832_xxaa/system_nrf52.c.o
 .debug_frame   0x00000048       0x30 _build/nrf52832_xxaa/main.c.o
 .debug_frame   0x00000078      0x104 _build/nrf52832_xxaa/boards.c.o
 .debug_frame   0x0000017c       0x70 _build/nrf52832_xxaa/app_error.c.o
 .debug_frame   0x000001ec       0x20 _build/nrf52832_xxaa/app_error_weak.c.o
 .debug_frame   0x0000020c       0x30 _build/nrf52832_xxaa/nrf_section_iter.c.o
 .debug_frame   0x0000023c      0x124 _build/nrf52832_xxaa/nrf_sdh.c.o
 .debug_frame   0x00000360       0x40 _build/nrf52832_xxaa/nrf_sdh_soc.c.o
 .debug_frame   0x000003a0       0x28 c:/program files (x86)/gnu tools arm embedded/6 2017-q2-update/bin/../lib/gcc/arm-none-eabi/6.3.1/../../../../arm-none-eabi/lib/thumb/v7e-m/fpv4-sp/hard\libc_nano.a(lib_a-exit.o)
 .debug_frame   0x000003c8       0x2c c:/program files (x86)/gnu tools arm embedded/6 2017-q2-update/bin/../lib/gcc/arm-none-eabi/6.3.1/../../../../arm-none-eabi/lib/thumb/v7e-m/fpv4-sp/hard\libc_nano.a(lib_a-init.o)
 .debug_frame   0x000003f4       0x20 c:/program files (x86)/gnu tools arm embedded/6 2017-q2-update/bin/../lib/gcc/arm-none-eabi/6.3.1/../../../../arm-none-eabi/lib/thumb/v7e-m/fpv4-sp/hard\libc_nano.a(lib_a-memset.o)
 .debug_frame   0x00000414       0x20 c:/program files (x86)/gnu tools arm embedded/6 2017-q2-update/bin/../lib/gcc/arm-none-eabi/6.3.1/../../../../arm-none-eabi/lib/thumb/v7e-m/fpv4-sp/hard\libnosys.a(_exit.o)

.debug_loc      0x00000000      0xe51
 .debug_loc     0x00000000       0x4d _build/nrf52832_xxaa/main.c.o
 .debug_loc     0x0000004d      0x845 _build/nrf52832_xxaa/boards.c.o
 .debug_loc     0x00000892      0x145 _build/nrf52832_xxaa/app_error.c.o
 .debug_loc     0x000009d7       0x42 _build/nrf52832_xxaa/app_error_weak.c.o
 .debug_loc     0x00000a19      0x3c4 _build/nrf52832_xxaa/nrf_sdh.c.o
 .debug_loc     0x00000ddd       0x74 _build/nrf52832_xxaa/nrf_sdh_soc.c.o
