Component: ARM Compiler 5.06 update 4 (build 422) Tool: armlink [4d35d2]

==============================================================================

Section Cross References

    main.o(i.app_error_fault_handler) refers to boards.o(i.bsp_board_leds_on) for bsp_board_leds_on
    main.o(i.app_error_fault_handler) refers to app_error.o(i.app_error_save_and_stop) for app_error_save_and_stop
    main.o(i.bsp_evt_handler) refers to memcpya.o(.text) for __aeabi_memcpy4
    main.o(i.bsp_evt_handler) refers to nrf_drv_pwm.o(i.nrf_drv_pwm_uninit) for nrf_drv_pwm_uninit
    main.o(i.bsp_evt_handler) refers to main.o(.constdata) for .constdata
    main.o(i.bsp_evt_handler) refers to main.o(.data) for .data
    main.o(i.demo1) refers to nrf_log_frontend.o(i.nrf_log_frontend_std_0) for nrf_log_frontend_std_0
    main.o(i.demo1) refers to nrf_drv_pwm.o(i.nrf_drv_pwm_init) for nrf_drv_pwm_init
    main.o(i.demo1) refers to app_error.o(i.app_error_handler_bare) for app_error_handler_bare
    main.o(i.demo1) refers to nrf_drv_pwm.o(i.nrf_drv_pwm_simple_playback) for nrf_drv_pwm_simple_playback
    main.o(i.demo1) refers to main.o(.constdata) for .constdata
    main.o(i.demo1) refers to main.o(i.demo1_handler) for demo1_handler
    main.o(i.demo1) refers to main.o(.data) for .data
    main.o(i.demo1_handler) refers to main.o(.data) for .data
    main.o(i.demo2) refers to nrf_log_frontend.o(i.nrf_log_frontend_std_0) for nrf_log_frontend_std_0
    main.o(i.demo2) refers to nrf_drv_pwm.o(i.nrf_drv_pwm_init) for nrf_drv_pwm_init
    main.o(i.demo2) refers to app_error.o(i.app_error_handler_bare) for app_error_handler_bare
    main.o(i.demo2) refers to nrf_drv_pwm.o(i.nrf_drv_pwm_complex_playback) for nrf_drv_pwm_complex_playback
    main.o(i.demo2) refers to main.o(.constdata) for .constdata
    main.o(i.demo2) refers to main.o(.data) for .data
    main.o(i.demo2) refers to main.o(.bss) for .bss
    main.o(i.demo3) refers to nrf_log_frontend.o(i.nrf_log_frontend_std_0) for nrf_log_frontend_std_0
    main.o(i.demo3) refers to nrf_drv_pwm.o(i.nrf_drv_pwm_init) for nrf_drv_pwm_init
    main.o(i.demo3) refers to app_error.o(i.app_error_handler_bare) for app_error_handler_bare
    main.o(i.demo3) refers to nrf_drv_pwm.o(i.nrf_drv_pwm_simple_playback) for nrf_drv_pwm_simple_playback
    main.o(i.demo3) refers to main.o(.constdata) for .constdata
    main.o(i.demo3) refers to main.o(.data) for .data
    main.o(i.demo4) refers to nrf_log_frontend.o(i.nrf_log_frontend_std_0) for nrf_log_frontend_std_0
    main.o(i.demo4) refers to nrf_drv_pwm.o(i.nrf_drv_pwm_init) for nrf_drv_pwm_init
    main.o(i.demo4) refers to app_error.o(i.app_error_handler_bare) for app_error_handler_bare
    main.o(i.demo4) refers to nrf_drv_pwm.o(i.nrf_drv_pwm_simple_playback) for nrf_drv_pwm_simple_playback
    main.o(i.demo4) refers to nrf_drv_pwm.o(i.nrf_drv_pwm_complex_playback) for nrf_drv_pwm_complex_playback
    main.o(i.demo4) refers to main.o(.constdata) for .constdata
    main.o(i.demo4) refers to main.o(.data) for .data
    main.o(i.demo4) refers to main.o(.bss) for .bss
    main.o(i.demo5) refers to nrf_log_frontend.o(i.nrf_log_frontend_std_0) for nrf_log_frontend_std_0
    main.o(i.demo5) refers to nrf_drv_pwm.o(i.nrf_drv_pwm_init) for nrf_drv_pwm_init
    main.o(i.demo5) refers to app_error.o(i.app_error_handler_bare) for app_error_handler_bare
    main.o(i.demo5) refers to nrf_drv_pwm.o(i.nrf_drv_pwm_simple_playback) for nrf_drv_pwm_simple_playback
    main.o(i.demo5) refers to main.o(.constdata) for .constdata
    main.o(i.demo5) refers to main.o(.data) for .data
    main.o(i.main) refers to nrf_drv_clock.o(i.nrf_drv_clock_init) for nrf_drv_clock_init
    main.o(i.main) refers to app_error.o(i.app_error_handler_bare) for app_error_handler_bare
    main.o(i.main) refers to nrf_drv_clock.o(i.nrf_drv_clock_lfclk_request) for nrf_drv_clock_lfclk_request
    main.o(i.main) refers to app_timer.o(i.app_timer_init) for app_timer_init
    main.o(i.main) refers to bsp.o(i.bsp_init) for bsp_init
    main.o(i.main) refers to bsp.o(i.bsp_buttons_enable) for bsp_buttons_enable
    main.o(i.main) refers to nrf_log_frontend.o(i.nrf_log_init) for nrf_log_init
    main.o(i.main) refers to nrf_log_frontend.o(i.nrf_log_frontend_std_0) for nrf_log_frontend_std_0
    main.o(i.main) refers to main.o(i.demo1) for demo1
    main.o(i.main) refers to nrf_log_frontend.o(i.nrf_log_frontend_dequeue) for nrf_log_frontend_dequeue
    main.o(i.main) refers to main.o(.bss) for .bss
    main.o(i.main) refers to main.o(i.bsp_evt_handler) for bsp_evt_handler
    main.o(.constdata) refers to main.o(.data) for m_demo1_seq_values
    main.o(.constdata) refers to main.o(.bss) for seq0_values
    main.o(.constdata) refers to main.o(.data) for seq1_values
    main.o(.constdata) refers to main.o(.data) for seq_values
    main.o(.constdata) refers to main.o(.data) for pwm0_seq_values
    main.o(.constdata) refers to main.o(.data) for stay_off_values
[...]
    Removing segger_rtt.o(i.SEGGER_RTT_SetTerminal), (132 bytes).
    Removing segger_rtt.o(i.SEGGER_RTT_TerminalOut), (172 bytes).
    Removing segger_rtt.o(i.SEGGER_RTT_WaitKey), (14 bytes).
    Removing segger_rtt.o(i.SEGGER_RTT_Write), (52 bytes).
    Removing segger_rtt.o(i.SEGGER_RTT_WriteNoLock), (92 bytes).
    Removing segger_rtt.o(i.SEGGER_RTT_WriteSkipNoLock), (116 bytes).
    Removing segger_rtt.o(i.SEGGER_RTT_WriteString), (26 bytes).
    Removing segger_rtt.o(i._DoInit), (104 bytes).
    Removing segger_rtt.o(i._GetAvailWriteSpace), (22 bytes).
    Removing segger_rtt.o(i._PostTerminalSwitch), (32 bytes).
    Removing segger_rtt.o(i._WriteBlocking), (90 bytes).
    Removing segger_rtt.o(i._WriteNoCheck), (62 bytes).
    Removing segger_rtt.o(.bss), (200 bytes).
    Removing segger_rtt.o(.data), (17 bytes).
    Removing arm_startup_nrf52.o(HEAP), (8192 bytes).
    Removing system_nrf52.o(.rev16_text), (4 bytes).
    Removing system_nrf52.o(.revsh_text), (4 bytes).
    Removing system_nrf52.o(.rrx_text), (6 bytes).
    Removing system_nrf52.o(i.SystemCoreClockUpdate), (16 bytes).
    Removing dadd.o(.text), (334 bytes).
    Removing dmul.o(.text), (228 bytes).
    Removing ddiv.o(.text), (222 bytes).
    Removing dfixul.o(.text), (48 bytes).
    Removing cdrcmple.o(.text), (48 bytes).
    Removing depilogue.o(.text), (186 bytes).

211 unused section(s) (total 16713 bytes) removed from the image.

==============================================================================

Image Symbol Table

    Local Symbols

    Symbol Name                              Value     Ov Type        Size  Object(Section)

    RESET                                    0x00000000   Section     1024  arm_startup_nrf52.o(RESET)
    ../clib/microlib/ctype/ctype.c           0x00000000   Number         0  isgraph_o.o ABSOLUTE
    ../clib/microlib/ctype/ctype.c           0x00000000   Number         0  ctype_o.o ABSOLUTE
    ../clib/microlib/ctype/ctype.c           0x00000000   Number         0  isblank_o.o ABSOLUTE
    ../clib/microlib/ctype/ctype.c           0x00000000   Number         0  isalnum_o.o ABSOLUTE
    ../clib/microlib/ctype/ctype.c           0x00000000   Number         0  isalpha_o.o ABSOLUTE
    ../clib/microlib/ctype/ctype.c           0x00000000   Number         0  isxdigit_o.o ABSOLUTE
    ../clib/microlib/ctype/ctype.c           0x00000000   Number         0  isdigit_o.o ABSOLUTE
    ../clib/microlib/ctype/ctype.c           0x00000000   Number         0  iscntrl_o.o ABSOLUTE
    ../clib/microlib/ctype/ctype.c           0x00000000   Number         0  isupper_o.o ABSOLUTE
    ../clib/microlib/ctype/ctype.c           0x00000000   Number         0  isspace_o.o ABSOLUTE
    ../clib/microlib/ctype/ctype.c           0x00000000   Number         0  ispunct_o.o ABSOLUTE
    ../clib/microlib/ctype/ctype.c           0x00000000   Number         0  isprint_o.o ABSOLUTE
    ../clib/microlib/ctype/ctype.c           0x00000000   Number         0  islower_o.o ABSOLUTE
    ../clib/microlib/division.c              0x00000000   Number         0  uidiv.o ABSOLUTE
    ../clib/microlib/division.c              0x00000000   Number         0  uldiv.o ABSOLUTE
    ../clib/microlib/init/entry.s            0x00000000   Number         0  entry5.o ABSOLUTE
    ../clib/microlib/init/entry.s            0x00000000   Number         0  entry11a.o ABSOLUTE
    ../clib/microlib/init/entry.s            0x00000000   Number         0  entry11b.o ABSOLUTE
    ../clib/microlib/init/entry.s            0x00000000   Number         0  entry2.o ABSOLUTE
    ../clib/microlib/init/entry.s            0x00000000   Number         0  entry10a.o ABSOLUTE
    ../clib/microlib/init/entry.s            0x00000000   Number         0  entry7a.o ABSOLUTE
    ../clib/microlib/init/entry.s            0x00000000   Number         0  entry7b.o ABSOLUTE
    ../clib/microlib/init/entry.s            0x00000000   Number         0  entry.o ABSOLUTE
    ../clib/microlib/init/entry.s            0x00000000   Number         0  entry8a.o ABSOLUTE
    ../clib/microlib/init/entry.s            0x00000000   Number         0  entry8b.o ABSOLUTE
    ../clib/microlib/init/entry.s            0x00000000   Number         0  entry9a.o ABSOLUTE
    ../clib/microlib/init/entry.s            0x00000000   Number         0  entry9b.o ABSOLUTE
    ../clib/microlib/init/entry.s            0x00000000   Number         0  entry10b.o ABSOLUTE
    ../clib/microlib/longlong.c              0x00000000   Number         0  llshl.o ABSOLUTE
    ../clib/microlib/longlong.c              0x00000000   Number         0  llushr.o ABSOLUTE
    ../clib/microlib/longlong.c              0x00000000   Number         0  llsshr.o ABSOLUTE
    ../clib/microlib/printf/printf.c         0x00000000   Number         0  printf0.o ABSOLUTE
    ../clib/microlib/printf/printf.c         0x00000000   Number         0  printfb.o ABSOLUTE
    ../clib/microlib/printf/printf.c         0x00000000   Number         0  printfa.o ABSOLUTE
    ../clib/microlib/printf/printf.c         0x00000000   Number         0  printf6.o ABSOLUTE
    ../clib/microlib/printf/printf.c         0x00000000   Number         0  printf7.o ABSOLUTE
    ../clib/microlib/printf/printf.c         0x00000000   Number         0  printf3.o ABSOLUTE
    ../clib/microlib/printf/printf.c         0x00000000   Number         0  printf8.o ABSOLUTE
    ../clib/microlib/printf/printf.c         0x00000000   Number         0  printf5.o ABSOLUTE
    ../clib/microlib/printf/printf.c         0x00000000   Number         0  printf4.o ABSOLUTE
    ../clib/microlib/printf/printf.c         0x00000000   Number         0  printf1.o ABSOLUTE
    ../clib/microlib/printf/printf.c         0x00000000   Number         0  printf2.o ABSOLUTE
    ../clib/microlib/printf/stubs.s          0x00000000   Number         0  stubs.o ABSOLUTE
    ../clib/microlib/stdio/fputc.c           0x00000000   Number         0  fputc.o ABSOLUTE
    ../clib/microlib/stdio/semi.s            0x00000000   Number         0  semi.o ABSOLUTE
    ../clib/microlib/stdio/streams.c         0x00000000   Number         0  stdout.o ABSOLUTE
    ../clib/microlib/string/memcpy.c         0x00000000   Number         0  memcpyb.o ABSOLUTE
    ../clib/microlib/string/memcpy.c         0x00000000   Number         0  memcpya.o ABSOLUTE
    ../clib/microlib/string/strcpy.c         0x00000000   Number         0  strcpy.o ABSOLUTE
    ../clib/microlib/string/strlen.c         0x00000000   Number         0  strlen.o ABSOLUTE
    ../clib/microlib/stubs.s                 0x00000000   Number         0  iusefp.o ABSOLUTE
    ../clib/microlib/stubs.s                 0x00000000   Number         0  iusesemip.o ABSOLUTE
    ../fplib/microlib/fpadd.c                0x00000000   Number         0  dadd.o ABSOLUTE
    ../fplib/microlib/fpdiv.c                0x00000000   Number         0  ddiv.o ABSOLUTE
    ../fplib/microlib/fpepilogue.c           0x00000000   Number         0  depilogue.o ABSOLUTE
    ../fplib/microlib/fpfix.c                0x00000000   Number         0  dfixul.o ABSOLUTE
    ../fplib/microlib/fpmul.c                0x00000000   Number         0  dmul.o ABSOLUTE
    ..\..\..\..\..\..\components\boards\boards.c 0x00000000   Number         0  boards.o ABSOLUTE
    ..\..\..\..\..\..\components\drivers_nrf\clock\nrf_drv_clock.c 0x00000000   Number         0  nrf_drv_clock.o ABSOLUTE
    ..\..\..\..\..\..\components\drivers_nrf\common\nrf_drv_common.c 0x00000000   Number         0  nrf_drv_common.o ABSOLUTE
    ..\..\..\..\..\..\components\drivers_nrf\gpiote\nrf_drv_gpiote.c 0x00000000   Number         0  nrf_drv_gpiote.o ABSOLUTE
    ..\..\..\..\..\..\components\drivers_nrf\nrf_soc_nosd\nrf_nvic.c 0x00000000   Number         0  nrf_nvic.o ABSOLUTE
    ..\..\..\..\..\..\components\drivers_nrf\nrf_soc_nosd\nrf_soc.c 0x00000000   Number         0  nrf_soc.o ABSOLUTE
    ..\..\..\..\..\..\components\drivers_nrf\pwm\nrf_drv_pwm.c 0x00000000   Number         0  nrf_drv_pwm.o ABSOLUTE
    ..\..\..\..\..\..\components\drivers_nrf\uart\nrf_drv_uart.c 0x00000000   Number         0  nrf_drv_uart.o ABSOLUTE
    ..\..\..\..\..\..\components\libraries\bsp\bsp.c 0x00000000   Number         0  bsp.o ABSOLUTE
    ..\..\..\..\..\..\components\libraries\bsp\bsp_nfc.c 0x00000000   Number         0  bsp_nfc.o ABSOLUTE
    ..\..\..\..\..\..\components\libraries\button\app_button.c 0x00000000   Number         0  app_button.o ABSOLUTE
    ..\..\..\..\..\..\components\libraries\log\src\nrf_log_backend_serial.c 0x00000000   Number         0  nrf_log_backend_serial.o ABSOLUTE
    ..\..\..\..\..\..\components\libraries\log\src\nrf_log_frontend.c 0x00000000   Number         0  nrf_log_frontend.o ABSOLUTE
    ..\..\..\..\..\..\components\libraries\timer\app_timer.c 0x00000000   Number         0  app_timer.o ABSOLUTE
    ..\..\..\..\..\..\components\libraries\util\app_error.c 0x00000000   Number         0  app_error.o ABSOLUTE
    ..\..\..\..\..\..\components\libraries\util\app_error_weak.c 0x00000000   Number         0  app_error_weak.o ABSOLUTE
    ..\..\..\..\..\..\components\libraries\util\app_util_platform.c 0x00000000   Number         0  app_util_platform.o ABSOLUTE
    ..\..\..\..\..\..\components\libraries\util\nrf_assert.c 0x00000000   Number         0  nrf_assert.o ABSOLUTE
    ..\..\..\..\..\..\components\libraries\util\sdk_errors.c 0x00000000   Number         0  sdk_errors.o ABSOLUTE
    ..\..\..\..\..\..\external\segger_rtt\RTT_Syscalls_KEIL.c 0x00000000   Number         0  rtt_syscalls_keil.o ABSOLUTE
    ..\..\..\..\..\..\external\segger_rtt\SEGGER_RTT.c 0x00000000   Number         0  segger_rtt.o ABSOLUTE
    ..\..\..\..\..\..\external\segger_rtt\SEGGER_RTT_printf.c 0x00000000   Number         0  segger_rtt_printf.o ABSOLUTE
    ..\..\..\main.c                          0x00000000   Number         0  main.o ABSOLUTE
    ..\\..\\..\\..\\..\\..\\components\\boards\\boards.c 0x00000000   Number         0  boards.o ABSOLUTE
    ..\\..\\..\\..\\..\\..\\components\\drivers_nrf\\clock\\nrf_drv_clock.c 0x00000000   Number         0  nrf_drv_clock.o ABSOLUTE
    ..\\..\\..\\..\\..\\..\\components\\drivers_nrf\\common\\nrf_drv_common.c 0x00000000   Number         0  nrf_drv_common.o ABSOLUTE
    ..\\..\\..\\..\\..\\..\\components\\drivers_nrf\\gpiote\\nrf_drv_gpiote.c 0x00000000   Number         0  nrf_drv_gpiote.o ABSOLUTE
    ..\\..\\..\\..\\..\\..\\components\\drivers_nrf\\nrf_soc_nosd\\nrf_nvic.c 0x00000000   Number         0  nrf_nvic.o ABSOLUTE
    ..\\..\\..\\..\\..\\..\\components\\drivers_nrf\\nrf_soc_nosd\\nrf_soc.c 0x00000000   Number         0  nrf_soc.o ABSOLUTE
    ..\\..\\..\\..\\..\\..\\components\\drivers_nrf\\pwm\\nrf_drv_pwm.c 0x00000000   Number         0  nrf_drv_pwm.o ABSOLUTE
    ..\\..\\..\\..\\..\\..\\components\\drivers_nrf\\uart\\nrf_drv_uart.c 0x00000000   Number         0  nrf_drv_uart.o ABSOLUTE
    ..\\..\\..\\..\\..\\..\\components\\libraries\\bsp\\bsp.c 0x00000000   Number         0  bsp.o ABSOLUTE
    ..\\..\\..\\..\\..\\..\\components\\libraries\\bsp\\bsp_nfc.c 0x00000000   Number         0  bsp_nfc.o ABSOLUTE
    ..\\..\\..\\..\\..\\..\\components\\libraries\\button\\app_button.c 0x00000000   Number         0  app_button.o ABSOLUTE
    ..\\..\\..\\..\\..\\..\\components\\libraries\\log\\src\\nrf_log_backend_serial.c 0x00000000   Number         0  nrf_log_backend_serial.o ABSOLUTE
    ..\\..\\..\\..\\..\\..\\components\\libraries\\log\\src\\nrf_log_frontend.c 0x00000000   Number         0  nrf_log_frontend.o ABSOLUTE
    ..\\..\\..\\..\\..\\..\\components\\libraries\\timer\\app_timer.c 0x00000000   Number         0  app_timer.o ABSOLUTE
    ..\\..\\..\\..\\..\\..\\components\\libraries\\util\\app_error.c 0x00000000   Number         0  app_error.o ABSOLUTE
    ..\\..\\..\\..\\..\\..\\components\\libraries\\util\\app_error_weak.c 0x00000000   Number         0  app_error_weak.o ABSOLUTE
    ..\\..\\..\\..\\..\\..\\components\\libraries\\util\\app_util_platform.c 0x00000000   Number         0  app_util_platform.o ABSOLUTE
    ..\\..\\..\\..\\..\\..\\components\\libraries\\util\\nrf_assert.c 0x00000000   Number         0  nrf_assert.o ABSOLUTE
    ..\\..\\..\\..\\..\\..\\external\\segger_rtt\\SEGGER_RTT.c 0x00000000   Number         0  segger_rtt.o ABSOLUTE
    ..\\..\\..\\main.c                       0x00000000   Number         0  main.o ABSOLUTE
    RTE\Device\nRF52832_xxAA\arm_startup_nrf52.s 0x00000000   Number         0  arm_startup_nrf52.o ABSOLUTE
    RTE\Device\nRF52832_xxAA\system_nrf52.c  0x00000000   Number         0  system_nrf52.o ABSOLUTE
    RTE\\Device\\nRF52832_xxAA\\system_nrf52.c 0x00000000   Number         0  system_nrf52.o ABSOLUTE
    cdrcmple.s                               0x00000000   Number         0  cdrcmple.o ABSOLUTE
    dc.s                                     0x00000000   Number         0  dc.o ABSOLUTE
    handlers.s                               0x00000000   Number         0  handlers.o ABSOLUTE
    init.s                                   0x00000000   Number         0  init.o ABSOLUTE
    .ARM.Collect$$$$00000000                 0x00000400   Section        0  entry.o(.ARM.Collect$$$$00000000)
    .ARM.Collect$$$$00000001                 0x00000400   Section        4  entry2.o(.ARM.Collect$$$$00000001)
    .ARM.Collect$$$$00000004                 0x00000404   Section        4  entry5.o(.ARM.Collect$$$$00000004)
    .ARM.Collect$$$$00000008                 0x00000408   Section        0  entry7b.o(.ARM.Collect$$$$00000008)
    .ARM.Collect$$$$0000000A                 0x00000408   Section        0  entry8b.o(.ARM.Collect$$$$0000000A)
    .ARM.Collect$$$$0000000B                 0x00000408   Section        8  entry9a.o(.ARM.Collect$$$$0000000B)
    .ARM.Collect$$$$0000000D                 0x00000410   Section        0  entry10a.o(.ARM.Collect$$$$0000000D)
    .ARM.Collect$$$$0000000F                 0x00000410   Section        0  entry11a.o(.ARM.Collect$$$$0000000F)
    .ARM.Collect$$$$00002712                 0x00000410   Section        4  entry2.o(.ARM.Collect$$$$00002712)
    __lit__00000000                          0x00000410   Data           4  entry2.o(.ARM.Collect$$$$00002712)
    .text                                    0x00000414   Section       36  arm_startup_nrf52.o(.text)
    $v0                                      0x00000414   Number         0  arm_startup_nrf52.o(.text)
    .text                                    0x00000438   Section        0  ctype_o.o(.text)
    .text                                    0x00000440   Section        0  memcpya.o(.text)
    .text                                    0x00000464   Section        0  strlen.o(.text)
    .text                                    0x00000472   Section        0  uldiv.o(.text)
    .text                                    0x000004d4   Section       36  init.o(.text)
    .text                                    0x000004f8   Section        0  llshl.o(.text)
    .text                                    0x00000516   Section        0  llushr.o(.text)
    i.GPIOTE_IRQHandler                      0x00000538   Section        0  nrf_drv_gpiote.o(i.GPIOTE_IRQHandler)
    i.NVIC_ClearPendingIRQ                   0x000006ac   Section        0  app_timer.o(i.NVIC_ClearPendingIRQ)
    NVIC_ClearPendingIRQ                     0x000006ad   Thumb Code    22  app_timer.o(i.NVIC_ClearPendingIRQ)
    i.NVIC_EnableIRQ                         0x000006c2   Section        0  app_timer.o(i.NVIC_EnableIRQ)
    NVIC_EnableIRQ                           0x000006c3   Thumb Code    22  app_timer.o(i.NVIC_EnableIRQ)
    i.NVIC_SetPendingIRQ                     0x000006d8   Section        0  app_timer.o(i.NVIC_SetPendingIRQ)
    NVIC_SetPendingIRQ                       0x000006d9   Thumb Code    22  app_timer.o(i.NVIC_SetPendingIRQ)
    i.NVIC_SetPriority                       0x000006ee   Section        0  app_timer.o(i.NVIC_SetPriority)
    NVIC_SetPriority                         0x000006ef   Thumb Code    32  app_timer.o(i.NVIC_SetPriority)
    i.POWER_CLOCK_IRQHandler                 0x00000710   Section        0  nrf_drv_clock.o(i.POWER_CLOCK_IRQHandler)
    i.PWM0_IRQHandler                        0x00000768   Section        0  nrf_drv_pwm.o(i.PWM0_IRQHandler)
    i.PWM1_IRQHandler                        0x00000778   Section        0  nrf_drv_pwm.o(i.PWM1_IRQHandler)
    i.PWM2_IRQHandler                        0x00000788   Section        0  nrf_drv_pwm.o(i.PWM2_IRQHandler)
    i.RTC1_IRQHandler                        0x00000798   Section        0  app_timer.o(i.RTC1_IRQHandler)
    i.SWI0_EGU0_IRQHandler                   0x000007bc   Section        0  app_timer.o(i.SWI0_EGU0_IRQHandler)
    i.SystemInit                             0x000007c0   Section        0  system_nrf52.o(i.SystemInit)
    i.UARTE0_UART0_IRQHandler                0x00000a5c   Section        0  nrf_drv_uart.o(i.UARTE0_UART0_IRQHandler)
    i.__0snprintf$8                          0x00000a78   Section        0  printf8.o(i.__0snprintf$8)
    i.__scatterload_copy                     0x00000aa8   Section       14  handlers.o(i.__scatterload_copy)
    i.__scatterload_null                     0x00000ab6   Section        2  handlers.o(i.__scatterload_null)
    i.__scatterload_zeroinit                 0x00000ab8   Section       14  handlers.o(i.__scatterload_zeroinit)
    i._printf_core                           0x00000ac8   Section        0  printf8.o(i._printf_core)
    _printf_core                             0x00000ac9   Thumb Code   996  printf8.o(i._printf_core)
    i._printf_post_padding                   0x00000ed8   Section        0  printf8.o(i._printf_post_padding)
    _printf_post_padding                     0x00000ed9   Thumb Code    36  printf8.o(i._printf_post_padding)
    i._printf_pre_padding                    0x00000efc   Section        0  printf8.o(i._printf_pre_padding)
    _printf_pre_padding                      0x00000efd   Thumb Code    46  printf8.o(i._printf_pre_padding)
    i._snputc                                0x00000f2a   Section        0  printf8.o(i._snputc)
    _snputc                                  0x00000f2b   Thumb Code    22  printf8.o(i._snputc)
    i.alert_timer_handler                    0x00000f40   Section        0  bsp.o(i.alert_timer_handler)
    alert_timer_handler                      0x00000f41   Thumb Code     6  bsp.o(i.alert_timer_handler)
    i.app_button_enable                      0x00000f48   Section        0  app_button.o(i.app_button_enable)
    i.app_button_init                        0x00000f6c   Section        0  app_button.o(i.app_button_init)
    i.app_error_fault_handler                0x00000fdc   Section        0  main.o(i.app_error_fault_handler)
    i.app_error_handler_bare                 0x00000ff6   Section        0  app_error.o(i.app_error_handler_bare)
    i.app_error_save_and_stop                0x0000100c   Section        0  app_error.o(i.app_error_save_and_stop)
    i.app_timer_create                       0x00001070   Section        0  app_timer.o(i.app_timer_create)
    i.app_timer_init                         0x00001094   Section        0  app_timer.o(i.app_timer_init)
    i.app_timer_start                        0x00001104   Section        0  app_timer.o(i.app_timer_start)
    i.app_timer_stop                         0x00001184   Section        0  app_timer.o(i.app_timer_stop)
    i.app_util_critical_region_enter         0x000011a4   Section        0  app_util_platform.o(i.app_util_critical_region_enter)
    i.app_util_critical_region_exit          0x000011a8   Section        0  app_util_platform.o(i.app_util_critical_region_exit)
    i.app_util_disable_irq                   0x000011ac   Section        0  app_util_platform.o(i.app_util_disable_irq)
    i.app_util_enable_irq                    0x000011bc   Section        0  app_util_platform.o(i.app_util_enable_irq)
    i.apply_config                           0x000011d0   Section        0  nrf_drv_uart.o(i.apply_config)
    apply_config                             0x000011d1   Thumb Code   180  nrf_drv_uart.o(i.apply_config)
    i.bsp_board_led_invert                   0x00001288   Section        0  boards.o(i.bsp_board_led_invert)
    i.bsp_board_led_off                      0x000012ac   Section        0  boards.o(i.bsp_board_led_off)
    i.bsp_board_led_on                       0x000012bc   Section        0  boards.o(i.bsp_board_led_on)
    i.bsp_board_led_state_get                0x000012cc   Section        0  boards.o(i.bsp_board_led_state_get)
    i.bsp_board_leds_init                    0x000012ec   Section        0  boards.o(i.bsp_board_leds_init)
    i.bsp_board_leds_off                     0x00001318   Section        0  boards.o(i.bsp_board_leds_off)
    i.bsp_board_leds_on                      0x0000132a   Section        0  boards.o(i.bsp_board_leds_on)
    i.bsp_board_pin_to_button_idx            0x0000133c   Section        0  boards.o(i.bsp_board_pin_to_button_idx)
    i.bsp_button_event_handler               0x00001360   Section        0  bsp.o(i.bsp_button_event_handler)
    bsp_button_event_handler                 0x00001361   Thumb Code   136  bsp.o(i.bsp_button_event_handler)
    i.bsp_buttons_enable                     0x000013f4   Section        0  bsp.o(i.bsp_buttons_enable)
    i.bsp_event_to_button_action_assign      0x000013f8   Section        0  bsp.o(i.bsp_event_to_button_action_assign)
    i.bsp_evt_handler                        0x0000143c   Section        0  main.o(i.bsp_evt_handler)
    bsp_evt_handler                          0x0000143d   Thumb Code   110  main.o(i.bsp_evt_handler)
    i.bsp_init                               0x000014b4   Section        0  bsp.o(i.bsp_init)
    i.bsp_led_indication                     0x0000154c   Section        0  bsp.o(i.bsp_led_indication)
    bsp_led_indication                       0x0000154d   Thumb Code   362  bsp.o(i.bsp_led_indication)
    i.buf_len_update                         0x000016c0   Section        0  nrf_log_backend_serial.o(i.buf_len_update)
    buf_len_update                           0x000016c1   Thumb Code    18  nrf_log_backend_serial.o(i.buf_len_update)
    i.buf_prealloc                           0x000016d4   Section        0  nrf_log_frontend.o(i.buf_prealloc)
    buf_prealloc                             0x000016d5   Thumb Code    84  nrf_log_frontend.o(i.buf_prealloc)
    i.buffer_is_empty                        0x00001734   Section        0  nrf_log_frontend.o(i.buffer_is_empty)
    i.button_timer_handler                   0x00001748   Section        0  bsp.o(i.button_timer_handler)
    button_timer_handler                     0x00001749   Thumb Code     8  bsp.o(i.button_timer_handler)
    i.channel_free                           0x00001750   Section        0  nrf_drv_gpiote.o(i.channel_free)
    channel_free                             0x00001751   Thumb Code    22  nrf_drv_gpiote.o(i.channel_free)
    i.channel_port_alloc                     0x0000176c   Section        0  nrf_drv_gpiote.o(i.channel_port_alloc)
    channel_port_alloc                       0x0000176d   Thumb Code    66  nrf_drv_gpiote.o(i.channel_port_alloc)
    i.channel_port_get                       0x000017b4   Section        0  nrf_drv_gpiote.o(i.channel_port_get)
    channel_port_get                         0x000017b5   Thumb Code    10  nrf_drv_gpiote.o(i.channel_port_get)
    i.clock_clk_started_notify               0x000017c4   Section        0  nrf_drv_clock.o(i.clock_clk_started_notify)
    clock_clk_started_notify                 0x000017c5   Thumb Code    34  nrf_drv_clock.o(i.clock_clk_started_notify)
    i.compare_reg_update                     0x000017ec   Section        0  app_timer.o(i.compare_reg_update)
    compare_reg_update                       0x000017ed   Thumb Code   160  app_timer.o(i.compare_reg_update)
    i.configure_pins                         0x00001898   Section        0  nrf_drv_pwm.o(i.configure_pins)
    configure_pins                           0x00001899   Thumb Code   102  nrf_drv_pwm.o(i.configure_pins)
    i.demo1                                  0x00001900   Section        0  main.o(i.demo1)
    demo1                                    0x00001901   Thumb Code    78  main.o(i.demo1)
    i.demo1_handler                          0x00001970   Section        0  main.o(i.demo1_handler)
    demo1_handler                            0x00001971   Thumb Code    78  main.o(i.demo1_handler)
    i.demo2                                  0x000019c4   Section        0  main.o(i.demo2)
    demo2                                    0x000019c5   Thumb Code   128  main.o(i.demo2)
    i.demo3                                  0x00001a64   Section        0  main.o(i.demo3)
    demo3                                    0x00001a65   Thumb Code    80  main.o(i.demo3)
    i.demo4                                  0x00001ad0   Section        0  main.o(i.demo4)
    demo4                                    0x00001ad1   Thumb Code   342  main.o(i.demo4)
    i.demo5                                  0x00001c48   Section        0  main.o(i.demo5)
    demo5                                    0x00001c49   Thumb Code    80  main.o(i.demo5)
    i.detection_delay_timeout_handler        0x00001cb4   Section        0  app_button.o(i.detection_delay_timeout_handler)
    detection_delay_timeout_handler          0x00001cb5   Thumb Code    92  app_button.o(i.detection_delay_timeout_handler)
    i.elapsed_ticks_acquire                  0x00001d14   Section        0  app_timer.o(i.elapsed_ticks_acquire)
    elapsed_ticks_acquire                    0x00001d15   Thumb Code    58  app_timer.o(i.elapsed_ticks_acquire)
    i.gpiote_event_handler                   0x00001d54   Section        0  app_button.o(i.gpiote_event_handler)
    gpiote_event_handler                     0x00001d55   Thumb Code    78  app_button.o(i.gpiote_event_handler)
    i.interrupts_enable                      0x00001dac   Section        0  nrf_drv_uart.o(i.interrupts_enable)
    interrupts_enable                        0x00001dad   Thumb Code   106  nrf_drv_uart.o(i.interrupts_enable)
    i.irq_handler                            0x00001e24   Section        0  nrf_drv_pwm.o(i.irq_handler)
    irq_handler                              0x00001e25   Thumb Code   158  nrf_drv_pwm.o(i.irq_handler)
    i.item_enqueue                           0x00001ec2   Section        0  nrf_drv_clock.o(i.item_enqueue)
    item_enqueue                             0x00001ec3   Thumb Code    22  nrf_drv_clock.o(i.item_enqueue)
    i.leds_timer_handler                     0x00001ed8   Section        0  bsp.o(i.leds_timer_handler)
    leds_timer_handler                       0x00001ed9   Thumb Code    16  bsp.o(i.leds_timer_handler)
    i.list_deletions_handler                 0x00001eec   Section        0  app_timer.o(i.list_deletions_handler)
    list_deletions_handler                   0x00001eed   Thumb Code   158  app_timer.o(i.list_deletions_handler)
    i.list_insertions_handler                0x00001f94   Section        0  app_timer.o(i.list_insertions_handler)
    list_insertions_handler                  0x00001f95   Thumb Code   174  app_timer.o(i.list_insertions_handler)
    i.main                                   0x0000204c   Section        0  main.o(i.main)
    i.nrf_bitmask_bit_is_set                 0x000020d4   Section        0  nrf_drv_gpiote.o(i.nrf_bitmask_bit_is_set)
    nrf_bitmask_bit_is_set                   0x000020d5   Thumb Code    16  nrf_drv_gpiote.o(i.nrf_bitmask_bit_is_set)
    i.nrf_clock_event_check                  0x000020e4   Section        0  nrf_drv_clock.o(i.nrf_clock_event_check)
    nrf_clock_event_check                    0x000020e5   Thumb Code    14  nrf_drv_clock.o(i.nrf_clock_event_check)
    i.nrf_clock_event_clear                  0x000020f2   Section        0  nrf_drv_clock.o(i.nrf_clock_event_clear)
    nrf_clock_event_clear                    0x000020f3   Thumb Code    16  nrf_drv_clock.o(i.nrf_clock_event_clear)
    i.nrf_delay_us                           0x00002104   Section        0  app_timer.o(i.nrf_delay_us)
    nrf_delay_us                             0x00002105   Thumb Code   132  app_timer.o(i.nrf_delay_us)
    i.nrf_drv_clock_init                     0x00002190   Section        0  nrf_drv_clock.o(i.nrf_drv_clock_init)
    i.nrf_drv_clock_lfclk_request            0x000021d4   Section        0  nrf_drv_clock.o(i.nrf_drv_clock_lfclk_request)
    i.nrf_drv_common_irq_disable             0x00002234   Section        0  nrf_drv_uart.o(i.nrf_drv_common_irq_disable)
    nrf_drv_common_irq_disable               0x00002235   Thumb Code    22  nrf_drv_uart.o(i.nrf_drv_common_irq_disable)
    i.nrf_drv_common_irq_enable              0x0000224a   Section        0  nrf_drv_common.o(i.nrf_drv_common_irq_enable)
    i.nrf_drv_get_IRQn                       0x00002282   Section        0  nrf_drv_uart.o(i.nrf_drv_get_IRQn)
    nrf_drv_get_IRQn                         0x00002283   Thumb Code     6  nrf_drv_uart.o(i.nrf_drv_get_IRQn)
    i.nrf_drv_gpiote_in_event_enable         0x00002288   Section        0  nrf_drv_gpiote.o(i.nrf_drv_gpiote_in_event_enable)
    i.nrf_drv_gpiote_in_init                 0x0000232c   Section        0  nrf_drv_gpiote.o(i.nrf_drv_gpiote_in_init)
    i.nrf_drv_gpiote_in_is_set               0x000023e4   Section        0  nrf_drv_gpiote.o(i.nrf_drv_gpiote_in_is_set)
    i.nrf_drv_gpiote_init                    0x000023f8   Section        0  nrf_drv_gpiote.o(i.nrf_drv_gpiote_init)
    i.nrf_drv_gpiote_is_init                 0x00002454   Section        0  nrf_drv_gpiote.o(i.nrf_drv_gpiote_is_init)
    i.nrf_drv_is_in_RAM                      0x00002468   Section        0  nrf_drv_uart.o(i.nrf_drv_is_in_RAM)
    nrf_drv_is_in_RAM                        0x00002469   Thumb Code    16  nrf_drv_uart.o(i.nrf_drv_is_in_RAM)
    i.nrf_drv_pwm_complex_playback           0x00002478   Section        0  nrf_drv_pwm.o(i.nrf_drv_pwm_complex_playback)
    i.nrf_drv_pwm_init                       0x000024d4   Section        0  nrf_drv_pwm.o(i.nrf_drv_pwm_init)
    i.nrf_drv_pwm_simple_playback            0x00002574   Section        0  nrf_drv_pwm.o(i.nrf_drv_pwm_simple_playback)
    i.nrf_drv_pwm_uninit                     0x000025e4   Section        0  nrf_drv_pwm.o(i.nrf_drv_pwm_uninit)
    i.nrf_drv_uart_init                      0x00002618   Section        0  nrf_drv_uart.o(i.nrf_drv_uart_init)
    i.nrf_drv_uart_tx                        0x00002680   Section        0  nrf_drv_uart.o(i.nrf_drv_uart_tx)
    i.nrf_drv_uart_tx_in_progress            0x0000278c   Section        0  nrf_drv_uart.o(i.nrf_drv_uart_tx_in_progress)
    i.nrf_drv_uart_uninit                    0x000027a4   Section        0  nrf_drv_uart.o(i.nrf_drv_uart_uninit)
    i.nrf_gpio_cfg                           0x000027f8   Section        0  boards.o(i.nrf_gpio_cfg)
    nrf_gpio_cfg                             0x000027f9   Thumb Code    36  boards.o(i.nrf_gpio_cfg)
    i.nrf_gpio_cfg                           0x0000281c   Section        0  nrf_drv_gpiote.o(i.nrf_gpio_cfg)
    nrf_gpio_cfg                             0x0000281d   Thumb Code    36  nrf_drv_gpiote.o(i.nrf_gpio_cfg)
    i.nrf_gpio_cfg                           0x00002840   Section        0  nrf_drv_uart.o(i.nrf_gpio_cfg)
    nrf_gpio_cfg                             0x00002841   Thumb Code    36  nrf_drv_uart.o(i.nrf_gpio_cfg)
    i.nrf_gpio_cfg_default                   0x00002864   Section        0  nrf_drv_uart.o(i.nrf_gpio_cfg_default)
    nrf_gpio_cfg_default                     0x00002865   Thumb Code    18  nrf_drv_uart.o(i.nrf_gpio_cfg_default)
    i.nrf_gpio_cfg_input                     0x00002876   Section        0  nrf_drv_uart.o(i.nrf_gpio_cfg_input)
    nrf_gpio_cfg_input                       0x00002877   Thumb Code    18  nrf_drv_uart.o(i.nrf_gpio_cfg_input)
    i.nrf_gpio_cfg_output                    0x00002888   Section        0  nrf_drv_uart.o(i.nrf_gpio_cfg_output)
    nrf_gpio_cfg_output                      0x00002889   Thumb Code    20  nrf_drv_uart.o(i.nrf_gpio_cfg_output)
    i.nrf_gpio_cfg_sense_set                 0x0000289c   Section        0  nrf_drv_gpiote.o(i.nrf_gpio_cfg_sense_set)
    nrf_gpio_cfg_sense_set                   0x0000289d   Thumb Code    34  nrf_drv_gpiote.o(i.nrf_gpio_cfg_sense_set)
    i.nrf_gpio_pin_write                     0x000028be   Section        0  boards.o(i.nrf_gpio_pin_write)
    nrf_gpio_pin_write                       0x000028bf   Thumb Code    22  boards.o(i.nrf_gpio_pin_write)
    i.nrf_gpio_ports_read                    0x000028d4   Section        0  nrf_drv_gpiote.o(i.nrf_gpio_ports_read)
    nrf_gpio_ports_read                      0x000028d5   Thumb Code    34  nrf_drv_gpiote.o(i.nrf_gpio_ports_read)
    i.nrf_gpiote_event_clear                 0x000028fc   Section        0  nrf_drv_gpiote.o(i.nrf_gpiote_event_clear)
    nrf_gpiote_event_clear                   0x000028fd   Thumb Code    16  nrf_drv_gpiote.o(i.nrf_gpiote_event_clear)
    i.nrf_gpiote_event_is_set                0x00002910   Section        0  nrf_drv_gpiote.o(i.nrf_gpiote_event_is_set)
    nrf_gpiote_event_is_set                  0x00002911   Thumb Code    12  nrf_drv_gpiote.o(i.nrf_gpiote_event_is_set)
    i.nrf_log_backend_hexdump_handler_get    0x00002920   Section        0  nrf_log_backend_serial.o(i.nrf_log_backend_hexdump_handler_get)
    i.nrf_log_backend_init                   0x00002928   Section        0  nrf_log_backend_serial.o(i.nrf_log_backend_init)
    i.nrf_log_backend_serial_hexdump_handler 0x00002998   Section        0  nrf_log_backend_serial.o(i.nrf_log_backend_serial_hexdump_handler)
    nrf_log_backend_serial_hexdump_handler   0x00002999   Thumb Code   302  nrf_log_backend_serial.o(i.nrf_log_backend_serial_hexdump_handler)
    i.nrf_log_backend_serial_std_handler     0x00002ac6   Section        0  nrf_log_backend_serial.o(i.nrf_log_backend_serial_std_handler)
    nrf_log_backend_serial_std_handler       0x00002ac7   Thumb Code   276  nrf_log_backend_serial.o(i.nrf_log_backend_serial_std_handler)
    i.nrf_log_backend_std_handler_get        0x00002bdc   Section        0  nrf_log_backend_serial.o(i.nrf_log_backend_std_handler_get)
    i.nrf_log_frontend_dequeue               0x00002be4   Section        0  nrf_log_frontend.o(i.nrf_log_frontend_dequeue)
    i.nrf_log_frontend_init                  0x00002d14   Section        0  nrf_log_frontend.o(i.nrf_log_frontend_init)
    i.nrf_log_frontend_std_0                 0x00002d28   Section        0  nrf_log_frontend.o(i.nrf_log_frontend_std_0)
    i.nrf_log_handlers_set                   0x00002d74   Section        0  nrf_log_frontend.o(i.nrf_log_handlers_set)
    i.nrf_log_init                           0x00002d84   Section        0  nrf_log_frontend.o(i.nrf_log_init)
    i.nrf_pwm_event_check                    0x00002da8   Section        0  nrf_drv_pwm.o(i.nrf_pwm_event_check)
    nrf_pwm_event_check                      0x00002da9   Thumb Code    10  nrf_drv_pwm.o(i.nrf_pwm_event_check)
    i.nrf_pwm_event_clear                    0x00002db2   Section        0  nrf_drv_pwm.o(i.nrf_pwm_event_clear)
    nrf_pwm_event_clear                      0x00002db3   Thumb Code    12  nrf_drv_pwm.o(i.nrf_pwm_event_clear)
    i.nrf_pwm_int_enable_check               0x00002dbe   Section        0  nrf_drv_pwm.o(i.nrf_pwm_int_enable_check)
    nrf_pwm_int_enable_check                 0x00002dbf   Thumb Code    12  nrf_drv_pwm.o(i.nrf_pwm_int_enable_check)
    i.nrf_pwm_sequence_set                   0x00002dca   Section        0  nrf_drv_pwm.o(i.nrf_pwm_sequence_set)
    nrf_pwm_sequence_set                     0x00002dcb   Thumb Code    30  nrf_drv_pwm.o(i.nrf_pwm_sequence_set)
    i.nrf_uart_event_check                   0x00002de8   Section        0  nrf_drv_uart.o(i.nrf_uart_event_check)
    nrf_uart_event_check                     0x00002de9   Thumb Code    10  nrf_drv_uart.o(i.nrf_uart_event_check)
    i.nrf_uart_event_clear                   0x00002df2   Section        0  nrf_drv_uart.o(i.nrf_uart_event_clear)
    nrf_uart_event_clear                     0x00002df3   Thumb Code    12  nrf_drv_uart.o(i.nrf_uart_event_clear)
    i.nrf_uart_int_enable_check              0x00002dfe   Section        0  nrf_drv_uart.o(i.nrf_uart_int_enable_check)
    nrf_uart_int_enable_check                0x00002dff   Thumb Code    12  nrf_drv_uart.o(i.nrf_uart_int_enable_check)
    i.nrf_uarte_event_check                  0x00002e0a   Section        0  nrf_drv_uart.o(i.nrf_uarte_event_check)
    nrf_uarte_event_check                    0x00002e0b   Thumb Code    10  nrf_drv_uart.o(i.nrf_uarte_event_check)
    i.nrf_uarte_event_clear                  0x00002e14   Section        0  nrf_drv_uart.o(i.nrf_uarte_event_clear)
    nrf_uarte_event_clear                    0x00002e15   Thumb Code    12  nrf_drv_uart.o(i.nrf_uarte_event_clear)
    i.pin_in_use_by_port                     0x00002e20   Section        0  nrf_drv_gpiote.o(i.pin_in_use_by_port)
    pin_in_use_by_port                       0x00002e21   Thumb Code    20  nrf_drv_gpiote.o(i.pin_in_use_by_port)
    i.pin_in_use_by_te                       0x00002e38   Section        0  nrf_drv_gpiote.o(i.pin_in_use_by_te)
    pin_in_use_by_te                         0x00002e39   Thumb Code    20  nrf_drv_gpiote.o(i.pin_in_use_by_te)
    i.pins_to_default                        0x00002e50   Section        0  nrf_drv_uart.o(i.pins_to_default)
    pins_to_default                          0x00002e51   Thumb Code   114  nrf_drv_uart.o(i.pins_to_default)
    i.rtc1_stop                              0x00002ec8   Section        0  app_timer.o(i.rtc1_stop)
    rtc1_stop                                0x00002ec9   Thumb Code    52  app_timer.o(i.rtc1_stop)
    i.rx_byte                                0x00002f04   Section        0  nrf_drv_uart.o(i.rx_byte)
    rx_byte                                  0x00002f05   Thumb Code    50  nrf_drv_uart.o(i.rx_byte)
    i.rx_done_event                          0x00002f36   Section        0  nrf_drv_uart.o(i.rx_done_event)
    rx_done_event                            0x00002f37   Thumb Code    24  nrf_drv_uart.o(i.rx_done_event)
    i.serial_is_busy                         0x00002f50   Section        0  nrf_log_backend_serial.o(i.serial_is_busy)
    serial_is_busy                           0x00002f51   Thumb Code     6  nrf_log_backend_serial.o(i.serial_is_busy)
    i.serial_tx                              0x00002f5c   Section        0  nrf_log_backend_serial.o(i.serial_tx)
    serial_tx                                0x00002f5d   Thumb Code    34  nrf_log_backend_serial.o(i.serial_tx)
    i.start_playback                         0x00002f88   Section        0  nrf_drv_pwm.o(i.start_playback)
    start_playback                           0x00002f89   Thumb Code    62  nrf_drv_pwm.o(i.start_playback)
    i.timer_list_handler                     0x00002fc8   Section        0  app_timer.o(i.timer_list_handler)
    timer_list_handler                       0x00002fc9   Thumb Code   134  app_timer.o(i.timer_list_handler)
    i.timer_list_insert                      0x00003054   Section        0  app_timer.o(i.timer_list_insert)
    timer_list_insert                        0x00003055   Thumb Code    56  app_timer.o(i.timer_list_insert)
    i.timer_stop_op_schedule                 0x00003090   Section        0  app_timer.o(i.timer_stop_op_schedule)
    timer_stop_op_schedule                   0x00003091   Thumb Code    60  app_timer.o(i.timer_stop_op_schedule)
    i.timer_timeouts_check                   0x000030d0   Section        0  app_timer.o(i.timer_timeouts_check)
    timer_timeouts_check                     0x000030d1   Thumb Code   124  app_timer.o(i.timer_timeouts_check)
    i.timestamp_process                      0x00003154   Section        0  nrf_log_backend_serial.o(i.timestamp_process)
    timestamp_process                        0x00003155   Thumb Code    44  nrf_log_backend_serial.o(i.timestamp_process)
    i.tx_byte                                0x00003188   Section        0  nrf_drv_uart.o(i.tx_byte)
    tx_byte                                  0x00003189   Thumb Code    32  nrf_drv_uart.o(i.tx_byte)
    i.tx_done_event                          0x000031a8   Section        0  nrf_drv_uart.o(i.tx_done_event)
    tx_done_event                            0x000031a9   Thumb Code    28  nrf_drv_uart.o(i.tx_done_event)
    i.uart_event_handler                     0x000031c4   Section        0  nrf_log_backend_serial.o(i.uart_event_handler)
    uart_event_handler                       0x000031c5   Thumb Code    12  nrf_log_backend_serial.o(i.uart_event_handler)
    i.uart_irq_handler                       0x000031d4   Section        0  nrf_drv_uart.o(i.uart_irq_handler)
    uart_irq_handler                         0x000031d5   Thumb Code   286  nrf_drv_uart.o(i.uart_irq_handler)
    i.uarte_irq_handler                      0x000032f2   Section        0  nrf_drv_uart.o(i.uarte_irq_handler)
    uarte_irq_handler                        0x000032f3   Thumb Code   240  nrf_drv_uart.o(i.uarte_irq_handler)
    i.user_op_alloc                          0x000033e4   Section        0  app_timer.o(i.user_op_alloc)
    user_op_alloc                            0x000033e5   Thumb Code    42  app_timer.o(i.user_op_alloc)
    .constdata                               0x00003414   Section      240  main.o(.constdata)
    m_demo1_seq                              0x00003414   Data          16  main.o(.constdata)
    .constdata                               0x00003504   Section        8  boards.o(.constdata)
    m_board_led_list                         0x00003504   Data           4  boards.o(.constdata)
    m_board_btn_list                         0x00003508   Data           4  boards.o(.constdata)
    .constdata                               0x0000350c   Section       44  bsp.o(.constdata)
    m_leds_timer_id                          0x0000350c   Data           4  bsp.o(.constdata)
    m_alert_timer_id                         0x00003510   Data           4  bsp.o(.constdata)
    m_button_timer_id                        0x00003514   Data           4  bsp.o(.constdata)
    app_buttons                              0x00003518   Data          32  bsp.o(.constdata)
    .constdata                               0x00003538   Section        4  nrf_drv_gpiote.o(.constdata)
    .constdata                               0x0000353c   Section        8  app_button.o(.constdata)
    m_detection_delay_timer_id               0x0000353c   Data           4  app_button.o(.constdata)
    .constdata                               0x00003544   Section       32  nrf_log_backend_serial.o(.constdata)
    .constdata                               0x00003564   Section       36  nrf_log_frontend.o(.constdata)
    .constdata                               0x00003588   Section      129  ctype_o.o(.constdata)
    .constdata                               0x0000360c   Section        4  ctype_o.o(.constdata)
    table                                    0x0000360c   Data           4  ctype_o.o(.constdata)
    .conststring                             0x00003610   Section       11  nrf_log_frontend.o(.conststring)
    .data                                    0x20000000   Section       36  main.o(.data)
    m_used                                   0x20000000   Data           1  main.o(.data)
    demo_idx                                 0x20000001   Data           1  main.o(.data)
    m_demo1_phase                            0x20000002   Data           1  main.o(.data)
    m_pwm0                                   0x20000004   Data           8  main.o(.data)
    m_pwm1                                   0x2000000c   Data           8  main.o(.data)
    m_pwm2                                   0x20000014   Data           8  main.o(.data)
    m_demo1_seq_values                       0x2000001c   Data           8  main.o(.data)
    .data                                    0x20000024   Section       12  main.o(.data)
    seq1_values                              0x20000024   Data          12  main.o(.data)
    .data                                    0x20000030   Section       12  main.o(.data)
    seq_values                               0x20000030   Data          12  main.o(.data)
    .data                                    0x2000003c   Section       16  main.o(.data)
    pwm0_seq_values                          0x2000003c   Data          16  main.o(.data)
    .data                                    0x2000004c   Section        4  main.o(.data)
    stay_off_values                          0x2000004c   Data           4  main.o(.data)
    .data                                    0x20000050   Section       32  main.o(.data)
    seq_values                               0x20000050   Data          32  main.o(.data)
    .data                                    0x20000070   Section       20  bsp.o(.data)
    m_stable_state                           0x20000070   Data           1  bsp.o(.data)
    m_leds_clear                             0x20000071   Data           1  bsp.o(.data)
    current_long_push_pin_no                 0x20000072   Data           1  bsp.o(.data)
    m_app_ticks_per_100ms                    0x20000074   Data           4  bsp.o(.data)
    m_indication_type                        0x20000078   Data           4  bsp.o(.data)
    m_registered_callback                    0x2000007c   Data           4  bsp.o(.data)
    release_event_at_push                    0x20000080   Data           4  bsp.o(.data)
    .data                                    0x20000084   Section       20  app_button.o(.data)
    m_button_count                           0x20000084   Data           1  app_button.o(.data)
    mp_buttons                               0x20000088   Data           4  app_button.o(.data)
    m_detection_delay                        0x2000008c   Data           4  app_button.o(.data)
    m_pin_state                              0x20000090   Data           4  app_button.o(.data)
    m_pin_transition                         0x20000094   Data           4  app_button.o(.data)
    .data                                    0x20000098   Section       32  app_timer.o(.data)
    m_ticks_elapsed_q_read_ind               0x20000098   Data           1  app_timer.o(.data)
    m_ticks_elapsed_q_write_ind              0x20000099   Data           1  app_timer.o(.data)
    m_rtc1_running                           0x2000009a   Data           1  app_timer.o(.data)
    m_rtc1_reset                             0x2000009b   Data           1  app_timer.o(.data)
    mp_timer_id_head                         0x2000009c   Data           4  app_timer.o(.data)
    m_ticks_latest                           0x200000a0   Data           4  app_timer.o(.data)
    m_evt_schedule_func                      0x200000a4   Data           4  app_timer.o(.data)
    m_op_queue                               0x200000a8   Data           8  app_timer.o(.data)
    m_ticks_elapsed                          0x200000b0   Data           8  app_timer.o(.data)
    .data                                    0x200000b8   Section        4  app_util_platform.o(.data)
    m_in_critical_region                     0x200000b8   Data           4  app_util_platform.o(.data)
    .data                                    0x200000bc   Section       12  nrf_log_backend_serial.o(.data)
    m_initialized                            0x200000bc   Data           1  nrf_log_backend_serial.o(.data)
    m_blocking_mode                          0x200000bd   Data           1  nrf_log_backend_serial.o(.data)
    m_rx_done                                0x200000be   Data           1  nrf_log_backend_serial.o(.data)
    m_uart                                   0x200000c0   Data           8  nrf_log_backend_serial.o(.data)
    .data                                    0x200000c8   Section        4  nrf_log_frontend.o(.data)
    m_overflow_info                          0x200000c8   Data           4  nrf_log_frontend.o(.data)
    .data                                    0x200000cc   Section        4  system_nrf52.o(.data)
    __tagsym$$used                           0x200000cc   Number         0  system_nrf52.o(.data)
    .bss                                     0x200000d0   Section      324  main.o(.bss)
    seq0_values                              0x200000d0   Data          50  main.o(.bss)
    fade_in_out_values                       0x20000102   Data         200  main.o(.bss)
    APP_TIMER_BUF                            0x200001cc   Data          72  main.o(.bss)
    .bss                                     0x20000214   Section       32  bsp.o(.bss)
    m_leds_timer_id_data                     0x20000214   Data          32  bsp.o(.bss)
    .bss                                     0x20000234   Section       32  bsp.o(.bss)
    m_alert_timer_id_data                    0x20000234   Data          32  bsp.o(.bss)
    .bss                                     0x20000254   Section       12  bsp.o(.bss)
    m_events_list                            0x20000254   Data          12  bsp.o(.bss)
    .bss                                     0x20000260   Section       32  bsp.o(.bss)
    m_button_timer_id_data                   0x20000260   Data          32  bsp.o(.bss)
    .bss                                     0x20000280   Section       20  nrf_drv_clock.o(.bss)
    m_clock_cb                               0x20000280   Data          20  nrf_drv_clock.o(.bss)
    .bss                                     0x20000294   Section       88  nrf_drv_gpiote.o(.bss)
    m_cb                                     0x20000294   Data          88  nrf_drv_gpiote.o(.bss)
    .bss                                     0x200002ec   Section       24  nrf_drv_pwm.o(.bss)
    m_cb                                     0x200002ec   Data          24  nrf_drv_pwm.o(.bss)
    .bss                                     0x20000304   Section       32  nrf_drv_uart.o(.bss)
    m_cb                                     0x20000304   Data          32  nrf_drv_uart.o(.bss)
    .bss                                     0x20000324   Section       32  app_button.o(.bss)
    m_detection_delay_timer_id_data          0x20000324   Data          32  app_button.o(.bss)
    .bss                                     0x20000344   Section       32  app_error.o(.bss)
    m_error_data                             0x20000344   Data          32  app_error.o(.bss)
    .bss                                     0x20000364   Section      256  nrf_log_backend_serial.o(.bss)
    m_uart_buffer                            0x20000364   Data         256  nrf_log_backend_serial.o(.bss)
    .bss                                     0x20000464   Section     1048  nrf_log_frontend.o(.bss)
    m_log_data                               0x20000464   Data        1048  nrf_log_frontend.o(.bss)
    STACK                                    0x20000880   Section     8192  arm_startup_nrf52.o(STACK)

    Global Symbols

    Symbol Name                              Value     Ov Type        Size  Object(Section)

    BuildAttributes$$THM_ISAv4$E$P$D$K$B$S$7EM$VFPi3$EXTD16$VFPS$VFMA$PE$A:L22UL41UL21$X:L11$S22US41US21$IEEE1$IW$USESV6$~STKCKD$USESV7$~SHL$OSPACE$ROPI$EBA8$MICROLIB$REQ8$PRES8$EABIv2 0x00000000   Number         0  anon$$obj.o ABSOLUTE
    __ARM_use_no_argv                        0x00000000   Number         0  main.o ABSOLUTE
    __Vectors                                0x00000000   Data           4  arm_startup_nrf52.o(RESET)
    _printf_a                                0x00000000   Number         0  stubs.o ABSOLUTE
    _printf_c                                0x00000000   Number         0  stubs.o ABSOLUTE
    _printf_charcount                        0x00000000   Number         0  stubs.o ABSOLUTE
    _printf_d                                0x00000000   Number         0  stubs.o ABSOLUTE
    _printf_e                                0x00000000   Number         0  stubs.o ABSOLUTE
    _printf_f                                0x00000000   Number         0  stubs.o ABSOLUTE
    _printf_flags                            0x00000000   Number         0  stubs.o ABSOLUTE
    _printf_fp_dec                           0x00000000   Number         0  stubs.o ABSOLUTE
    _printf_fp_hex                           0x00000000   Number         0  stubs.o ABSOLUTE
    _printf_g                                0x00000000   Number         0  stubs.o ABSOLUTE
    _printf_i                                0x00000000   Number         0  stubs.o ABSOLUTE
    _printf_int_dec                          0x00000000   Number         0  stubs.o ABSOLUTE
    _printf_l                                0x00000000   Number         0  stubs.o ABSOLUTE
    _printf_lc                               0x00000000   Number         0  stubs.o ABSOLUTE
    _printf_ll                               0x00000000   Number         0  stubs.o ABSOLUTE
    _printf_lld                              0x00000000   Number         0  stubs.o ABSOLUTE
    _printf_lli                              0x00000000   Number         0  stubs.o ABSOLUTE
    _printf_llo                              0x00000000   Number         0  stubs.o ABSOLUTE
    _printf_llu                              0x00000000   Number         0  stubs.o ABSOLUTE
    _printf_llx                              0x00000000   Number         0  stubs.o ABSOLUTE
    _printf_longlong_dec                     0x00000000   Number         0  stubs.o ABSOLUTE
    _printf_longlong_hex                     0x00000000   Number         0  stubs.o ABSOLUTE
    _printf_longlong_oct                     0x00000000   Number         0  stubs.o ABSOLUTE
    _printf_ls                               0x00000000   Number         0  stubs.o ABSOLUTE
    _printf_mbtowc                           0x00000000   Number         0  stubs.o ABSOLUTE
    _printf_n                                0x00000000   Number         0  stubs.o ABSOLUTE
    _printf_o                                0x00000000   Number         0  stubs.o ABSOLUTE
    _printf_p                                0x00000000   Number         0  stubs.o ABSOLUTE
    _printf_percent                          0x00000000   Number         0  stubs.o ABSOLUTE
    _printf_pre_padding                      0x00000000   Number         0  stubs.o ABSOLUTE
    _printf_return_value                     0x00000000   Number         0  stubs.o ABSOLUTE
    _printf_s                                0x00000000   Number         0  stubs.o ABSOLUTE
    _printf_sizespec                         0x00000000   Number         0  stubs.o ABSOLUTE
    _printf_str                              0x00000000   Number         0  stubs.o ABSOLUTE
    _printf_truncate_signed                  0x00000000   Number         0  stubs.o ABSOLUTE
    _printf_truncate_unsigned                0x00000000   Number         0  stubs.o ABSOLUTE
    _printf_u                                0x00000000   Number         0  stubs.o ABSOLUTE
    _printf_wc                               0x00000000   Number         0  stubs.o ABSOLUTE
    _printf_wctomb                           0x00000000   Number         0  stubs.o ABSOLUTE
    _printf_widthprec                        0x00000000   Number         0  stubs.o ABSOLUTE
    _printf_x                                0x00000000   Number         0  stubs.o ABSOLUTE
    __cpp_initialize__aeabi_                  - Undefined Weak Reference
    __cxa_finalize                            - Undefined Weak Reference
    __decompress                              - Undefined Weak Reference
    _clock_init                               - Undefined Weak Reference
    _microlib_exit                            - Undefined Weak Reference
    __Vectors_End                            0x00000400   Data           0  arm_startup_nrf52.o(RESET)
    __Vectors_Size                           0x00000400   Number         0  arm_startup_nrf52.o ABSOLUTE
    __main                                   0x00000401   Thumb Code     0  entry.o(.ARM.Collect$$$$00000000)
    _main_stk                                0x00000401   Thumb Code     0  entry2.o(.ARM.Collect$$$$00000001)
    _main_scatterload                        0x00000405   Thumb Code     0  entry5.o(.ARM.Collect$$$$00000004)
    __main_after_scatterload                 0x00000409   Thumb Code     0  entry5.o(.ARM.Collect$$$$00000004)
    _main_clock                              0x00000409   Thumb Code     0  entry7b.o(.ARM.Collect$$$$00000008)
    _main_cpp_init                           0x00000409   Thumb Code     0  entry8b.o(.ARM.Collect$$$$0000000A)
    _main_init                               0x00000409   Thumb Code     0  entry9a.o(.ARM.Collect$$$$0000000B)
    __rt_final_cpp                           0x00000411   Thumb Code     0  entry10a.o(.ARM.Collect$$$$0000000D)
    __rt_final_exit                          0x00000411   Thumb Code     0  entry11a.o(.ARM.Collect$$$$0000000F)
    Reset_Handler                            0x00000415   Thumb Code     8  arm_startup_nrf52.o(.text)
    NMI_Handler                              0x0000041d   Thumb Code     2  arm_startup_nrf52.o(.text)
    HardFault_Handler                        0x0000041f   Thumb Code     2  arm_startup_nrf52.o(.text)
    MemoryManagement_Handler                 0x00000421   Thumb Code     2  arm_startup_nrf52.o(.text)
    BusFault_Handler                         0x00000423   Thumb Code     2  arm_startup_nrf52.o(.text)
    UsageFault_Handler                       0x00000425   Thumb Code     2  arm_startup_nrf52.o(.text)
    SVC_Handler                              0x00000427   Thumb Code     2  arm_startup_nrf52.o(.text)
    DebugMon_Handler                         0x00000429   Thumb Code     2  arm_startup_nrf52.o(.text)
    PendSV_Handler                           0x0000042b   Thumb Code     2  arm_startup_nrf52.o(.text)
    SysTick_Handler                          0x0000042d   Thumb Code     2  arm_startup_nrf52.o(.text)
    CCM_AAR_IRQHandler                       0x0000042f   Thumb Code     0  arm_startup_nrf52.o(.text)
    COMP_LPCOMP_IRQHandler                   0x0000042f   Thumb Code     0  arm_startup_nrf52.o(.text)
    ECB_IRQHandler                           0x0000042f   Thumb Code     0  arm_startup_nrf52.o(.text)
    FPU_IRQHandler                           0x0000042f   Thumb Code     0  arm_startup_nrf52.o(.text)
    I2S_IRQHandler                           0x0000042f   Thumb Code     0  arm_startup_nrf52.o(.text)
    MWU_IRQHandler                           0x0000042f   Thumb Code     0  arm_startup_nrf52.o(.text)
    NFCT_IRQHandler                          0x0000042f   Thumb Code     0  arm_startup_nrf52.o(.text)
    PDM_IRQHandler                           0x0000042f   Thumb Code     0  arm_startup_nrf52.o(.text)
    QDEC_IRQHandler                          0x0000042f   Thumb Code     0  arm_startup_nrf52.o(.text)
    RADIO_IRQHandler                         0x0000042f   Thumb Code     0  arm_startup_nrf52.o(.text)
    RNG_IRQHandler                           0x0000042f   Thumb Code     0  arm_startup_nrf52.o(.text)
    RTC0_IRQHandler                          0x0000042f   Thumb Code     0  arm_startup_nrf52.o(.text)
    RTC2_IRQHandler                          0x0000042f   Thumb Code     0  arm_startup_nrf52.o(.text)
    SAADC_IRQHandler                         0x0000042f   Thumb Code     0  arm_startup_nrf52.o(.text)
    SPIM0_SPIS0_TWIM0_TWIS0_SPI0_TWI0_IRQHandler 0x0000042f   Thumb Code     0  arm_startup_nrf52.o(.text)
    SPIM1_SPIS1_TWIM1_TWIS1_SPI1_TWI1_IRQHandler 0x0000042f   Thumb Code     0  arm_startup_nrf52.o(.text)
    SPIM2_SPIS2_SPI2_IRQHandler              0x0000042f   Thumb Code     0  arm_startup_nrf52.o(.text)
    SWI1_EGU1_IRQHandler                     0x0000042f   Thumb Code     0  arm_startup_nrf52.o(.text)
    SWI2_EGU2_IRQHandler                     0x0000042f   Thumb Code     0  arm_startup_nrf52.o(.text)
    SWI3_EGU3_IRQHandler                     0x0000042f   Thumb Code     0  arm_startup_nrf52.o(.text)
    SWI4_EGU4_IRQHandler                     0x0000042f   Thumb Code     0  arm_startup_nrf52.o(.text)
    SWI5_EGU5_IRQHandler                     0x0000042f   Thumb Code     0  arm_startup_nrf52.o(.text)
    TEMP_IRQHandler                          0x0000042f   Thumb Code     0  arm_startup_nrf52.o(.text)
    TIMER0_IRQHandler                        0x0000042f   Thumb Code     0  arm_startup_nrf52.o(.text)
    TIMER1_IRQHandler                        0x0000042f   Thumb Code     0  arm_startup_nrf52.o(.text)
    TIMER2_IRQHandler                        0x0000042f   Thumb Code     0  arm_startup_nrf52.o(.text)
    TIMER3_IRQHandler                        0x0000042f   Thumb Code     0  arm_startup_nrf52.o(.text)
    TIMER4_IRQHandler                        0x0000042f   Thumb Code     0  arm_startup_nrf52.o(.text)
    WDT_IRQHandler                           0x0000042f   Thumb Code     0  arm_startup_nrf52.o(.text)
    __rt_ctype_table                         0x00000439   Thumb Code     4  ctype_o.o(.text)
    __aeabi_memcpy                           0x00000441   Thumb Code    36  memcpya.o(.text)
    __aeabi_memcpy4                          0x00000441   Thumb Code     0  memcpya.o(.text)
    __aeabi_memcpy8                          0x00000441   Thumb Code     0  memcpya.o(.text)
    strlen                                   0x00000465   Thumb Code    14  strlen.o(.text)
    __aeabi_uldivmod                         0x00000473   Thumb Code    98  uldiv.o(.text)
    __scatterload                            0x000004d5   Thumb Code    28  init.o(.text)
    __scatterload_rt2                        0x000004d5   Thumb Code     0  init.o(.text)
    __aeabi_llsl                             0x000004f9   Thumb Code    30  llshl.o(.text)
    _ll_shift_l                              0x000004f9   Thumb Code     0  llshl.o(.text)
    __aeabi_llsr                             0x00000517   Thumb Code    32  llushr.o(.text)
    _ll_ushift_r                             0x00000517   Thumb Code     0  llushr.o(.text)
    GPIOTE_IRQHandler                        0x00000539   Thumb Code   362  nrf_drv_gpiote.o(i.GPIOTE_IRQHandler)
    POWER_CLOCK_IRQHandler                   0x00000711   Thumb Code    84  nrf_drv_clock.o(i.POWER_CLOCK_IRQHandler)
    PWM0_IRQHandler                          0x00000769   Thumb Code     8  nrf_drv_pwm.o(i.PWM0_IRQHandler)
    PWM1_IRQHandler                          0x00000779   Thumb Code     8  nrf_drv_pwm.o(i.PWM1_IRQHandler)
    PWM2_IRQHandler                          0x00000789   Thumb Code     8  nrf_drv_pwm.o(i.PWM2_IRQHandler)
    RTC1_IRQHandler                          0x00000799   Thumb Code    32  app_timer.o(i.RTC1_IRQHandler)
    SWI0_EGU0_IRQHandler                     0x000007bd   Thumb Code     4  app_timer.o(i.SWI0_EGU0_IRQHandler)
    SystemInit                               0x000007c1   Thumb Code   610  system_nrf52.o(i.SystemInit)
    UARTE0_UART0_IRQHandler                  0x00000a5d   Thumb Code    20  nrf_drv_uart.o(i.UARTE0_UART0_IRQHandler)
    __0snprintf$8                            0x00000a79   Thumb Code    44  printf8.o(i.__0snprintf$8)
    __1snprintf$8                            0x00000a79   Thumb Code     0  printf8.o(i.__0snprintf$8)
    __2snprintf                              0x00000a79   Thumb Code     0  printf8.o(i.__0snprintf$8)
    __scatterload_copy                       0x00000aa9   Thumb Code    14  handlers.o(i.__scatterload_copy)
    __scatterload_null                       0x00000ab7   Thumb Code     2  handlers.o(i.__scatterload_null)
    __scatterload_zeroinit                   0x00000ab9   Thumb Code    14  handlers.o(i.__scatterload_zeroinit)
    app_button_enable                        0x00000f49   Thumb Code    32  app_button.o(i.app_button_enable)
    app_button_init                          0x00000f6d   Thumb Code    96  app_button.o(i.app_button_init)
    app_error_fault_handler                  0x00000fdd   Thumb Code    26  main.o(i.app_error_fault_handler)
    app_error_handler_bare                   0x00000ff7   Thumb Code    22  app_error.o(i.app_error_handler_bare)
    app_error_save_and_stop                  0x0000100d   Thumb Code    96  app_error.o(i.app_error_save_and_stop)
    app_timer_create                         0x00001071   Thumb Code    32  app_timer.o(i.app_timer_create)
    app_timer_init                           0x00001095   Thumb Code   102  app_timer.o(i.app_timer_init)
    app_timer_start                          0x00001105   Thumb Code   120  app_timer.o(i.app_timer_start)
    app_timer_stop                           0x00001185   Thumb Code    26  app_timer.o(i.app_timer_stop)
    app_util_critical_region_enter           0x000011a5   Thumb Code     4  app_util_platform.o(i.app_util_critical_region_enter)
    app_util_critical_region_exit            0x000011a9   Thumb Code     4  app_util_platform.o(i.app_util_critical_region_exit)
    app_util_disable_irq                     0x000011ad   Thumb Code    12  app_util_platform.o(i.app_util_disable_irq)
    app_util_enable_irq                      0x000011bd   Thumb Code    14  app_util_platform.o(i.app_util_enable_irq)
    bsp_board_led_invert                     0x00001289   Thumb Code    32  boards.o(i.bsp_board_led_invert)
    bsp_board_led_off                        0x000012ad   Thumb Code    10  boards.o(i.bsp_board_led_off)
    bsp_board_led_on                         0x000012bd   Thumb Code    10  boards.o(i.bsp_board_led_on)
    bsp_board_led_state_get                  0x000012cd   Thumb Code    28  boards.o(i.bsp_board_led_state_get)
    bsp_board_leds_init                      0x000012ed   Thumb Code    38  boards.o(i.bsp_board_leds_init)
    bsp_board_leds_off                       0x00001319   Thumb Code    18  boards.o(i.bsp_board_leds_off)
    bsp_board_leds_on                        0x0000132b   Thumb Code    18  boards.o(i.bsp_board_leds_on)
    bsp_board_pin_to_button_idx              0x0000133d   Thumb Code    30  boards.o(i.bsp_board_pin_to_button_idx)
    bsp_buttons_enable                       0x000013f5   Thumb Code     4  bsp.o(i.bsp_buttons_enable)
    bsp_event_to_button_action_assign        0x000013f9   Thumb Code    64  bsp.o(i.bsp_event_to_button_action_assign)
    bsp_init                                 0x000014b5   Thumb Code   132  bsp.o(i.bsp_init)
    buffer_is_empty                          0x00001735   Thumb Code    16  nrf_log_frontend.o(i.buffer_is_empty)
    main                                     0x0000204d   Thumb Code   102  main.o(i.main)
    nrf_drv_clock_init                       0x00002191   Thumb Code    58  nrf_drv_clock.o(i.nrf_drv_clock_init)
    nrf_drv_clock_lfclk_request              0x000021d5   Thumb Code    86  nrf_drv_clock.o(i.nrf_drv_clock_lfclk_request)
    nrf_drv_common_irq_enable                0x0000224b   Thumb Code    56  nrf_drv_common.o(i.nrf_drv_common_irq_enable)
    nrf_drv_gpiote_in_event_enable           0x00002289   Thumb Code   156  nrf_drv_gpiote.o(i.nrf_drv_gpiote_in_event_enable)
    nrf_drv_gpiote_in_init                   0x0000232d   Thumb Code   172  nrf_drv_gpiote.o(i.nrf_drv_gpiote_in_init)
    nrf_drv_gpiote_in_is_set                 0x000023e5   Thumb Code    20  nrf_drv_gpiote.o(i.nrf_drv_gpiote_in_is_set)
    nrf_drv_gpiote_init                      0x000023f9   Thumb Code    84  nrf_drv_gpiote.o(i.nrf_drv_gpiote_init)
    nrf_drv_gpiote_is_init                   0x00002455   Thumb Code    14  nrf_drv_gpiote.o(i.nrf_drv_gpiote_is_init)
    nrf_drv_pwm_complex_playback             0x00002479   Thumb Code    86  nrf_drv_pwm.o(i.nrf_drv_pwm_complex_playback)
    nrf_drv_pwm_init                         0x000024d5   Thumb Code   154  nrf_drv_pwm.o(i.nrf_drv_pwm_init)
    nrf_drv_pwm_simple_playback              0x00002575   Thumb Code   106  nrf_drv_pwm.o(i.nrf_drv_pwm_simple_playback)
    nrf_drv_pwm_uninit                       0x000025e5   Thumb Code    48  nrf_drv_pwm.o(i.nrf_drv_pwm_uninit)
    nrf_drv_uart_init                        0x00002619   Thumb Code    98  nrf_drv_uart.o(i.nrf_drv_uart_init)
    nrf_drv_uart_tx                          0x00002681   Thumb Code   262  nrf_drv_uart.o(i.nrf_drv_uart_tx)
    nrf_drv_uart_tx_in_progress              0x0000278d   Thumb Code    18  nrf_drv_uart.o(i.nrf_drv_uart_tx_in_progress)
    nrf_drv_uart_uninit                      0x000027a5   Thumb Code    74  nrf_drv_uart.o(i.nrf_drv_uart_uninit)
    nrf_log_backend_hexdump_handler_get      0x00002921   Thumb Code     4  nrf_log_backend_serial.o(i.nrf_log_backend_hexdump_handler_get)
    nrf_log_backend_init                     0x00002929   Thumb Code   100  nrf_log_backend_serial.o(i.nrf_log_backend_init)
    nrf_log_backend_std_handler_get          0x00002bdd   Thumb Code     4  nrf_log_backend_serial.o(i.nrf_log_backend_std_handler_get)
    nrf_log_frontend_dequeue                 0x00002be5   Thumb Code   298  nrf_log_frontend.o(i.nrf_log_frontend_dequeue)
    nrf_log_frontend_init                    0x00002d15   Thumb Code    16  nrf_log_frontend.o(i.nrf_log_frontend_init)
    nrf_log_frontend_std_0                   0x00002d29   Thumb Code    68  nrf_log_frontend.o(i.nrf_log_frontend_std_0)
    nrf_log_handlers_set                     0x00002d75   Thumb Code    10  nrf_log_frontend.o(i.nrf_log_handlers_set)
    nrf_log_init                             0x00002d85   Thumb Code    36  nrf_log_frontend.o(i.nrf_log_init)
    __ctype_table                            0x00003588   Data         129  ctype_o.o(.constdata)
    Region$$Table$$Base                      0x0000361c   Number         0  anon$$obj.o(Region$$Table)
    Region$$Table$$Limit                     0x0000363c   Number         0  anon$$obj.o(Region$$Table)
    SystemCoreClock                          0x200000cc   Data           4  system_nrf52.o(.data)
    __initial_sp                             0x20002880   Data           0  arm_startup_nrf52.o(STACK)



==============================================================================

Memory Map of the image

  Image Entry point : 0x00000401

  Load Region LR_IROM1 (Base: 0x00000000, Size: 0x0000370c, Max: 0x00080000, ABSOLUTE)

    Execution Region ER_IROM1 (Base: 0x00000000, Size: 0x0000363c, Max: 0x00080000, ABSOLUTE)

    Base Addr    Size         Type   Attr      Idx    E Section Name        Object

    0x00000000   0x00000400   Data   RO         2193    RESET               arm_startup_nrf52.o
    0x00000400   0x00000000   Code   RO         2234  * .ARM.Collect$$$$00000000  mc_w.l(entry.o)
    0x00000400   0x00000004   Code   RO         2534    .ARM.Collect$$$$00000001  mc_w.l(entry2.o)
    0x00000404   0x00000004   Code   RO         2537    .ARM.Collect$$$$00000004  mc_w.l(entry5.o)
    0x00000408   0x00000000   Code   RO         2539    .ARM.Collect$$$$00000008  mc_w.l(entry7b.o)
    0x00000408   0x00000000   Code   RO         2541    .ARM.Collect$$$$0000000A  mc_w.l(entry8b.o)
    0x00000408   0x00000008   Code   RO         2542    .ARM.Collect$$$$0000000B  mc_w.l(entry9a.o)
    0x00000410   0x00000000   Code   RO         2544    .ARM.Collect$$$$0000000D  mc_w.l(entry10a.o)
    0x00000410   0x00000000   Code   RO         2546    .ARM.Collect$$$$0000000F  mc_w.l(entry11a.o)
    0x00000410   0x00000004   Code   RO         2535    .ARM.Collect$$$$00002712  mc_w.l(entry2.o)
    0x00000414   0x00000024   Code   RO         2194    .text               arm_startup_nrf52.o
    0x00000438   0x00000008   Code   RO         2237    .text               mc_w.l(ctype_o.o)
    0x00000440   0x00000024   Code   RO         2265    .text               mc_w.l(memcpya.o)
    0x00000464   0x0000000e   Code   RO         2267    .text               mc_w.l(strlen.o)
    0x00000472   0x00000062   Code   RO         2553    .text               mc_w.l(uldiv.o)
    0x000004d4   0x00000024   Code   RO         2566    .text               mc_w.l(init.o)
    0x000004f8   0x0000001e   Code   RO         2569    .text               mc_w.l(llshl.o)
    0x00000516   0x00000020   Code   RO         2571    .text               mc_w.l(llushr.o)
    0x00000536   0x00000002   PAD
    0x00000538   0x00000174   Code   RO          702    i.GPIOTE_IRQHandler  nrf_drv_gpiote.o
    0x000006ac   0x00000016   Code   RO         1556    i.NVIC_ClearPendingIRQ  app_timer.o
    0x000006c2   0x00000016   Code   RO         1557    i.NVIC_EnableIRQ    app_timer.o
    0x000006d8   0x00000016   Code   RO         1558    i.NVIC_SetPendingIRQ  app_timer.o
    0x000006ee   0x00000020   Code   RO         1559    i.NVIC_SetPriority  app_timer.o
    0x0000070e   0x00000002   PAD
    0x00000710   0x00000058   Code   RO          493    i.POWER_CLOCK_IRQHandler  nrf_drv_clock.o
    0x00000768   0x00000010   Code   RO          945    i.PWM0_IRQHandler   nrf_drv_pwm.o
    0x00000778   0x00000010   Code   RO          946    i.PWM1_IRQHandler   nrf_drv_pwm.o
    0x00000788   0x00000010   Code   RO          947    i.PWM2_IRQHandler   nrf_drv_pwm.o
    0x00000798   0x00000024   Code   RO         1560    i.RTC1_IRQHandler   app_timer.o
    0x000007bc   0x00000004   Code   RO         1561    i.SWI0_EGU0_IRQHandler  app_timer.o
    0x000007c0   0x0000029c   Code   RO         2202    i.SystemInit        system_nrf52.o
    0x00000a5c   0x0000001c   Code   RO         1075    i.UARTE0_UART0_IRQHandler  nrf_drv_uart.o
    0x00000a78   0x00000030   Code   RO         2481    i.__0snprintf$8     mc_w.l(printf8.o)
    0x00000aa8   0x0000000e   Code   RO         2580    i.__scatterload_copy  mc_w.l(handlers.o)
    0x00000ab6   0x00000002   Code   RO         2581    i.__scatterload_null  mc_w.l(handlers.o)
    0x00000ab8   0x0000000e   Code   RO         2582    i.__scatterload_zeroinit  mc_w.l(handlers.o)
    0x00000ac6   0x00000002   PAD
    0x00000ac8   0x00000410   Code   RO         2487    i._printf_core      mc_w.l(printf8.o)
    0x00000ed8   0x00000024   Code   RO         2488    i._printf_post_padding  mc_w.l(printf8.o)
    0x00000efc   0x0000002e   Code   RO         2489    i._printf_pre_padding  mc_w.l(printf8.o)
    0x00000f2a   0x00000016   Code   RO         2490    i._snputc           mc_w.l(printf8.o)
    0x00000f40   0x00000006   Code   RO          339    i.alert_timer_handler  bsp.o
    0x00000f46   0x00000002   PAD
    0x00000f48   0x00000024   Code   RO         1418    i.app_button_enable  app_button.o
    0x00000f6c   0x00000070   Code   RO         1419    i.app_button_init   app_button.o
    0x00000fdc   0x0000001a   Code   RO            4    i.app_error_fault_handler  main.o
    0x00000ff6   0x00000016   Code   RO         1486    i.app_error_handler_bare  app_error.o
    0x0000100c   0x00000064   Code   RO         1487    i.app_error_save_and_stop  app_error.o
    0x00001070   0x00000024   Code   RO         1564    i.app_timer_create  app_timer.o
    0x00001094   0x00000070   Code   RO         1565    i.app_timer_init    app_timer.o
    0x00001104   0x00000080   Code   RO         1566    i.app_timer_start   app_timer.o
    0x00001184   0x00000020   Code   RO         1567    i.app_timer_stop    app_timer.o
    0x000011a4   0x00000004   Code   RO         1716    i.app_util_critical_region_enter  app_util_platform.o
    0x000011a8   0x00000004   Code   RO         1717    i.app_util_critical_region_exit  app_util_platform.o
    0x000011ac   0x00000010   Code   RO         1718    i.app_util_disable_irq  app_util_platform.o
    0x000011bc   0x00000014   Code   RO         1719    i.app_util_enable_irq  app_util_platform.o
    0x000011d0   0x000000b8   Code   RO         1076    i.apply_config      nrf_drv_uart.o
    0x00001288   0x00000024   Code   RO          231    i.bsp_board_led_invert  boards.o
    0x000012ac   0x00000010   Code   RO          232    i.bsp_board_led_off  boards.o
    0x000012bc   0x00000010   Code   RO          233    i.bsp_board_led_on  boards.o
    0x000012cc   0x00000020   Code   RO          234    i.bsp_board_led_state_get  boards.o
    0x000012ec   0x0000002c   Code   RO          235    i.bsp_board_leds_init  boards.o
    0x00001318   0x00000012   Code   RO          236    i.bsp_board_leds_off  boards.o
    0x0000132a   0x00000012   Code   RO          237    i.bsp_board_leds_on  boards.o
    0x0000133c   0x00000024   Code   RO          238    i.bsp_board_pin_to_button_idx  boards.o
    0x00001360   0x00000094   Code   RO          340    i.bsp_button_event_handler  bsp.o
    0x000013f4   0x00000004   Code   RO          343    i.bsp_buttons_enable  bsp.o
    0x000013f8   0x00000044   Code   RO          344    i.bsp_event_to_button_action_assign  bsp.o
    0x0000143c   0x00000078   Code   RO            5    i.bsp_evt_handler   main.o
    0x000014b4   0x00000098   Code   RO          346    i.bsp_init          bsp.o
    0x0000154c   0x00000174   Code   RO          347    i.bsp_led_indication  bsp.o
    0x000016c0   0x00000012   Code   RO         1803    i.buf_len_update    nrf_log_backend_serial.o
    0x000016d2   0x00000002   PAD
    0x000016d4   0x00000060   Code   RO         1907    i.buf_prealloc      nrf_log_frontend.o
    0x00001734   0x00000014   Code   RO         1908    i.buffer_is_empty   nrf_log_frontend.o
    0x00001748   0x00000008   Code   RO          350    i.button_timer_handler  bsp.o
    0x00001750   0x0000001c   Code   RO          703    i.channel_free      nrf_drv_gpiote.o
    0x0000176c   0x00000048   Code   RO          704    i.channel_port_alloc  nrf_drv_gpiote.o
    0x000017b4   0x00000010   Code   RO          705    i.channel_port_get  nrf_drv_gpiote.o
    0x000017c4   0x00000028   Code   RO          494    i.clock_clk_started_notify  nrf_drv_clock.o
    0x000017ec   0x000000ac   Code   RO         1569    i.compare_reg_update  app_timer.o
    0x00001898   0x00000066   Code   RO          948    i.configure_pins    nrf_drv_pwm.o
    0x000018fe   0x00000002   PAD
    0x00001900   0x00000070   Code   RO            6    i.demo1             main.o
    0x00001970   0x00000054   Code   RO            7    i.demo1_handler     main.o
    0x000019c4   0x000000a0   Code   RO            8    i.demo2             main.o
    0x00001a64   0x0000006c   Code   RO            9    i.demo3             main.o
    0x00001ad0   0x00000178   Code   RO           10    i.demo4             main.o
    0x00001c48   0x0000006c   Code   RO           11    i.demo5             main.o
    0x00001cb4   0x00000060   Code   RO         1421    i.detection_delay_timeout_handler  app_button.o
    0x00001d14   0x00000040   Code   RO         1570    i.elapsed_ticks_acquire  app_timer.o
    0x00001d54   0x00000058   Code   RO         1422    i.gpiote_event_handler  app_button.o
    0x00001dac   0x00000078   Code   RO         1077    i.interrupts_enable  nrf_drv_uart.o
    0x00001e24   0x0000009e   Code   RO          949    i.irq_handler       nrf_drv_pwm.o
    0x00001ec2   0x00000016   Code   RO          496    i.item_enqueue      nrf_drv_clock.o
    0x00001ed8   0x00000014   Code   RO          351    i.leds_timer_handler  bsp.o
    0x00001eec   0x000000a8   Code   RO         1571    i.list_deletions_handler  app_timer.o
    0x00001f94   0x000000b8   Code   RO         1572    i.list_insertions_handler  app_timer.o
    0x0000204c   0x00000088   Code   RO           12    i.main              main.o
    0x000020d4   0x00000010   Code   RO          706    i.nrf_bitmask_bit_is_set  nrf_drv_gpiote.o
    0x000020e4   0x0000000e   Code   RO          498    i.nrf_clock_event_check  nrf_drv_clock.o
    0x000020f2   0x00000010   Code   RO          499    i.nrf_clock_event_clear  nrf_drv_clock.o
    0x00002102   0x00000002   PAD
    0x00002104   0x0000008c   Code   RO         1573    i.nrf_delay_us      app_timer.o
    0x00002190   0x00000044   Code   RO          506    i.nrf_drv_clock_init  nrf_drv_clock.o
    0x000021d4   0x00000060   Code   RO          511    i.nrf_drv_clock_lfclk_request  nrf_drv_clock.o
    0x00002234   0x00000016   Code   RO         1078    i.nrf_drv_common_irq_disable  nrf_drv_uart.o
    0x0000224a   0x00000038   Code   RO          656    i.nrf_drv_common_irq_enable  nrf_drv_common.o
    0x00002282   0x00000006   Code   RO         1079    i.nrf_drv_get_IRQn  nrf_drv_uart.o
    0x00002288   0x000000a4   Code   RO          711    i.nrf_drv_gpiote_in_event_enable  nrf_drv_gpiote.o
    0x0000232c   0x000000b8   Code   RO          712    i.nrf_drv_gpiote_in_init  nrf_drv_gpiote.o
    0x000023e4   0x00000014   Code   RO          713    i.nrf_drv_gpiote_in_is_set  nrf_drv_gpiote.o
    0x000023f8   0x0000005c   Code   RO          715    i.nrf_drv_gpiote_init  nrf_drv_gpiote.o
    0x00002454   0x00000014   Code   RO          716    i.nrf_drv_gpiote_is_init  nrf_drv_gpiote.o
    0x00002468   0x00000010   Code   RO         1080    i.nrf_drv_is_in_RAM  nrf_drv_uart.o
    0x00002478   0x0000005c   Code   RO          950    i.nrf_drv_pwm_complex_playback  nrf_drv_pwm.o
    0x000024d4   0x000000a0   Code   RO          951    i.nrf_drv_pwm_init  nrf_drv_pwm.o
    0x00002574   0x00000070   Code   RO          953    i.nrf_drv_pwm_simple_playback  nrf_drv_pwm.o
    0x000025e4   0x00000034   Code   RO          955    i.nrf_drv_pwm_uninit  nrf_drv_pwm.o
    0x00002618   0x00000068   Code   RO         1082    i.nrf_drv_uart_init  nrf_drv_uart.o
    0x00002680   0x0000010c   Code   RO         1089    i.nrf_drv_uart_tx   nrf_drv_uart.o
    0x0000278c   0x00000018   Code   RO         1091    i.nrf_drv_uart_tx_in_progress  nrf_drv_uart.o
    0x000027a4   0x00000054   Code   RO         1092    i.nrf_drv_uart_uninit  nrf_drv_uart.o
    0x000027f8   0x00000024   Code   RO          240    i.nrf_gpio_cfg      boards.o
    0x0000281c   0x00000024   Code   RO          730    i.nrf_gpio_cfg      nrf_drv_gpiote.o
    0x00002840   0x00000024   Code   RO         1093    i.nrf_gpio_cfg      nrf_drv_uart.o
    0x00002864   0x00000012   Code   RO         1094    i.nrf_gpio_cfg_default  nrf_drv_uart.o
    0x00002876   0x00000012   Code   RO         1095    i.nrf_gpio_cfg_input  nrf_drv_uart.o
    0x00002888   0x00000014   Code   RO         1096    i.nrf_gpio_cfg_output  nrf_drv_uart.o
    0x0000289c   0x00000022   Code   RO          732    i.nrf_gpio_cfg_sense_set  nrf_drv_gpiote.o
    0x000028be   0x00000016   Code   RO          241    i.nrf_gpio_pin_write  boards.o
    0x000028d4   0x00000028   Code   RO          733    i.nrf_gpio_ports_read  nrf_drv_gpiote.o
    0x000028fc   0x00000014   Code   RO          734    i.nrf_gpiote_event_clear  nrf_drv_gpiote.o
    0x00002910   0x00000010   Code   RO          735    i.nrf_gpiote_event_is_set  nrf_drv_gpiote.o
    0x00002920   0x00000008   Code   RO         1805    i.nrf_log_backend_hexdump_handler_get  nrf_log_backend_serial.o
    0x00002928   0x00000070   Code   RO         1806    i.nrf_log_backend_init  nrf_log_backend_serial.o
    0x00002998   0x0000012e   Code   RO         1807    i.nrf_log_backend_serial_hexdump_handler  nrf_log_backend_serial.o
    0x00002ac6   0x00000114   Code   RO         1808    i.nrf_log_backend_serial_std_handler  nrf_log_backend_serial.o
    0x00002bda   0x00000002   PAD
    0x00002bdc   0x00000008   Code   RO         1809    i.nrf_log_backend_std_handler_get  nrf_log_backend_serial.o
    0x00002be4   0x00000130   Code   RO         1911    i.nrf_log_frontend_dequeue  nrf_log_frontend.o
    0x00002d14   0x00000014   Code   RO         1913    i.nrf_log_frontend_init  nrf_log_frontend.o
    0x00002d28   0x0000004c   Code   RO         1914    i.nrf_log_frontend_std_0  nrf_log_frontend.o
    0x00002d74   0x00000010   Code   RO         1922    i.nrf_log_handlers_set  nrf_log_frontend.o
    0x00002d84   0x00000024   Code   RO         1923    i.nrf_log_init      nrf_log_frontend.o
    0x00002da8   0x0000000a   Code   RO          956    i.nrf_pwm_event_check  nrf_drv_pwm.o
    0x00002db2   0x0000000c   Code   RO          957    i.nrf_pwm_event_clear  nrf_drv_pwm.o
    0x00002dbe   0x0000000c   Code   RO          958    i.nrf_pwm_int_enable_check  nrf_drv_pwm.o
    0x00002dca   0x0000001e   Code   RO          959    i.nrf_pwm_sequence_set  nrf_drv_pwm.o
    0x00002de8   0x0000000a   Code   RO         1097    i.nrf_uart_event_check  nrf_drv_uart.o
    0x00002df2   0x0000000c   Code   RO         1098    i.nrf_uart_event_clear  nrf_drv_uart.o
    0x00002dfe   0x0000000c   Code   RO         1099    i.nrf_uart_int_enable_check  nrf_drv_uart.o
    0x00002e0a   0x0000000a   Code   RO         1100    i.nrf_uarte_event_check  nrf_drv_uart.o
    0x00002e14   0x0000000c   Code   RO         1101    i.nrf_uarte_event_clear  nrf_drv_uart.o
    0x00002e20   0x00000018   Code   RO          736    i.pin_in_use_by_port  nrf_drv_gpiote.o
    0x00002e38   0x00000018   Code   RO          737    i.pin_in_use_by_te  nrf_drv_gpiote.o
    0x00002e50   0x00000078   Code   RO         1102    i.pins_to_default   nrf_drv_uart.o
    0x00002ec8   0x0000003c   Code   RO         1574    i.rtc1_stop         app_timer.o
    0x00002f04   0x00000032   Code   RO         1103    i.rx_byte           nrf_drv_uart.o
    0x00002f36   0x00000018   Code   RO         1104    i.rx_done_event     nrf_drv_uart.o
    0x00002f4e   0x00000002   PAD
    0x00002f50   0x0000000c   Code   RO         1810    i.serial_is_busy    nrf_log_backend_serial.o
    0x00002f5c   0x0000002c   Code   RO         1811    i.serial_tx         nrf_log_backend_serial.o
    0x00002f88   0x0000003e   Code   RO          960    i.start_playback    nrf_drv_pwm.o
    0x00002fc6   0x00000002   PAD
    0x00002fc8   0x0000008c   Code   RO         1575    i.timer_list_handler  app_timer.o
    0x00003054   0x0000003c   Code   RO         1576    i.timer_list_insert  app_timer.o
    0x00003090   0x00000040   Code   RO         1577    i.timer_stop_op_schedule  app_timer.o
    0x000030d0   0x00000084   Code   RO         1578    i.timer_timeouts_check  app_timer.o
    0x00003154   0x00000034   Code   RO         1812    i.timestamp_process  nrf_log_backend_serial.o
    0x00003188   0x00000020   Code   RO         1106    i.tx_byte           nrf_drv_uart.o
    0x000031a8   0x0000001c   Code   RO         1107    i.tx_done_event     nrf_drv_uart.o
    0x000031c4   0x00000010   Code   RO         1813    i.uart_event_handler  nrf_log_backend_serial.o
    0x000031d4   0x0000011e   Code   RO         1108    i.uart_irq_handler  nrf_drv_uart.o
    0x000032f2   0x000000f0   Code   RO         1109    i.uarte_irq_handler  nrf_drv_uart.o
    0x000033e2   0x00000002   PAD
    0x000033e4   0x00000030   Code   RO         1579    i.user_op_alloc     app_timer.o
    0x00003414   0x000000f0   Data   RO           14    .constdata          main.o
    0x00003504   0x00000008   Data   RO          242    .constdata          boards.o
    0x0000350c   0x0000002c   Data   RO          357    .constdata          bsp.o
    0x00003538   0x00000004   Data   RO          739    .constdata          nrf_drv_gpiote.o
    0x0000353c   0x00000008   Data   RO         1424    .constdata          app_button.o
    0x00003544   0x00000020   Data   RO         1816    .constdata          nrf_log_backend_serial.o
    0x00003564   0x00000024   Data   RO         1926    .constdata          nrf_log_frontend.o
    0x00003588   0x00000081   Data   RO         2238    .constdata          mc_w.l(ctype_o.o)
    0x00003609   0x00000003   PAD
    0x0000360c   0x00000004   Data   RO         2239    .constdata          mc_w.l(ctype_o.o)
    0x00003610   0x0000000b   Data   RO         1927    .conststring        nrf_log_frontend.o
    0x0000361b   0x00000001   PAD
    0x0000361c   0x00000020   Data   RO         2578    Region$$Table       anon$$obj.o


    Execution Region RW_IRAM1 (Base: 0x20000000, Size: 0x00002880, Max: 0x00010000, ABSOLUTE)

    Base Addr    Size         Type   Attr      Idx    E Section Name        Object

    0x20000000   0x00000024   Data   RW           15    .data               main.o
    0x20000024   0x0000000c   Data   RW           16    .data               main.o
    0x20000030   0x0000000c   Data   RW           17    .data               main.o
    0x2000003c   0x00000010   Data   RW           18    .data               main.o
    0x2000004c   0x00000004   Data   RW           19    .data               main.o
    0x20000050   0x00000020   Data   RW           20    .data               main.o
    0x20000070   0x00000014   Data   RW          358    .data               bsp.o
    0x20000084   0x00000014   Data   RW         1425    .data               app_button.o
    0x20000098   0x00000020   Data   RW         1580    .data               app_timer.o
    0x200000b8   0x00000004   Data   RW         1720    .data               app_util_platform.o
    0x200000bc   0x0000000c   Data   RW         1817    .data               nrf_log_backend_serial.o
    0x200000c8   0x00000004   Data   RW         1928    .data               nrf_log_frontend.o
    0x200000cc   0x00000004   Data   RW         2203    .data               system_nrf52.o
    0x200000d0   0x00000144   Zero   RW           13    .bss                main.o
    0x20000214   0x00000020   Zero   RW          353    .bss                bsp.o
    0x20000234   0x00000020   Zero   RW          354    .bss                bsp.o
    0x20000254   0x0000000c   Zero   RW          355    .bss                bsp.o
    0x20000260   0x00000020   Zero   RW          356    .bss                bsp.o
    0x20000280   0x00000014   Zero   RW          513    .bss                nrf_drv_clock.o
    0x20000294   0x00000058   Zero   RW          738    .bss                nrf_drv_gpiote.o
    0x200002ec   0x00000018   Zero   RW          961    .bss                nrf_drv_pwm.o
    0x20000304   0x00000020   Zero   RW         1110    .bss                nrf_drv_uart.o
    0x20000324   0x00000020   Zero   RW         1423    .bss                app_button.o
    0x20000344   0x00000020   Zero   RW         1488    .bss                app_error.o
    0x20000364   0x00000100   Zero   RW         1814    .bss                nrf_log_backend_serial.o
    0x20000464   0x00000418   Zero   RW         1925    .bss                nrf_log_frontend.o
    0x2000087c   0x00000004   PAD
    0x20000880   0x00002000   Zero   RW         2191    STACK               arm_startup_nrf52.o


==============================================================================

Image component sizes


      Code (inc. data)   RO Data    RW Data    ZI Data      Debug   Object Name

       332         34          8         20         32       9990   app_button.o
       122          4          0          0         32       3915   app_error.o
         0          0          0          0          0      26607   app_error_weak.o
      1678        114          0         32          0      63935   app_timer.o
        44         10          0          4          0       3220   app_util_platform.o
        36          8       1024          0       8192        908   arm_startup_nrf52.o
       274         32          8          0          0      11537   boards.o
       778         74         44         20        108      12440   bsp.o
      1230        206        240        112        324      63344   main.o
       344         30          0          0         20      12612   nrf_drv_clock.o
        56          0          0          0          0      27535   nrf_drv_common.o
      1178         84          4          0         88      28140   nrf_drv_gpiote.o
       850         46          0          0         24      52434   nrf_drv_pwm.o
      1784         60          0          0         32      39892   nrf_drv_uart.o
       848         56         32         12        256      16771   nrf_log_backend_serial.o
       568         40         47          4       1048       9460   nrf_log_frontend.o
       668         58          0          4          0       2675   system_nrf52.o

    ----------------------------------------------------------------------
     10808        856       1440        208      10160     385415   Object Totals
         0          0         32          0          0          0   (incl. Generated)
        18          0          1          0          4          0   (incl. Padding)

    ----------------------------------------------------------------------

      Code (inc. data)   RO Data    RW Data    ZI Data      Debug   Library Member Name

         8          4        133          0          0         68   ctype_o.o
         0          0          0          0          0          0   entry.o
         0          0          0          0          0          0   entry10a.o
         0          0          0          0          0          0   entry11a.o
         8          4          0          0          0          0   entry2.o
         4          0          0          0          0          0   entry5.o
         0          0          0          0          0          0   entry7b.o
         0          0          0          0          0          0   entry8b.o
         8          4          0          0          0          0   entry9a.o
        30          0          0          0          0          0   handlers.o
        36          8          0          0          0         68   init.o
        30          0          0          0          0         68   llshl.o
        32          0          0          0          0         68   llushr.o
        36          0          0          0          0         68   memcpya.o
      1192         48          0          0          0        420   printf8.o
        14          0          0          0          0         68   strlen.o
        98          0          0          0          0         92   uldiv.o

    ----------------------------------------------------------------------
      1500         68        136          0          0        920   Library Totals
         4          0          3          0          0          0   (incl. Padding)

    ----------------------------------------------------------------------

      Code (inc. data)   RO Data    RW Data    ZI Data      Debug   Library Name

      1496         68        133          0          0        920   mc_w.l

    ----------------------------------------------------------------------
      1500         68        136          0          0        920   Library Totals

    ----------------------------------------------------------------------

==============================================================================


      Code (inc. data)   RO Data    RW Data    ZI Data      Debug   

     12308        924       1576        208      10160     372775   Grand Totals
     12308        924       1576        208      10160     372775   ELF Image Totals
     12308        924       1576        208          0          0   ROM Totals

==============================================================================

    Total RO  Size (Code + RO Data)                13884 (  13.56kB)
    Total RW  Size (RW Data + ZI Data)             10368 (  10.13kB)
    Total ROM Size (Code + RO Data + RW Data)      14092 (  13.76kB)

==============================================================================

