Archive member included to satisfy reference by file (symbol)

c:/program files (x86)/gnu tools arm embedded/6 2017-q2-update/bin/../lib/gcc/arm-none-eabi/6.3.1/../../../../arm-none-eabi/lib/thumb/v7e-m/fpv4-sp/hard\libc_nano.a(lib_a-exit.o)
                              c:/program files (x86)/gnu tools arm embedded/6 2017-q2-update/bin/../lib/gcc/arm-none-eabi/6.3.1/../../../../arm-none-eabi/lib/thumb/v7e-m/fpv4-sp/hard/crt0.o (exit)
c:/program files (x86)/gnu tools arm embedded/6 2017-q2-update/bin/../lib/gcc/arm-none-eabi/6.3.1/../../../../arm-none-eabi/lib/thumb/v7e-m/fpv4-sp/hard\libc_nano.a(lib_a-impure.o)
                              c:/program files (x86)/gnu tools arm embedded/6 2017-q2-update/bin/../lib/gcc/arm-none-eabi/6.3.1/../../../../arm-none-eabi/lib/thumb/v7e-m/fpv4-sp/hard\libc_nano.a(lib_a-exit.o) (_global_impure_ptr)
c:/program files (x86)/gnu tools arm embedded/6 2017-q2-update/bin/../lib/gcc/arm-none-eabi/6.3.1/../../../../arm-none-eabi/lib/thumb/v7e-m/fpv4-sp/hard\libc_nano.a(lib_a-init.o)
                              c:/program files (x86)/gnu tools arm embedded/6 2017-q2-update/bin/../lib/gcc/arm-none-eabi/6.3.1/../../../../arm-none-eabi/lib/thumb/v7e-m/fpv4-sp/hard/crt0.o (__libc_init_array)
c:/program files (x86)/gnu tools arm embedded/6 2017-q2-update/bin/../lib/gcc/arm-none-eabi/6.3.1/../../../../arm-none-eabi/lib/thumb/v7e-m/fpv4-sp/hard\libc_nano.a(lib_a-memcpy-stub.o)
                              _build/nrf52832_xxaa/nrf_memobj.c.o (memcpy)
c:/program files (x86)/gnu tools arm embedded/6 2017-q2-update/bin/../lib/gcc/arm-none-eabi/6.3.1/../../../../arm-none-eabi/lib/thumb/v7e-m/fpv4-sp/hard\libc_nano.a(lib_a-memset.o)
                              c:/program files (x86)/gnu tools arm embedded/6 2017-q2-update/bin/../lib/gcc/arm-none-eabi/6.3.1/../../../../arm-none-eabi/lib/thumb/v7e-m/fpv4-sp/hard/crt0.o (memset)
c:/program files (x86)/gnu tools arm embedded/6 2017-q2-update/bin/../lib/gcc/arm-none-eabi/6.3.1/../../../../arm-none-eabi/lib/thumb/v7e-m/fpv4-sp/hard\libnosys.a(_exit.o)
                              c:/program files (x86)/gnu tools arm embedded/6 2017-q2-update/bin/../lib/gcc/arm-none-eabi/6.3.1/../../../../arm-none-eabi/lib/thumb/v7e-m/fpv4-sp/hard\libc_nano.a(lib_a-exit.o) (_exit)

Allocating common symbols
Common symbol       size              file

m_pwm_ready_counter
                    0xa               _build/nrf52832_xxaa/app_pwm.c.o
m_pwm_PWM1_cb       0x24              _build/nrf52832_xxaa/main.c.o

Discarded input sections

 .text          0x00000000        0x0 c:/program files (x86)/gnu tools arm embedded/6 2017-q2-update/bin/../lib/gcc/arm-none-eabi/6.3.1/thumb/v7e-m/fpv4-sp/hard/crti.o
 .data          0x00000000        0x0 c:/program files (x86)/gnu tools arm embedded/6 2017-q2-update/bin/../lib/gcc/arm-none-eabi/6.3.1/thumb/v7e-m/fpv4-sp/hard/crti.o
 .bss           0x00000000        0x0 c:/program files (x86)/gnu tools arm embedded/6 2017-q2-update/bin/../lib/gcc/arm-none-eabi/6.3.1/thumb/v7e-m/fpv4-sp/hard/crti.o
 .data          0x00000000        0x4 c:/program files (x86)/gnu tools arm embedded/6 2017-q2-update/bin/../lib/gcc/arm-none-eabi/6.3.1/thumb/v7e-m/fpv4-sp/hard/crtbegin.o
 .data          0x00000000        0x0 c:/program files (x86)/gnu tools arm embedded/6 2017-q2-update/bin/../lib/gcc/arm-none-eabi/6.3.1/../../../../arm-none-eabi/lib/thumb/v7e-m/fpv4-sp/hard/crt0.o
 .bss           0x00000000        0x0 c:/program files (x86)/gnu tools arm embedded/6 2017-q2-update/bin/../lib/gcc/arm-none-eabi/6.3.1/../../../../arm-none-eabi/lib/thumb/v7e-m/fpv4-sp/hard/crt0.o
 .ARM.extab     0x00000000        0x0 c:/program files (x86)/gnu tools arm embedded/6 2017-q2-update/bin/../lib/gcc/arm-none-eabi/6.3.1/../../../../arm-none-eabi/lib/thumb/v7e-m/fpv4-sp/hard/crt0.o
 .group         0x00000000        0x8 _build/nrf52832_xxaa/nrf_log_frontend.c.o
 .group         0x00000000        0x8 _build/nrf52832_xxaa/nrf_log_frontend.c.o
 .group         0x00000000        0x8 _build/nrf52832_xxaa/nrf_log_frontend.c.o
 .group         0x00000000        0x8 _build/nrf52832_xxaa/nrf_log_frontend.c.o
 .group         0x00000000        0x8 _build/nrf52832_xxaa/nrf_log_frontend.c.o
 .group         0x00000000        0x8 _build/nrf52832_xxaa/nrf_log_frontend.c.o
 .group         0x00000000        0x8 _build/nrf52832_xxaa/nrf_log_frontend.c.o
 .group         0x00000000        0x8 _build/nrf52832_xxaa/nrf_log_frontend.c.o
 .group         0x00000000        0x8 _build/nrf52832_xxaa/nrf_log_frontend.c.o
 .group         0x00000000        0x8 _build/nrf52832_xxaa/nrf_log_frontend.c.o
 .group         0x00000000        0x8 _build/nrf52832_xxaa/nrf_log_frontend.c.o
 .group         0x00000000        0x8 _build/nrf52832_xxaa/nrf_log_frontend.c.o
 .group         0x00000000        0x8 _build/nrf52832_xxaa/nrf_log_frontend.c.o
 .group         0x00000000        0x8 _build/nrf52832_xxaa/nrf_log_frontend.c.o
 .group         0x00000000        0x8 _build/nrf52832_xxaa/nrf_log_frontend.c.o
[...]
Memory Configuration

Name             Origin             Length             Attributes
FLASH            0x00000000         0x00080000         xr
RAM              0x20000000         0x00010000         xrw
*default*        0x00000000         0xffffffff

Linker script and memory map


.text           0x00000000     0x1bec
 *(.isr_vector)
 .isr_vector    0x00000000      0x200 _build/nrf52832_xxaa/gcc_startup_nrf52.S.o
                0x00000000                __isr_vector
 *(.text*)
 .text          0x00000200       0x6c c:/program files (x86)/gnu tools arm embedded/6 2017-q2-update/bin/../lib/gcc/arm-none-eabi/6.3.1/thumb/v7e-m/fpv4-sp/hard/crtbegin.o
 .text          0x0000026c       0x74 c:/program files (x86)/gnu tools arm embedded/6 2017-q2-update/bin/../lib/gcc/arm-none-eabi/6.3.1/../../../../arm-none-eabi/lib/thumb/v7e-m/fpv4-sp/hard/crt0.o
                0x0000026c                _start
                0x0000026c                _mainCRTStartup
 .text.app_error_handler_bare
                0x000002e0       0x20 _build/nrf52832_xxaa/app_error.c.o
                0x000002e0                app_error_handler_bare
 .text.app_error_fault_handler
                0x00000300       0x30 _build/nrf52832_xxaa/app_error_weak.c.o
                0x00000300                app_error_fault_handler
 .text.pwm_ready_tick
                0x00000330       0x84 _build/nrf52832_xxaa/app_pwm.c.o
                0x00000330                pwm_ready_tick
 .text.app_pwm_channel_duty_ticks_set
                0x000003b4      0x198 _build/nrf52832_xxaa/app_pwm.c.o
                0x000003b4                app_pwm_channel_duty_ticks_set
 .text.app_pwm_channel_duty_set
                0x0000054c      0x1c4 _build/nrf52832_xxaa/app_pwm.c.o
                0x0000054c                app_pwm_channel_duty_set
 .text.app_pwm_init
                0x00000710      0x430 _build/nrf52832_xxaa/app_pwm.c.o
                0x00000710                app_pwm_init
 .text.app_pwm_enable
                0x00000b40       0x80 _build/nrf52832_xxaa/app_pwm.c.o
                0x00000b40                app_pwm_enable
 .text.app_util_critical_region_enter
                0x00000bc0       0x10 _build/nrf52832_xxaa/app_util_platform.c.o
                0x00000bc0                app_util_critical_region_enter
 .text.app_util_critical_region_exit
                0x00000bd0       0x14 _build/nrf52832_xxaa/app_util_platform.c.o
                0x00000bd0                app_util_critical_region_exit
 .text.nrf_drv_common_irq_enable
                0x00000be4       0x50 _build/nrf52832_xxaa/nrf_drv_common.c.o
                0x00000be4                nrf_drv_common_irq_enable
 .text.nrf_drv_gpiote_init
                0x00000c34       0x70 _build/nrf52832_xxaa/nrf_drv_gpiote.c.o
                0x00000c34                nrf_drv_gpiote_init
 .text.nrf_drv_gpiote_is_init
                0x00000ca4       0x14 _build/nrf52832_xxaa/nrf_drv_gpiote.c.o
                0x00000ca4                nrf_drv_gpiote_is_init
 .text.nrf_drv_gpiote_out_init
                0x00000cb8       0xf0 _build/nrf52832_xxaa/nrf_drv_gpiote.c.o
                0x00000cb8                nrf_drv_gpiote_out_init
 .text.nrf_drv_gpiote_out_uninit
                0x00000da8       0x48 _build/nrf52832_xxaa/nrf_drv_gpiote.c.o
                0x00000da8                nrf_drv_gpiote_out_uninit
 .text.nrf_drv_gpiote_out_task_enable
                0x00000df0       0x24 _build/nrf52832_xxaa/nrf_drv_gpiote.c.o
                0x00000df0                nrf_drv_gpiote_out_task_enable
 .text.nrf_drv_gpiote_set_task_addr_get
                0x00000e14       0x1c _build/nrf52832_xxaa/nrf_drv_gpiote.c.o
                0x00000e14                nrf_drv_gpiote_set_task_addr_get
 .text.nrf_drv_gpiote_clr_task_addr_get
                0x00000e30       0x1c _build/nrf52832_xxaa/nrf_drv_gpiote.c.o
                0x00000e30                nrf_drv_gpiote_clr_task_addr_get
 .text.nrf_drv_gpiote_out_task_force
                0x00000e4c       0x30 _build/nrf52832_xxaa/nrf_drv_gpiote.c.o
                0x00000e4c                nrf_drv_gpiote_out_task_force
 .text.GPIOTE_IRQHandler
                0x00000e7c      0x2c8 _build/nrf52832_xxaa/nrf_drv_gpiote.c.o
                0x00000e7c                GPIOTE_IRQHandler
 .text.nrf_drv_ppi_init
                0x00001144       0x14 _build/nrf52832_xxaa/nrf_drv_ppi.c.o
                0x00001144                nrf_drv_ppi_init
 .text.nrf_drv_ppi_channel_alloc
                0x00001158       0x68 _build/nrf52832_xxaa/nrf_drv_ppi.c.o
                0x00001158                nrf_drv_ppi_channel_alloc
 .text.nrf_drv_ppi_channel_free
                0x000011c0       0x38 _build/nrf52832_xxaa/nrf_drv_ppi.c.o
                0x000011c0                nrf_drv_ppi_channel_free
 .text.nrf_drv_ppi_channel_assign
                0x000011f8       0x48 _build/nrf52832_xxaa/nrf_drv_ppi.c.o
                0x000011f8                nrf_drv_ppi_channel_assign
 .text.nrf_drv_ppi_channel_enable
                0x00001240       0x28 _build/nrf52832_xxaa/nrf_drv_ppi.c.o
                0x00001240                nrf_drv_ppi_channel_enable
 .text.nrf_drv_ppi_channel_disable
                0x00001268       0x28 _build/nrf52832_xxaa/nrf_drv_ppi.c.o
                0x00001268                nrf_drv_ppi_channel_disable
 .text.nrf_drv_timer_init
                0x00001290       0xc4 _build/nrf52832_xxaa/nrf_drv_timer.c.o
                0x00001290                nrf_drv_timer_init
 .text.nrf_drv_timer_uninit
                0x00001354       0x74 _build/nrf52832_xxaa/nrf_drv_timer.c.o
                0x00001354                nrf_drv_timer_uninit
 .text.nrf_drv_timer_enable
                0x000013c8       0x1c _build/nrf52832_xxaa/nrf_drv_timer.c.o
                0x000013c8                nrf_drv_timer_enable
 .text.nrf_drv_timer_clear
                0x000013e4        0x8 _build/nrf52832_xxaa/nrf_drv_timer.c.o
                0x000013e4                nrf_drv_timer_clear
 .text.nrf_drv_timer_compare
                0x000013ec       0x28 _build/nrf52832_xxaa/nrf_drv_timer.c.o
                0x000013ec                nrf_drv_timer_compare
 .text.nrf_drv_timer_extended_compare
                0x00001414       0x48 _build/nrf52832_xxaa/nrf_drv_timer.c.o
                0x00001414                nrf_drv_timer_extended_compare
 .text.nrf_drv_timer_compare_int_enable
                0x0000145c       0x30 _build/nrf52832_xxaa/nrf_drv_timer.c.o
                0x0000145c                nrf_drv_timer_compare_int_enable
 .text.nrf_drv_timer_compare_int_disable
                0x0000148c       0x10 _build/nrf52832_xxaa/nrf_drv_timer.c.o
                0x0000148c                nrf_drv_timer_compare_int_disable
 .text.TIMER0_IRQHandler
                0x0000149c       0xc8 _build/nrf52832_xxaa/nrf_drv_timer.c.o
                0x0000149c                TIMER0_IRQHandler
 .text.TIMER1_IRQHandler
                0x00001564       0xc8 _build/nrf52832_xxaa/nrf_drv_timer.c.o
                0x00001564                TIMER1_IRQHandler
 .text.pwm_ready_callback
                0x0000162c        0xc _build/nrf52832_xxaa/main.c.o
                0x0000162c                pwm_ready_callback
 .text.startup.main
                0x00001638      0x120 _build/nrf52832_xxaa/main.c.o
                0x00001638                main
 .text          0x00001758       0x3c _build/nrf52832_xxaa/gcc_startup_nrf52.S.o
                0x00001758                Reset_Handler
                0x00001780                NMI_Handler
                0x00001782                HardFault_Handler
                0x00001784                MemoryManagement_Handler
                0x00001786                BusFault_Handler
                0x00001788                UsageFault_Handler
                0x0000178a                SVC_Handler
                0x0000178c                DebugMon_Handler
                0x0000178e                PendSV_Handler
                0x00001790                SysTick_Handler
                0x00001792                POWER_CLOCK_IRQHandler
                0x00001792                RADIO_IRQHandler
                0x00001792                PDM_IRQHandler
                0x00001792                SWI0_EGU0_IRQHandler
                0x00001792                QDEC_IRQHandler
                0x00001792                TIMER3_IRQHandler
                0x00001792                FPU_IRQHandler
                0x00001792                SPIM0_SPIS0_TWIM0_TWIS0_SPI0_TWI0_IRQHandler
                0x00001792                TEMP_IRQHandler
                0x00001792                UARTE0_UART0_IRQHandler
                0x00001792                TIMER4_IRQHandler
                0x00001792                RTC0_IRQHandler
                0x00001792                SWI4_EGU4_IRQHandler
                0x00001792                SWI2_EGU2_IRQHandler
                0x00001792                PWM2_IRQHandler
                0x00001792                ECB_IRQHandler
                0x00001792                SPIM1_SPIS1_TWIM1_TWIS1_SPI1_TWI1_IRQHandler
                0x00001792                Default_Handler
                0x00001792                SAADC_IRQHandler
                0x00001792                CCM_AAR_IRQHandler
                0x00001792                WDT_IRQHandler
                0x00001792                PWM1_IRQHandler
                0x00001792                SWI5_EGU5_IRQHandler
                0x00001792                RNG_IRQHandler
                0x00001792                RTC2_IRQHandler
                0x00001792                PWM0_IRQHandler
                0x00001792                SWI3_EGU3_IRQHandler
                0x00001792                RTC1_IRQHandler
                0x00001792                SWI1_EGU1_IRQHandler
                0x00001792                SPIM2_SPIS2_SPI2_IRQHandler
                0x00001792                NFCT_IRQHandler
                0x00001792                I2S_IRQHandler
                0x00001792                MWU_IRQHandler
                0x00001792                TIMER2_IRQHandler
                0x00001792                COMP_LPCOMP_IRQHandler
 .text.SystemInit
                0x00001794      0x390 _build/nrf52832_xxaa/system_nrf52.c.o
                0x00001794                SystemInit
 .text.exit     0x00001b24       0x28 c:/program files (x86)/gnu tools arm embedded/6 2017-q2-update/bin/../lib/gcc/arm-none-eabi/6.3.1/../../../../arm-none-eabi/lib/thumb/v7e-m/fpv4-sp/hard\libc_nano.a(lib_a-exit.o)
                0x00001b24                exit
 .text.__libc_init_array
                0x00001b4c       0x48 c:/program files (x86)/gnu tools arm embedded/6 2017-q2-update/bin/../lib/gcc/arm-none-eabi/6.3.1/../../../../arm-none-eabi/lib/thumb/v7e-m/fpv4-sp/hard\libc_nano.a(lib_a-init.o)
                0x00001b4c                __libc_init_array
 .text.memset   0x00001b94       0x10 c:/program files (x86)/gnu tools arm embedded/6 2017-q2-update/bin/../lib/gcc/arm-none-eabi/6.3.1/../../../../arm-none-eabi/lib/thumb/v7e-m/fpv4-sp/hard\libc_nano.a(lib_a-memset.o)
                0x00001b94                memset
 .text._exit    0x00001ba4        0x4 c:/program files (x86)/gnu tools arm embedded/6 2017-q2-update/bin/../lib/gcc/arm-none-eabi/6.3.1/../../../../arm-none-eabi/lib/thumb/v7e-m/fpv4-sp/hard\libnosys.a(_exit.o)
                0x00001ba4                _exit
 *(.init)
 .init          0x00001ba8        0x4 c:/program files (x86)/gnu tools arm embedded/6 2017-q2-update/bin/../lib/gcc/arm-none-eabi/6.3.1/thumb/v7e-m/fpv4-sp/hard/crti.o
                0x00001ba8                _init
 .init          0x00001bac        0x8 c:/program files (x86)/gnu tools arm embedded/6 2017-q2-update/bin/../lib/gcc/arm-none-eabi/6.3.1/thumb/v7e-m/fpv4-sp/hard/crtn.o
 *(.fini)
 .fini          0x00001bb4        0x4 c:/program files (x86)/gnu tools arm embedded/6 2017-q2-update/bin/../lib/gcc/arm-none-eabi/6.3.1/thumb/v7e-m/fpv4-sp/hard/crti.o
                0x00001bb4                _fini
 .fini          0x00001bb8        0x8 c:/program files (x86)/gnu tools arm embedded/6 2017-q2-update/bin/../lib/gcc/arm-none-eabi/6.3.1/thumb/v7e-m/fpv4-sp/hard/crtn.o
 *crtbegin.o(.ctors)
 *crtbegin?.o(.ctors)
 *(EXCLUDE_FILE(*crtend.o *crtend?.o) .ctors)
 *(SORT(.ctors.*))
 *(.ctors)
 *crtbegin.o(.dtors)
 *crtbegin?.o(.dtors)
 *(EXCLUDE_FILE(*crtend.o *crtend?.o) .dtors)
 *(SORT(.dtors.*))
 *(.dtors)
 *(.rodata*)
 .rodata        0x00001bc0       0x14 _build/nrf52832_xxaa/main.c.o
 .rodata.PWM1   0x00001bd4        0x8 _build/nrf52832_xxaa/main.c.o
                0x00001bd4                PWM1
 .rodata.m_pwm_PWM1_timer
                0x00001bdc        0x8 _build/nrf52832_xxaa/main.c.o
                0x00001bdc                m_pwm_PWM1_timer
 .rodata._global_impure_ptr
                0x00001be4        0x4 c:/program files (x86)/gnu tools arm embedded/6 2017-q2-update/bin/../lib/gcc/arm-none-eabi/6.3.1/../../../../arm-none-eabi/lib/thumb/v7e-m/fpv4-sp/hard\libc_nano.a(lib_a-impure.o)
                0x00001be4                _global_impure_ptr
 *(.eh_frame*)
 .eh_frame      0x00001be8        0x0 c:/program files (x86)/gnu tools arm embedded/6 2017-q2-update/bin/../lib/gcc/arm-none-eabi/6.3.1/thumb/v7e-m/fpv4-sp/hard/crtbegin.o
 .eh_frame      0x00001be8        0x4 c:/program files (x86)/gnu tools arm embedded/6 2017-q2-update/bin/../lib/gcc/arm-none-eabi/6.3.1/thumb/v7e-m/fpv4-sp/hard/crtend.o

.glue_7         0x00001bec        0x0
 .glue_7        0x00001bec        0x0 linker stubs

.glue_7t        0x00001bec        0x0
 .glue_7t       0x00001bec        0x0 linker stubs

.vfp11_veneer   0x00001bec        0x0
 .vfp11_veneer  0x00001bec        0x0 linker stubs

.v4_bx          0x00001bec        0x0
 .v4_bx         0x00001bec        0x0 linker stubs

.iplt           0x00001bec        0x0
 .iplt          0x00001bec        0x0 c:/program files (x86)/gnu tools arm embedded/6 2017-q2-update/bin/../lib/gcc/arm-none-eabi/6.3.1/thumb/v7e-m/fpv4-sp/hard/crtbegin.o

.mem_section_dummy_rom

.log_const_data
                0x00001bec        0x0
                [!provide]                PROVIDE (__start_log_const_data, .)
 *(.log_const_data)
                [!provide]                PROVIDE (__stop_log_const_data, .)

.ARM.extab
 *(.ARM.extab* .gnu.linkonce.armextab.*)
                0x00001bec                __exidx_start = .

.ARM.exidx      0x00001bec        0x8
 *(.ARM.exidx* .gnu.linkonce.armexidx.*)
 .ARM.exidx     0x00001bec        0x8 c:/program files (x86)/gnu tools arm embedded/6 2017-q2-update/bin/../lib/gcc/arm-none-eabi/6.3.1/../../../../arm-none-eabi/lib/thumb/v7e-m/fpv4-sp/hard/crt0.o
                0x00001bf4                __exidx_end = .
                0x00001bf4                __etext = .

.rel.dyn        0x00001bf4        0x0
 .rel.iplt      0x00001bf4        0x0 c:/program files (x86)/gnu tools arm embedded/6 2017-q2-update/bin/../lib/gcc/arm-none-eabi/6.3.1/thumb/v7e-m/fpv4-sp/hard/crtbegin.o

.data           0x20000000       0x70 load address 0x00001bf4
                0x20000000                __data_start__ = .
 *(vtable)
 *(.data*)
 .data.SystemCoreClock
                0x20000000        0x4 _build/nrf52832_xxaa/system_nrf52.c.o
                0x20000000                SystemCoreClock
 .data.impure_data
                0x20000004       0x60 c:/program files (x86)/gnu tools arm embedded/6 2017-q2-update/bin/../lib/gcc/arm-none-eabi/6.3.1/../../../../arm-none-eabi/lib/thumb/v7e-m/fpv4-sp/hard\libc_nano.a(lib_a-impure.o)
                0x20000064                . = ALIGN (0x4)
                0x20000064                PROVIDE (__preinit_array_start, .)
 *(.preinit_array)
                0x20000064                PROVIDE (__preinit_array_end, .)
                0x20000064                . = ALIGN (0x4)
                0x20000064                PROVIDE (__init_array_start, .)
 *(SORT(.init_array.*))
 *(.init_array)
 .init_array    0x20000064        0x4 c:/program files (x86)/gnu tools arm embedded/6 2017-q2-update/bin/../lib/gcc/arm-none-eabi/6.3.1/thumb/v7e-m/fpv4-sp/hard/crtbegin.o
                0x20000068                PROVIDE (__init_array_end, .)
                0x20000068                . = ALIGN (0x4)
                [!provide]                PROVIDE (__fini_array_start, .)
 *(SORT(.fini_array.*))
 *(.fini_array)
 .fini_array    0x20000068        0x4 c:/program files (x86)/gnu tools arm embedded/6 2017-q2-update/bin/../lib/gcc/arm-none-eabi/6.3.1/thumb/v7e-m/fpv4-sp/hard/crtbegin.o
                [!provide]                PROVIDE (__fini_array_end, .)
 *(.jcr*)
 .jcr           0x2000006c        0x0 c:/program files (x86)/gnu tools arm embedded/6 2017-q2-update/bin/../lib/gcc/arm-none-eabi/6.3.1/thumb/v7e-m/fpv4-sp/hard/crtbegin.o
 .jcr           0x2000006c        0x4 c:/program files (x86)/gnu tools arm embedded/6 2017-q2-update/bin/../lib/gcc/arm-none-eabi/6.3.1/thumb/v7e-m/fpv4-sp/hard/crtend.o
                0x20000070                . = ALIGN (0x4)
                0x20000070                __data_end__ = .
LOAD c:/program files (x86)/gnu tools arm embedded/6 2017-q2-update/bin/../lib/gcc/arm-none-eabi/6.3.1/thumb/v7e-m/fpv4-sp/hard/crti.o
LOAD c:/program files (x86)/gnu tools arm embedded/6 2017-q2-update/bin/../lib/gcc/arm-none-eabi/6.3.1/thumb/v7e-m/fpv4-sp/hard/crtbegin.o
LOAD c:/program files (x86)/gnu tools arm embedded/6 2017-q2-update/bin/../lib/gcc/arm-none-eabi/6.3.1/../../../../arm-none-eabi/lib/thumb/v7e-m/fpv4-sp/hard/crt0.o
LOAD _build/nrf52832_xxaa/nrf_log_frontend.c.o
LOAD _build/nrf52832_xxaa/boards.c.o
LOAD _build/nrf52832_xxaa/app_error.c.o
LOAD _build/nrf52832_xxaa/app_error_weak.c.o
LOAD _build/nrf52832_xxaa/app_pwm.c.o
LOAD _build/nrf52832_xxaa/app_util_platform.c.o
LOAD _build/nrf52832_xxaa/nrf_assert.c.o
LOAD _build/nrf52832_xxaa/nrf_balloc.c.o
LOAD _build/nrf52832_xxaa/nrf_memobj.c.o
LOAD _build/nrf52832_xxaa/nrf_strerror.c.o
LOAD _build/nrf52832_xxaa/nrf_drv_common.c.o
LOAD _build/nrf52832_xxaa/nrf_drv_gpiote.c.o
LOAD _build/nrf52832_xxaa/nrf_drv_ppi.c.o
LOAD _build/nrf52832_xxaa/nrf_drv_timer.c.o
LOAD _build/nrf52832_xxaa/nrf_nvic.c.o
LOAD _build/nrf52832_xxaa/nrf_soc.c.o
LOAD _build/nrf52832_xxaa/main.c.o
LOAD _build/nrf52832_xxaa/gcc_startup_nrf52.S.o
LOAD _build/nrf52832_xxaa/system_nrf52.c.o
LOAD c:/program files (x86)/gnu tools arm embedded/6 2017-q2-update/bin/../lib/gcc/arm-none-eabi/6.3.1/../../../../arm-none-eabi/lib/thumb/v7e-m/fpv4-sp/hard\libc_nano.a
LOAD c:/program files (x86)/gnu tools arm embedded/6 2017-q2-update/bin/../lib/gcc/arm-none-eabi/6.3.1/../../../../arm-none-eabi/lib/thumb/v7e-m/fpv4-sp/hard\libnosys.a
LOAD c:/program files (x86)/gnu tools arm embedded/6 2017-q2-update/bin/../lib/gcc/arm-none-eabi/6.3.1/../../../../arm-none-eabi/lib/thumb/v7e-m/fpv4-sp/hard\libm.a
START GROUP
LOAD c:/program files (x86)/gnu tools arm embedded/6 2017-q2-update/bin/../lib/gcc/arm-none-eabi/6.3.1/thumb/v7e-m/fpv4-sp/hard\libgcc.a
LOAD c:/program files (x86)/gnu tools arm embedded/6 2017-q2-update/bin/../lib/gcc/arm-none-eabi/6.3.1/../../../../arm-none-eabi/lib/thumb/v7e-m/fpv4-sp/hard\libg_nano.a
LOAD c:/program files (x86)/gnu tools arm embedded/6 2017-q2-update/bin/../lib/gcc/arm-none-eabi/6.3.1/../../../../arm-none-eabi/lib/thumb/v7e-m/fpv4-sp/hard\libc_nano.a
END GROUP
START GROUP
LOAD c:/program files (x86)/gnu tools arm embedded/6 2017-q2-update/bin/../lib/gcc/arm-none-eabi/6.3.1/thumb/v7e-m/fpv4-sp/hard\libgcc.a
LOAD c:/program files (x86)/gnu tools arm embedded/6 2017-q2-update/bin/../lib/gcc/arm-none-eabi/6.3.1/../../../../arm-none-eabi/lib/thumb/v7e-m/fpv4-sp/hard\libc_nano.a
END GROUP
LOAD c:/program files (x86)/gnu tools arm embedded/6 2017-q2-update/bin/../lib/gcc/arm-none-eabi/6.3.1/thumb/v7e-m/fpv4-sp/hard/crtend.o
LOAD c:/program files (x86)/gnu tools arm embedded/6 2017-q2-update/bin/../lib/gcc/arm-none-eabi/6.3.1/thumb/v7e-m/fpv4-sp/hard/crtn.o
START GROUP
LOAD c:/program files (x86)/gnu tools arm embedded/6 2017-q2-update/bin/../lib/gcc/arm-none-eabi/6.3.1/thumb/v7e-m/fpv4-sp/hard\libgcc.a
LOAD c:/program files (x86)/gnu tools arm embedded/6 2017-q2-update/bin/../lib/gcc/arm-none-eabi/6.3.1/../../../../arm-none-eabi/lib/thumb/v7e-m/fpv4-sp/hard\libc.a
LOAD c:/program files (x86)/gnu tools arm embedded/6 2017-q2-update/bin/../lib/gcc/arm-none-eabi/6.3.1/../../../../arm-none-eabi/lib/thumb/v7e-m/fpv4-sp/hard\libnosys.a
END GROUP

.igot.plt       0x20000070        0x0 load address 0x00001c64
 .igot.plt      0x20000070        0x0 c:/program files (x86)/gnu tools arm embedded/6 2017-q2-update/bin/../lib/gcc/arm-none-eabi/6.3.1/thumb/v7e-m/fpv4-sp/hard/crtbegin.o
                0x20000070                . = ALIGN (0x4)

.mem_section_dummy_ram

.log_dynamic_data
                0x20000070        0x0
                [!provide]                PROVIDE (__start_log_dynamic_data, .)
 *(.log_dynamic_data)
                [!provide]                PROVIDE (__stop_log_dynamic_data, .)

.bss            0x20000070       0xf0 load address 0x00001c64
                0x20000070                . = ALIGN (0x4)
                0x20000070                __bss_start__ = .
 *(.bss*)
 .bss           0x20000070       0x1c c:/program files (x86)/gnu tools arm embedded/6 2017-q2-update/bin/../lib/gcc/arm-none-eabi/6.3.1/thumb/v7e-m/fpv4-sp/hard/crtbegin.o
 .bss.m_instances
                0x2000008c       0x14 _build/nrf52832_xxaa/app_pwm.c.o
 .bss.m_pwm_busy
                0x200000a0        0x5 _build/nrf52832_xxaa/app_pwm.c.o
 *fill*         0x200000a5        0x3 
 .bss.m_pwm_target_value
                0x200000a8       0x14 _build/nrf52832_xxaa/app_pwm.c.o
 .bss.m_use_ppi_delay_workaround
                0x200000bc        0x1 _build/nrf52832_xxaa/app_pwm.c.o
 *fill*         0x200000bd        0x3 
 .bss.m_in_critical_region
                0x200000c0        0x4 _build/nrf52832_xxaa/app_util_platform.c.o
 .bss.m_cb      0x200000c4       0x48 _build/nrf52832_xxaa/nrf_drv_gpiote.c.o
 .bss.m_channels_allocated
                0x2000010c        0x4 _build/nrf52832_xxaa/nrf_drv_ppi.c.o
 .bss.m_drv_state
                0x20000110        0x1 _build/nrf52832_xxaa/nrf_drv_ppi.c.o
 *fill*         0x20000111        0x3 
 .bss.m_cb      0x20000114       0x18 _build/nrf52832_xxaa/nrf_drv_timer.c.o
 .bss.ready_flag
                0x2000012c        0x1 _build/nrf52832_xxaa/main.c.o
 *(COMMON)
 *fill*         0x2000012d        0x3 
 COMMON         0x20000130        0xa _build/nrf52832_xxaa/app_pwm.c.o
                0x20000130                m_pwm_ready_counter
 *fill*         0x2000013a        0x2 
 COMMON         0x2000013c       0x24 _build/nrf52832_xxaa/main.c.o
                0x2000013c                m_pwm_PWM1_cb
                0x20000160                . = ALIGN (0x4)
                0x20000160                __bss_end__ = .

.heap           0x20000160     0x2000
                0x20000160                __HeapBase = .
                0x20000160                __end__ = .
                [!provide]                PROVIDE (end, .)
 *(.heap*)
 .heap          0x20000160     0x2000 _build/nrf52832_xxaa/gcc_startup_nrf52.S.o
                0x20002160                __HeapLimit = .

.stack_dummy    0x20000160     0x2000
 *(.stack*)
 .stack         0x20000160     0x2000 _build/nrf52832_xxaa/gcc_startup_nrf52.S.o
                0x20010000                __StackTop = (ORIGIN (RAM) + LENGTH (RAM))
                0x2000e000                __StackLimit = (__StackTop - SIZEOF (.stack_dummy))
                0x20010000                PROVIDE (__stack, __StackTop)
                0x00000001                ASSERT ((__StackLimit >= __HeapLimit), region RAM overflowed with stack)
                0x00000070                DataInitFlashUsed = (__bss_start__ - __data_start__)
                0x00001bf4                CodeFlashUsed = (__etext - ORIGIN (FLASH))
                0x00001c64                TotalFlashUsed = (CodeFlashUsed + DataInitFlashUsed)
                0x00000001                ASSERT ((TotalFlashUsed <= LENGTH (FLASH)), region FLASH overflowed with .data and user data)
OUTPUT(_build/nrf52832_xxaa.out elf32-littlearm)

.ARM.attributes
                0x00000000       0x30
 .ARM.attributes
                0x00000000       0x22 c:/program files (x86)/gnu tools arm embedded/6 2017-q2-update/bin/../lib/gcc/arm-none-eabi/6.3.1/thumb/v7e-m/fpv4-sp/hard/crti.o
 .ARM.attributes
                0x00000022       0x34 c:/program files (x86)/gnu tools arm embedded/6 2017-q2-update/bin/../lib/gcc/arm-none-eabi/6.3.1/thumb/v7e-m/fpv4-sp/hard/crtbegin.o
 .ARM.attributes
                0x00000056       0x20 c:/program files (x86)/gnu tools arm embedded/6 2017-q2-update/bin/../lib/gcc/arm-none-eabi/6.3.1/../../../../arm-none-eabi/lib/thumb/v7e-m/fpv4-sp/hard/crt0.o
 .ARM.attributes
                0x00000076       0x39 _build/nrf52832_xxaa/app_error.c.o
 .ARM.attributes
                0x000000af       0x39 _build/nrf52832_xxaa/app_error_weak.c.o
 .ARM.attributes
                0x000000e8       0x39 _build/nrf52832_xxaa/app_pwm.c.o
 .ARM.attributes
                0x00000121       0x39 _build/nrf52832_xxaa/app_util_platform.c.o
 .ARM.attributes
                0x0000015a       0x39 _build/nrf52832_xxaa/nrf_drv_common.c.o
 .ARM.attributes
                0x00000193       0x39 _build/nrf52832_xxaa/nrf_drv_gpiote.c.o
 .ARM.attributes
                0x000001cc       0x39 _build/nrf52832_xxaa/nrf_drv_ppi.c.o
 .ARM.attributes
                0x00000205       0x39 _build/nrf52832_xxaa/nrf_drv_timer.c.o
 .ARM.attributes
                0x0000023e       0x39 _build/nrf52832_xxaa/main.c.o
 .ARM.attributes
                0x00000277       0x20 _build/nrf52832_xxaa/gcc_startup_nrf52.S.o
 .ARM.attributes
                0x00000297       0x39 _build/nrf52832_xxaa/system_nrf52.c.o
 .ARM.attributes
                0x000002d0       0x34 c:/program files (x86)/gnu tools arm embedded/6 2017-q2-update/bin/../lib/gcc/arm-none-eabi/6.3.1/../../../../arm-none-eabi/lib/thumb/v7e-m/fpv4-sp/hard\libc_nano.a(lib_a-exit.o)
 .ARM.attributes
                0x00000304       0x34 c:/program files (x86)/gnu tools arm embedded/6 2017-q2-update/bin/../lib/gcc/arm-none-eabi/6.3.1/../../../../arm-none-eabi/lib/thumb/v7e-m/fpv4-sp/hard\libc_nano.a(lib_a-impure.o)
 .ARM.attributes
                0x00000338       0x34 c:/program files (x86)/gnu tools arm embedded/6 2017-q2-update/bin/../lib/gcc/arm-none-eabi/6.3.1/../../../../arm-none-eabi/lib/thumb/v7e-m/fpv4-sp/hard\libc_nano.a(lib_a-init.o)
 .ARM.attributes
                0x0000036c       0x34 c:/program files (x86)/gnu tools arm embedded/6 2017-q2-update/bin/../lib/gcc/arm-none-eabi/6.3.1/../../../../arm-none-eabi/lib/thumb/v7e-m/fpv4-sp/hard\libc_nano.a(lib_a-memset.o)
 .ARM.attributes
                0x000003a0       0x34 c:/program files (x86)/gnu tools arm embedded/6 2017-q2-update/bin/../lib/gcc/arm-none-eabi/6.3.1/../../../../arm-none-eabi/lib/thumb/v7e-m/fpv4-sp/hard\libnosys.a(_exit.o)
 .ARM.attributes
                0x000003d4       0x34 c:/program files (x86)/gnu tools arm embedded/6 2017-q2-update/bin/../lib/gcc/arm-none-eabi/6.3.1/thumb/v7e-m/fpv4-sp/hard/crtend.o
 .ARM.attributes
                0x00000408       0x22 c:/program files (x86)/gnu tools arm embedded/6 2017-q2-update/bin/../lib/gcc/arm-none-eabi/6.3.1/thumb/v7e-m/fpv4-sp/hard/crtn.o

.comment        0x00000000       0x7f
 .comment       0x00000000       0x7f _build/nrf52832_xxaa/app_error.c.o
                                 0x80 (size before relaxing)
 .comment       0x0000007f       0x80 _build/nrf52832_xxaa/app_error_weak.c.o
 .comment       0x0000007f       0x80 _build/nrf52832_xxaa/app_pwm.c.o
 .comment       0x0000007f       0x80 _build/nrf52832_xxaa/app_util_platform.c.o
 .comment       0x0000007f       0x80 _build/nrf52832_xxaa/nrf_drv_common.c.o
 .comment       0x0000007f       0x80 _build/nrf52832_xxaa/nrf_drv_gpiote.c.o
 .comment       0x0000007f       0x80 _build/nrf52832_xxaa/nrf_drv_ppi.c.o
 .comment       0x0000007f       0x80 _build/nrf52832_xxaa/nrf_drv_timer.c.o
 .comment       0x0000007f       0x80 _build/nrf52832_xxaa/main.c.o
 .comment       0x0000007f       0x80 _build/nrf52832_xxaa/system_nrf52.c.o

.debug_info     0x00000000     0xe9f4
 .debug_info    0x00000000      0xb5f _build/nrf52832_xxaa/app_error.c.o
 .debug_info    0x00000b5f      0xc0d _build/nrf52832_xxaa/app_error_weak.c.o
 .debug_info    0x0000176c     0x28ca _build/nrf52832_xxaa/app_pwm.c.o
 .debug_info    0x00004036      0xfaa _build/nrf52832_xxaa/app_util_platform.c.o
 .debug_info    0x00004fe0      0xe09 _build/nrf52832_xxaa/nrf_drv_common.c.o
 .debug_info    0x00005de9     0x302c _build/nrf52832_xxaa/nrf_drv_gpiote.c.o
 .debug_info    0x00008e15     0x1acd _build/nrf52832_xxaa/nrf_drv_ppi.c.o
 .debug_info    0x0000a8e2     0x1f3c _build/nrf52832_xxaa/nrf_drv_timer.c.o
 .debug_info    0x0000c81e     0x101a _build/nrf52832_xxaa/main.c.o
 .debug_info    0x0000d838       0xb7 _build/nrf52832_xxaa/gcc_startup_nrf52.S.o
 .debug_info    0x0000d8ef     0x1105 _build/nrf52832_xxaa/system_nrf52.c.o

.debug_abbrev   0x00000000     0x211f
 .debug_abbrev  0x00000000      0x235 _build/nrf52832_xxaa/app_error.c.o
 .debug_abbrev  0x00000235      0x21c _build/nrf52832_xxaa/app_error_weak.c.o
 .debug_abbrev  0x00000451      0x4d3 _build/nrf52832_xxaa/app_pwm.c.o
 .debug_abbrev  0x00000924      0x324 _build/nrf52832_xxaa/app_util_platform.c.o
 .debug_abbrev  0x00000c48      0x285 _build/nrf52832_xxaa/nrf_drv_common.c.o
 .debug_abbrev  0x00000ecd      0x4fe _build/nrf52832_xxaa/nrf_drv_gpiote.c.o
 .debug_abbrev  0x000013cb      0x3f1 _build/nrf52832_xxaa/nrf_drv_ppi.c.o
 .debug_abbrev  0x000017bc      0x447 _build/nrf52832_xxaa/nrf_drv_timer.c.o
 .debug_abbrev  0x00001c03      0x326 _build/nrf52832_xxaa/main.c.o
 .debug_abbrev  0x00001f29       0x14 _build/nrf52832_xxaa/gcc_startup_nrf52.S.o
 .debug_abbrev  0x00001f3d      0x1e2 _build/nrf52832_xxaa/system_nrf52.c.o

.debug_loc      0x00000000     0x4da1
 .debug_loc     0x00000000      0x145 _build/nrf52832_xxaa/app_error.c.o
 .debug_loc     0x00000145       0x42 _build/nrf52832_xxaa/app_error_weak.c.o
 .debug_loc     0x00000187     0x185d _build/nrf52832_xxaa/app_pwm.c.o
 .debug_loc     0x000019e4       0xae _build/nrf52832_xxaa/app_util_platform.c.o
 .debug_loc     0x00001a92       0xd6 _build/nrf52832_xxaa/nrf_drv_common.c.o
 .debug_loc     0x00001b68     0x1d40 _build/nrf52832_xxaa/nrf_drv_gpiote.c.o
 .debug_loc     0x000038a8      0x8be _build/nrf52832_xxaa/nrf_drv_ppi.c.o
 .debug_loc     0x00004166      0xb7e _build/nrf52832_xxaa/nrf_drv_timer.c.o
 .debug_loc     0x00004ce4       0xbd _build/nrf52832_xxaa/main.c.o

.debug_aranges  0x00000000      0x388
 .debug_aranges
                0x00000000       0x30 _build/nrf52832_xxaa/app_error.c.o
 .debug_aranges
                0x00000030       0x20 _build/nrf52832_xxaa/app_error_weak.c.o
 .debug_aranges
                0x00000050       0x70 _build/nrf52832_xxaa/app_pwm.c.o
 .debug_aranges
                0x000000c0       0x48 _build/nrf52832_xxaa/app_util_platform.c.o
 .debug_aranges
                0x00000108       0x20 _build/nrf52832_xxaa/nrf_drv_common.c.o
 .debug_aranges
                0x00000128       0xd8 _build/nrf52832_xxaa/nrf_drv_gpiote.c.o
 .debug_aranges
                0x00000200       0x88 _build/nrf52832_xxaa/nrf_drv_ppi.c.o
 .debug_aranges
                0x00000288       0x90 _build/nrf52832_xxaa/nrf_drv_timer.c.o
 .debug_aranges
                0x00000318       0x28 _build/nrf52832_xxaa/main.c.o
 .debug_aranges
                0x00000340       0x20 _build/nrf52832_xxaa/gcc_startup_nrf52.S.o
 .debug_aranges
                0x00000360       0x28 _build/nrf52832_xxaa/system_nrf52.c.o

.debug_ranges   0x00000000     0x15d8
 .debug_ranges  0x00000000       0x20 _build/nrf52832_xxaa/app_error.c.o
 .debug_ranges  0x00000020       0x10 _build/nrf52832_xxaa/app_error_weak.c.o
 .debug_ranges  0x00000030      0x520 _build/nrf52832_xxaa/app_pwm.c.o
 .debug_ranges  0x00000550       0x50 _build/nrf52832_xxaa/app_util_platform.c.o
 .debug_ranges  0x000005a0       0x30 _build/nrf52832_xxaa/nrf_drv_common.c.o
 .debug_ranges  0x000005d0      0x8a8 _build/nrf52832_xxaa/nrf_drv_gpiote.c.o
 .debug_ranges  0x00000e78      0x288 _build/nrf52832_xxaa/nrf_drv_ppi.c.o
 .debug_ranges  0x00001100      0x328 _build/nrf52832_xxaa/nrf_drv_timer.c.o
 .debug_ranges  0x00001428       0x68 _build/nrf52832_xxaa/main.c.o
 .debug_ranges  0x00001490      0x148 _build/nrf52832_xxaa/system_nrf52.c.o

.debug_macro    0x00000000     0x2392
 .debug_macro   0x00000000      0x229 _build/nrf52832_xxaa/app_error.c.o
 .debug_macro   0x00000229      0x338 _build/nrf52832_xxaa/app_error_weak.c.o
 .debug_macro   0x00000561       0x16 _build/nrf52832_xxaa/app_error_weak.c.o
 .debug_macro   0x00000577       0x31 _build/nrf52832_xxaa/app_error_weak.c.o
 .debug_macro   0x000005a8       0x10 _build/nrf52832_xxaa/app_error_weak.c.o
 .debug_macro   0x000005b8      0x151 _build/nrf52832_xxaa/app_error_weak.c.o
 .debug_macro   0x00000709       0x68 _build/nrf52832_xxaa/app_error_weak.c.o
 .debug_macro   0x00000771       0x28 _build/nrf52832_xxaa/app_error_weak.c.o
 .debug_macro   0x00000799       0x16 _build/nrf52832_xxaa/app_error_weak.c.o
 .debug_macro   0x000007af       0x7e _build/nrf52832_xxaa/app_error_weak.c.o
 .debug_macro   0x0000082d       0x8c _build/nrf52832_xxaa/app_error_weak.c.o
 .debug_macro   0x000008b9       0x10 _build/nrf52832_xxaa/app_error_weak.c.o
 .debug_macro   0x000008c9       0x1c _build/nrf52832_xxaa/app_error_weak.c.o
 .debug_macro   0x000008e5      0x3c4 _build/nrf52832_xxaa/app_pwm.c.o
 .debug_macro   0x00000ca9       0x1c _build/nrf52832_xxaa/app_pwm.c.o
 .debug_macro   0x00000cc5       0x1c _build/nrf52832_xxaa/app_pwm.c.o
 .debug_macro   0x00000ce1       0x34 _build/nrf52832_xxaa/app_pwm.c.o
 .debug_macro   0x00000d15       0x28 _build/nrf52832_xxaa/app_pwm.c.o
 .debug_macro   0x00000d3d       0x64 _build/nrf52832_xxaa/app_pwm.c.o
 .debug_macro   0x00000da1       0x16 _build/nrf52832_xxaa/app_pwm.c.o
 .debug_macro   0x00000db7       0x28 _build/nrf52832_xxaa/app_pwm.c.o
 .debug_macro   0x00000ddf       0x1f _build/nrf52832_xxaa/app_pwm.c.o
 .debug_macro   0x00000dfe       0x30 _build/nrf52832_xxaa/app_pwm.c.o
 .debug_macro   0x00000e2e      0x245 _build/nrf52832_xxaa/app_util_platform.c.o
 .debug_macro   0x00001073      0x2b9 _build/nrf52832_xxaa/nrf_drv_common.c.o
 .debug_macro   0x0000132c       0x22 _build/nrf52832_xxaa/nrf_drv_common.c.o
 .debug_macro   0x0000134e      0x397 _build/nrf52832_xxaa/nrf_drv_gpiote.c.o
 .debug_macro   0x000016e5       0x16 _build/nrf52832_xxaa/nrf_drv_gpiote.c.o
 .debug_macro   0x000016fb      0x14b _build/nrf52832_xxaa/nrf_drv_gpiote.c.o
 .debug_macro   0x00001846      0x353 _build/nrf52832_xxaa/nrf_drv_ppi.c.o
 .debug_macro   0x00001b99      0x326 _build/nrf52832_xxaa/nrf_drv_timer.c.o
 .debug_macro   0x00001ebf       0x37 _build/nrf52832_xxaa/nrf_drv_timer.c.o
 .debug_macro   0x00001ef6      0x375 _build/nrf52832_xxaa/main.c.o
 .debug_macro   0x0000226b       0x1c _build/nrf52832_xxaa/main.c.o
 .debug_macro   0x00002287       0x16 _build/nrf52832_xxaa/main.c.o
 .debug_macro   0x0000229d       0xf5 _build/nrf52832_xxaa/system_nrf52.c.o

.debug_line     0x00000000     0x594e
 .debug_line    0x00000000      0x55a _build/nrf52832_xxaa/app_error.c.o
 .debug_line    0x0000055a      0x7b7 _build/nrf52832_xxaa/app_error_weak.c.o
 .debug_line    0x00000d11      0xbfa _build/nrf52832_xxaa/app_pwm.c.o
 .debug_line    0x0000190b      0x5d3 _build/nrf52832_xxaa/app_util_platform.c.o
 .debug_line    0x00001ede      0x643 _build/nrf52832_xxaa/nrf_drv_common.c.o
 .debug_line    0x00002521      0xf8d _build/nrf52832_xxaa/nrf_drv_gpiote.c.o
 .debug_line    0x000034ae      0xae9 _build/nrf52832_xxaa/nrf_drv_ppi.c.o
 .debug_line    0x00003f97      0xc53 _build/nrf52832_xxaa/nrf_drv_timer.c.o
 .debug_line    0x00004bea      0x826 _build/nrf52832_xxaa/main.c.o
 .debug_line    0x00005410       0x8e _build/nrf52832_xxaa/gcc_startup_nrf52.S.o
 .debug_line    0x0000549e      0x4b0 _build/nrf52832_xxaa/system_nrf52.c.o

.debug_str      0x00000000    0x6e362
 .debug_str     0x00000000    0x607d7 _build/nrf52832_xxaa/app_error.c.o
                              0x613fc (size before relaxing)
 .debug_str     0x000607d7     0x7388 _build/nrf52832_xxaa/app_error_weak.c.o
                              0x68697 (size before relaxing)
 .debug_str     0x00067b5f     0x32bf _build/nrf52832_xxaa/app_pwm.c.o
                              0x68f54 (size before relaxing)
 .debug_str     0x0006ae1e      0x35b _build/nrf52832_xxaa/app_util_platform.c.o
                              0x61b0e (size before relaxing)
 .debug_str     0x0006b179       0x90 _build/nrf52832_xxaa/nrf_drv_common.c.o
                              0x669ed (size before relaxing)
 .debug_str     0x0006b209     0x104e _build/nrf52832_xxaa/nrf_drv_gpiote.c.o
                              0x69f08 (size before relaxing)
 .debug_str     0x0006c257      0x4dd _build/nrf52832_xxaa/nrf_drv_ppi.c.o
                              0x68d7d (size before relaxing)
 .debug_str     0x0006c734      0x520 _build/nrf52832_xxaa/nrf_drv_timer.c.o
                              0x6986c (size before relaxing)
 .debug_str     0x0006cc54     0x129e _build/nrf52832_xxaa/main.c.o
                              0x68a2e (size before relaxing)
 .debug_str     0x0006def2      0x470 _build/nrf52832_xxaa/system_nrf52.c.o
                              0x5bbf2 (size before relaxing)

.debug_frame    0x00000000      0x94c
 .debug_frame   0x00000000       0x70 _build/nrf52832_xxaa/app_error.c.o
 .debug_frame   0x00000070       0x20 _build/nrf52832_xxaa/app_error_weak.c.o
 .debug_frame   0x00000090      0x188 _build/nrf52832_xxaa/app_pwm.c.o
 .debug_frame   0x00000218       0x70 _build/nrf52832_xxaa/app_util_platform.c.o
 .debug_frame   0x00000288       0x2c _build/nrf52832_xxaa/nrf_drv_common.c.o
 .debug_frame   0x000002b4      0x26c _build/nrf52832_xxaa/nrf_drv_gpiote.c.o
 .debug_frame   0x00000520      0x174 _build/nrf52832_xxaa/nrf_drv_ppi.c.o
 .debug_frame   0x00000694      0x194 _build/nrf52832_xxaa/nrf_drv_timer.c.o
 .debug_frame   0x00000828       0x48 _build/nrf52832_xxaa/main.c.o
 .debug_frame   0x00000870       0x48 _build/nrf52832_xxaa/system_nrf52.c.o
 .debug_frame   0x000008b8       0x28 c:/program files (x86)/gnu tools arm embedded/6 2017-q2-update/bin/../lib/gcc/arm-none-eabi/6.3.1/../../../../arm-none-eabi/lib/thumb/v7e-m/fpv4-sp/hard\libc_nano.a(lib_a-exit.o)
 .debug_frame   0x000008e0       0x2c c:/program files (x86)/gnu tools arm embedded/6 2017-q2-update/bin/../lib/gcc/arm-none-eabi/6.3.1/../../../../arm-none-eabi/lib/thumb/v7e-m/fpv4-sp/hard\libc_nano.a(lib_a-init.o)
 .debug_frame   0x0000090c       0x20 c:/program files (x86)/gnu tools arm embedded/6 2017-q2-update/bin/../lib/gcc/arm-none-eabi/6.3.1/../../../../arm-none-eabi/lib/thumb/v7e-m/fpv4-sp/hard\libc_nano.a(lib_a-memset.o)
 .debug_frame   0x0000092c       0x20 c:/program files (x86)/gnu tools arm embedded/6 2017-q2-update/bin/../lib/gcc/arm-none-eabi/6.3.1/../../../../arm-none-eabi/lib/thumb/v7e-m/fpv4-sp/hard\libnosys.a(_exit.o)
